 Entering Gaussian System, Link 0=g09
 Input=ATZ.gjf
 Output=ATZ.log
 Initial command:
 /home/pvbharatam/guass/g09/l1.exe /home/pvbharatam/GAUSS_SCRDIR/Gau-26923.inp -scrdir=/home/pvbharatam/GAUSS_SCRDIR/
 Entering Link 1 = /home/pvbharatam/guass/g09/l1.exe PID=     26924.
  
 Copyright (c) 1988,1990,1992,1993,1995,1998,2003,2009,2010,
            Gaussian, Inc.  All Rights Reserved.
  
 This is part of the Gaussian(R) 09 program.  It is based on
 the Gaussian(R) 03 system (copyright 2003, Gaussian, Inc.),
 the Gaussian(R) 98 system (copyright 1998, Gaussian, Inc.),
 the Gaussian(R) 94 system (copyright 1995, Gaussian, Inc.),
 the Gaussian 92(TM) system (copyright 1992, Gaussian, Inc.),
 the Gaussian 90(TM) system (copyright 1990, Gaussian, Inc.),
 the Gaussian 88(TM) system (copyright 1988, Gaussian, Inc.),
 the Gaussian 86(TM) system (copyright 1986, Carnegie Mellon
 University), and the Gaussian 82(TM) system (copyright 1983,
 Carnegie Mellon University). Gaussian is a federally registered
 trademark of Gaussian, Inc.
  
 This software contains proprietary and confidential information,
 including trade secrets, belonging to Gaussian, Inc.
  
 This software is provided under written license and may be
 used, copied, transmitted, or stored only in accord with that
 written license.
  
 The following legend is applicable only to US Government
 contracts under FAR:
  
                    RESTRICTED RIGHTS LEGEND
  
 Use, reproduction and disclosure by the US Government is
 subject to restrictions as set forth in subparagraphs (a)
 and (c) of the Commercial Computer Software - Restricted
 Rights clause in FAR 52.227-19.
  
 Gaussian, Inc.
 340 Quinnipiac St., Bldg. 40, Wallingford CT 06492
  
  
 ---------------------------------------------------------------
 Warning -- This program may not be used in any manner that
 competes with the business of Gaussian, Inc. or will provide
 assistance to any competitor of Gaussian, Inc.  The licensee
 of this program is prohibited from giving any competitor of
 Gaussian, Inc. access to this program.  By using this program,
 the user acknowledges that Gaussian, Inc. is engaged in the
 business of creating and licensing software in the field of
 computational chemistry and represents and warrants to the
 licensee that it is not a competitor of Gaussian, Inc. and that
 it will not use this program in any manner prohibited above.
 ---------------------------------------------------------------
  

 Cite this work as:
 Gaussian 09, Revision B.01,
 M. J. Frisch, G. W. Trucks, H. B. Schlegel, G. E. Scuseria, 
 M. A. Robb, J. R. Cheeseman, G. Scalmani, V. Barone, B. Mennucci, 
 G. A. Petersson, H. Nakatsuji, M. Caricato, X. Li, H. P. Hratchian, 
 A. F. Izmaylov, J. Bloino, G. Zheng, J. L. Sonnenberg, M. Hada, 
 M. Ehara, K. Toyota, R. Fukuda, J. Hasegawa, M. Ishida, T. Nakajima, 
 Y. Honda, O. Kitao, H. Nakai, T. Vreven, J. A. Montgomery, Jr., 
 J. E. Peralta, F. Ogliaro, M. Bearpark, J. J. Heyd, E. Brothers, 
 K. N. Kudin, V. N. Staroverov, T. Keith, R. Kobayashi, J. Normand, 
 K. Raghavachari, A. Rendell, J. C. Burant, S. S. Iyengar, J. Tomasi, 
 M. Cossi, N. Rega, J. M. Millam, M. Klene, J. E. Knox, J. B. Cross, 
 V. Bakken, C. Adamo, J. Jaramillo, R. Gomperts, R. E. Stratmann, 
 O. Yazyev, A. J. Austin, R. Cammi, C. Pomelli, J. W. Ochterski, 
 R. L. Martin, K. Morokuma, V. G. Zakrzewski, G. A. Voth, 
 P. Salvador, J. J. Dannenberg, S. Dapprich, A. D. Daniels, 
 O. Farkas, J. B. Foresman, J. V. Ortiz, J. Cioslowski, 
 and D. J. Fox, Gaussian, Inc., Wallingford CT, 2010.
 
 ******************************************
 Gaussian 09:  EM64L-G09RevB.01 12-Aug-2010
                14-Mar-2001 
 ******************************************
 %nprocshared=8
 Will use up to    8 processors via shared memory.
 %mem=8GB
 %chk=ATZ.chk
 ------------------------------------------
 # opt freq=noraman b3lyp/6-31+g(d) pop=nbo
 ------------------------------------------
 1/14=-1,18=20,19=15,26=3,38=1/1,3;
 2/9=110,12=2,17=6,18=5,40=1/2;
 3/5=1,6=6,7=11,11=2,16=1,25=1,30=1,71=1,74=-5/1,2,3;
 4//1;
 5/5=2,38=5/2;
 6/7=2,8=2,9=2,10=2,28=1/1,7;
 7//1,2,3,16;
 1/14=-1,18=20,19=15/3(2);
 2/9=110/2;
 99//99;
 2/9=110/2;
 3/5=1,6=6,7=11,11=2,16=1,25=1,30=1,71=1,74=-5/1,2,3;
 4/5=5,16=3/1;
 5/5=2,38=5/2;
 7//1,2,3,16;
 1/14=-1,18=20,19=15/3(-5);
 2/9=110/2;
 6/7=2,8=2,9=2,10=2,19=2,28=1/1,7;
 99/9=1/99;
 ---
 ATZ
 ---
 Symbolic Z-matrix:
 Charge =  0 Multiplicity = 1
 C                     0.77966   0.21157   0.00171 
 C                    -1.21145   1.16451   0.00361 
 C                    -1.64792  -0.1251    0.00853 
 S                    -0.27291  -1.20887  -0.0071 
 H                    -1.85828   2.03467   0.00913 
 H                    -2.66018  -0.50449   0.02573 
 N                     0.15632   1.35629   0.00353 
 N                     2.15185   0.08382  -0.07549 
 H                     2.64227   0.94891   0.12455 
 H                     2.56377  -0.72387   0.37489 
 

 GradGradGradGradGradGradGradGradGradGradGradGradGradGradGradGradGradGrad
 Berny optimization.
 Initialization pass.
                           ----------------------------
                           !    Initial Parameters    !
                           ! (Angstroms and Degrees)  !
 --------------------------                            --------------------------
 ! Name  Definition              Value          Derivative Info.                !
 --------------------------------------------------------------------------------
 ! R1    R(1,4)                  1.7679         estimate D2E/DX2                !
 ! R2    R(1,7)                  1.3034         estimate D2E/DX2                !
 ! R3    R(1,8)                  1.3803         estimate D2E/DX2                !
 ! R4    R(2,3)                  1.3615         estimate D2E/DX2                !
 ! R5    R(2,5)                  1.0843         estimate D2E/DX2                !
 ! R6    R(2,7)                  1.3811         estimate D2E/DX2                !
 ! R7    R(3,4)                  1.7508         estimate D2E/DX2                !
 ! R8    R(3,6)                  1.0812         estimate D2E/DX2                !
 ! R9    R(8,9)                  1.0144         estimate D2E/DX2                !
 ! R10   R(8,10)                 1.0124         estimate D2E/DX2                !
 ! A1    A(4,1,7)              114.891          estimate D2E/DX2                !
 ! A2    A(4,1,8)              121.1469         estimate D2E/DX2                !
 ! A3    A(7,1,8)              123.8338         estimate D2E/DX2                !
 ! A4    A(3,2,5)              124.6743         estimate D2E/DX2                !
 ! A5    A(3,2,7)              116.6801         estimate D2E/DX2                !
 ! A6    A(5,2,7)              118.643          estimate D2E/DX2                !
 ! A7    A(2,3,4)              109.5434         estimate D2E/DX2                !
 ! A8    A(2,3,6)              129.2424         estimate D2E/DX2                !
 ! A9    A(4,3,6)              121.2131         estimate D2E/DX2                !
 ! A10   A(1,4,3)               88.2919         estimate D2E/DX2                !
 ! A11   A(1,7,2)              110.5881         estimate D2E/DX2                !
 ! A12   A(1,8,9)              112.9965         estimate D2E/DX2                !
 ! A13   A(1,8,10)             116.9656         estimate D2E/DX2                !
 ! A14   A(9,8,10)             113.3265         estimate D2E/DX2                !
 ! D1    D(7,1,4,3)             -0.5476         estimate D2E/DX2                !
 ! D2    D(8,1,4,3)           -176.583          estimate D2E/DX2                !
 ! D3    D(4,1,7,2)              0.2513         estimate D2E/DX2                !
 ! D4    D(8,1,7,2)            176.1662         estimate D2E/DX2                !
 ! D5    D(4,1,8,9)           -168.4853         estimate D2E/DX2                !
 ! D6    D(4,1,8,10)           -34.1744         estimate D2E/DX2                !
 ! D7    D(7,1,8,9)             15.845          estimate D2E/DX2                !
 ! D8    D(7,1,8,10)           150.1558         estimate D2E/DX2                !
 ! D9    D(5,2,3,4)            179.8814         estimate D2E/DX2                !
 ! D10   D(5,2,3,6)             -0.5106         estimate D2E/DX2                !
 ! D11   D(7,2,3,4)             -0.7166         estimate D2E/DX2                !
 ! D12   D(7,2,3,6)            178.8913         estimate D2E/DX2                !
 ! D13   D(3,2,7,1)              0.3142         estimate D2E/DX2                !
 ! D14   D(5,2,7,1)            179.7538         estimate D2E/DX2                !
 ! D15   D(2,3,4,1)              0.6718         estimate D2E/DX2                !
 ! D16   D(6,3,4,1)           -178.9732         estimate D2E/DX2                !
 --------------------------------------------------------------------------------
 Trust Radius=3.00D-01 FncErr=1.00D-07 GrdErr=1.00D-06
 Number of steps in this run=     50 maximum allowed number of steps=    100.
 GradGradGradGradGradGradGradGradGradGradGradGradGradGradGradGradGradGrad

                          Input orientation:                          
 ---------------------------------------------------------------------
 Center     Atomic      Atomic             Coordinates (Angstroms)
 Number     Number       Type             X           Y           Z
 ---------------------------------------------------------------------
      1          6           0        0.779662    0.211569    0.001711
      2          6           0       -1.211446    1.164509    0.003609
      3          6           0       -1.647918   -0.125100    0.008528
      4         16           0       -0.272912   -1.208867   -0.007103
      5          1           0       -1.858278    2.034672    0.009126
      6          1           0       -2.660178   -0.504491    0.025734
      7          7           0        0.156322    1.356291    0.003530
      8          7           0        2.151852    0.083819   -0.075493
      9          1           0        2.642267    0.948911    0.124554
     10          1           0        2.563765   -0.723869    0.374888
 ---------------------------------------------------------------------
                    Distance matrix (angstroms):
                    1          2          3          4          5
     1  C    0.000000
     2  C    2.207399   0.000000
     3  C    2.450824   1.361478   0.000000
     4  S    1.767945   2.552229   1.750839   0.000000
     5  H    3.206632   1.084254   2.169992   3.610290   0.000000
     6  H    3.513662   2.210175   1.081159   2.489229   2.662831
     7  N    1.303436   1.381148   2.334486   2.600844   2.125758
     8  N    1.380285   3.533542   3.806436   2.748671   4.460284
     9  H    2.007003   3.861634   4.424099   3.629271   4.631102
    10  H    2.048738   4.237457   4.269780   2.903081   5.224729
                    6          7          8          9         10
     6  H    0.000000
     7  N    3.375748   0.000000
     8  N    4.848916   2.368031   0.000000
     9  H    5.498915   2.522009   1.014352   0.000000
    10  H    5.240192   3.203241   1.012361   1.693228   0.000000
 Stoichiometry    C3H4N2S
 Framework group  C1[X(C3H4N2S)]
 Deg. of freedom    24
 Full point group                 C1      NOp   1
 Largest Abelian subgroup         C1      NOp   1
 Largest concise Abelian subgroup C1      NOp   1
                         Standard orientation:                         
 ---------------------------------------------------------------------
 Center     Atomic      Atomic             Coordinates (Angstroms)
 Number     Number       Type             X           Y           Z
 ---------------------------------------------------------------------
      1          6           0        0.779662    0.211569    0.001711
      2          6           0       -1.211445    1.164510    0.003609
      3          6           0       -1.647918   -0.125099    0.008528
      4         16           0       -0.272912   -1.208867   -0.007103
      5          1           0       -1.858277    2.034673    0.009126
      6          1           0       -2.660178   -0.504490    0.025734
      7          7           0        0.156323    1.356291    0.003530
      8          7           0        2.151852    0.083818   -0.075493
      9          1           0        2.642268    0.948910    0.124554
     10          1           0        2.563765   -0.723870    0.374888
 ---------------------------------------------------------------------
 Rotational constants (GHZ):      5.2872416      3.3777425      2.0648869
 Standard basis: 6-31+G(d) (6D, 7F)
 There are   126 symmetry adapted basis functions of A   symmetry.
 Integral buffers will be    131072 words long.
 Raffenetti 2 integral format.
 Two-electron integral symmetry is turned on.
   126 basis functions,   232 primitive gaussians,   126 cartesian basis functions
    26 alpha electrons       26 beta electrons
       nuclear repulsion energy       277.3584096358 Hartrees.
 NAtoms=   10 NActive=   10 NUniq=   10 SFac= 1.00D+00 NAtFMM=   50 NAOKFM=F Big=F
 One-electron integrals computed using PRISM.
 NBasis=   126 RedAO= T  NBF=   126
 NBsUse=   126 1.00D-06 NBFU=   126
 Harris functional with IExCor=  402 diagonalized for initial guess.
 ExpMin= 4.05D-02 ExpMax= 2.19D+04 ExpMxC= 3.30D+03 IAcc=2 IRadAn=         0 AccDes= 0.00D+00
 HarFok:  IExCor=  402 AccDes= 0.00D+00 IRadAn=         0 IDoV= 1
 ScaDFX=  1.000000  1.000000  1.000000  1.000000
 FoFCou: FMM=F IPFlag=           0 FMFlag=      100000 FMFlg1=           0
         NFxFlg=           0 DoJE=T BraDBF=F KetDBF=T FulRan=T
         Omega=  0.000000  0.000000  1.000000  0.000000  0.000000 ICntrl=     500 IOpCl=  0
         NMat0=    1 NMatS0=    1 NMatT0=    0 NMatD0=    1 NMtDS0=    0 NMtDT0=    0
         I1Cent=           4 NGrid=           0.
 Petite list used in FoFCou.
 Initial guess orbital symmetries:
       Occupied  (A) (A) (A) (A) (A) (A) (A) (A) (A) (A) (A) (A)
                 (A) (A) (A) (A) (A) (A) (A) (A) (A) (A) (A) (A)
                 (A) (A)
       Virtual   (A) (A) (A) (A) (A) (A) (A) (A) (A) (A) (A) (A)
                 (A) (A) (A) (A) (A) (A) (A) (A) (A) (A) (A) (A)
                 (A) (A) (A) (A) (A) (A) (A) (A) (A) (A) (A) (A)
                 (A) (A) (A) (A) (A) (A) (A) (A) (A) (A) (A) (A)
                 (A) (A) (A) (A) (A) (A) (A) (A) (A) (A) (A) (A)
                 (A) (A) (A) (A) (A) (A) (A) (A) (A) (A) (A) (A)
                 (A) (A) (A) (A) (A) (A) (A) (A) (A) (A) (A) (A)
                 (A) (A) (A) (A) (A) (A) (A) (A) (A) (A) (A) (A)
                 (A) (A) (A) (A)
 The electronic state of the initial guess is 1-A.
 Requested convergence on RMS density matrix=1.00D-08 within 128 cycles.
 Requested convergence on MAX density matrix=1.00D-06.
 Requested convergence on             energy=1.00D-06.
 No special actions if energy rises.
 Keep R1 ints in memory in canonical form, NReq=33189382.
 SCF Done:  E(RB3LYP) =  -624.418751512     A.U. after   13 cycles
             Convg  =    0.5894D-08             -V/T =  2.0057

 **********************************************************************

            Population analysis using the SCF density.

 **********************************************************************

 Orbital symmetries:
       Occupied  (A) (A) (A) (A) (A) (A) (A) (A) (A) (A) (A) (A)
                 (A) (A) (A) (A) (A) (A) (A) (A) (A) (A) (A) (A)
                 (A) (A)
       Virtual   (A) (A) (A) (A) (A) (A) (A) (A) (A) (A) (A) (A)
                 (A) (A) (A) (A) (A) (A) (A) (A) (A) (A) (A) (A)
                 (A) (A) (A) (A) (A) (A) (A) (A) (A) (A) (A) (A)
                 (A) (A) (A) (A) (A) (A) (A) (A) (A) (A) (A) (A)
                 (A) (A) (A) (A) (A) (A) (A) (A) (A) (A) (A) (A)
                 (A) (A) (A) (A) (A) (A) (A) (A) (A) (A) (A) (A)
                 (A) (A) (A) (A) (A) (A) (A) (A) (A) (A) (A) (A)
                 (A) (A) (A) (A) (A) (A) (A) (A) (A) (A) (A) (A)
                 (A) (A) (A) (A)
 The electronic state is 1-A.
 Alpha  occ. eigenvalues --  -88.91921 -14.37388 -14.33382 -10.29390 -10.22413
 Alpha  occ. eigenvalues --  -10.21893  -7.97982  -5.94402  -5.94060  -5.93636
 Alpha  occ. eigenvalues --   -0.98593  -0.91277  -0.80029  -0.72952  -0.60571
 Alpha  occ. eigenvalues --   -0.58551  -0.52848  -0.50713  -0.45673  -0.42512
 Alpha  occ. eigenvalues --   -0.41342  -0.36848  -0.33053  -0.28384  -0.28328
 Alpha  occ. eigenvalues --   -0.22132
 Alpha virt. eigenvalues --   -0.02035  -0.01134  -0.00031   0.02103   0.03500
 Alpha virt. eigenvalues --    0.04401   0.04663   0.05671   0.06002   0.07414
 Alpha virt. eigenvalues --    0.09057   0.09198   0.09335   0.10244   0.12222
 Alpha virt. eigenvalues --    0.13662   0.13853   0.14522   0.15784   0.16645
 Alpha virt. eigenvalues --    0.17131   0.18740   0.19765   0.20423   0.20768
 Alpha virt. eigenvalues --    0.21819   0.24451   0.25854   0.27491   0.29631
 Alpha virt. eigenvalues --    0.30788   0.31321   0.31776   0.33506   0.39000
 Alpha virt. eigenvalues --    0.47796   0.48564   0.50166   0.51440   0.55196
 Alpha virt. eigenvalues --    0.60501   0.61547   0.65135   0.68302   0.71591
 Alpha virt. eigenvalues --    0.81742   0.82626   0.83175   0.83557   0.88170
 Alpha virt. eigenvalues --    0.90219   0.92188   0.92294   0.93739   0.96659
 Alpha virt. eigenvalues --    0.99582   1.00969   1.02369   1.04647   1.07417
 Alpha virt. eigenvalues --    1.07981   1.08959   1.13301   1.17429   1.20540
 Alpha virt. eigenvalues --    1.22600   1.32871   1.37062   1.41474   1.46718
 Alpha virt. eigenvalues --    1.53670   1.55424   1.63930   1.76077   1.79489
 Alpha virt. eigenvalues --    1.82942   1.86752   1.98829   2.05756   2.07329
 Alpha virt. eigenvalues --    2.19685   2.23123   2.25431   2.30885   2.31615
 Alpha virt. eigenvalues --    2.41011   2.46365   2.51652   2.57067   2.66240
 Alpha virt. eigenvalues --    2.72451   2.83356   2.98369   3.07871   3.93645
 Alpha virt. eigenvalues --    3.97331   4.16672   4.22635   4.38759   4.41559
          Condensed to atoms (all electrons):
              1          2          3          4          5          6
     1  C    5.832369   0.168590  -0.287378  -0.117878   0.037953   0.007177
     2  C    0.168590   5.124856   0.433098  -0.184207   0.411278  -0.005311
     3  C   -0.287378   0.433098   5.613534   0.265190  -0.086251   0.327207
     4  S   -0.117878  -0.184207   0.265190  15.915446  -0.007323  -0.020431
     5  H    0.037953   0.411278  -0.086251  -0.007323   0.530519  -0.001296
     6  H    0.007177  -0.005311   0.327207  -0.020431  -0.001296   0.466057
     7  N    0.186043   0.213829   0.040708   0.020620  -0.072626   0.008720
     8  N    0.196951   0.050084  -0.032999  -0.150609  -0.000608   0.000108
     9  H   -0.015800  -0.000672  -0.001628   0.015029  -0.000011   0.000002
    10  H   -0.002312   0.001694   0.003953  -0.007973   0.000002  -0.000002
              7          8          9         10
     1  C    0.186043   0.196951  -0.015800  -0.002312
     2  C    0.213829   0.050084  -0.000672   0.001694
     3  C    0.040708  -0.032999  -0.001628   0.003953
     4  S    0.020620  -0.150609   0.015029  -0.007973
     5  H   -0.072626  -0.000608  -0.000011   0.000002
     6  H    0.008720   0.000108   0.000002  -0.000002
     7  N    7.101031  -0.258346   0.001878   0.015386
     8  N   -0.258346   7.324358   0.292614   0.279578
     9  H    0.001878   0.292614   0.336046  -0.026371
    10  H    0.015386   0.279578  -0.026371   0.360466
 Mulliken atomic charges:
              1
     1  C   -0.005716
     2  C   -0.213241
     3  C   -0.275434
     4  S    0.272137
     5  H    0.188365
     6  H    0.217770
     7  N   -0.257243
     8  N   -0.701131
     9  H    0.398913
    10  H    0.375580
 Sum of Mulliken atomic charges =   0.00000
 Mulliken charges with hydrogens summed into heavy atoms:
              1
     1  C   -0.005716
     2  C   -0.024876
     3  C   -0.057664
     4  S    0.272137
     7  N   -0.257243
     8  N    0.073362
 Sum of Mulliken charges with hydrogens summed into heavy atoms =   0.00000
 Electronic spatial extent (au):  <R**2>=            581.5919
 Charge=              0.0000 electrons
 Dipole moment (field-independent basis, Debye):
    X=              0.7525    Y=             -1.1893    Z=              1.0016  Tot=              1.7274
 Quadrupole moment (field-independent basis, Debye-Ang):
   XX=            -32.1629   YY=            -43.9903   ZZ=            -46.0015
   XY=             -1.2399   XZ=              2.9656   YZ=             -0.3851
 Traceless Quadrupole moment (field-independent basis, Debye-Ang):
   XX=              8.5553   YY=             -3.2720   ZZ=             -5.2833
   XY=             -1.2399   XZ=              2.9656   YZ=             -0.3851
 Octapole moment (field-independent basis, Debye-Ang**2):
  XXX=             15.9166  YYY=             -5.1929  ZZZ=              0.6413  XYY=              0.1068
  XXY=              0.9104  XXZ=              8.4822  XZZ=              2.5258  YZZ=             -0.7287
  YYZ=              0.4920  XYZ=             -0.9843
 Hexadecapole moment (field-independent basis, Debye-Ang**3):
 XXXX=           -367.3725 YYYY=           -305.5720 ZZZZ=            -58.0219 XXXY=             10.3624
 XXXZ=             23.0479 YYYX=            -10.9678 YYYZ=             -0.2329 ZZZX=              2.8344
 ZZZY=             -0.3705 XXYY=            -99.7599 XXZZ=            -96.4610 YYZZ=            -62.7756
 XXYZ=             -2.5405 YYXZ=              1.9808 ZZXY=              0.3012
 N-N= 2.773584096358D+02 E-N=-2.026184501489D+03  KE= 6.208985829163D+02
 ******************************Gaussian NBO Version 3.1******************************
             N A T U R A L   A T O M I C   O R B I T A L   A N D
          N A T U R A L   B O N D   O R B I T A L   A N A L Y S I S
 ******************************Gaussian NBO Version 3.1******************************
       /RESON  / : Allow strongly delocalized NBO set

 Analyzing the SCF density

 Job title: ATZ                                                             

 Storage needed:     48294 in NPA,     64005 in NBO (1073741244 available)


 NATURAL POPULATIONS:  Natural atomic orbital occupancies 
                                                          
   NAO  Atom  No  lang   Type(AO)    Occupancy      Energy
 ----------------------------------------------------------
     1    C    1  S      Cor( 1S)     1.99931     -10.17379
     2    C    1  S      Val( 2S)     0.88929      -0.23742
     3    C    1  S      Ryd( 4S)     0.00552       0.97384
     4    C    1  S      Ryd( 3S)     0.00034       0.86609
     5    C    1  S      Ryd( 5S)     0.00016       3.58485
     6    C    1  px     Val( 2p)     0.90202      -0.09306
     7    C    1  px     Ryd( 4p)     0.00662       0.82666
     8    C    1  px     Ryd( 3p)     0.00058       0.32581
     9    C    1  py     Val( 2p)     0.95983      -0.11477
    10    C    1  py     Ryd( 4p)     0.01189       0.73771
    11    C    1  py     Ryd( 3p)     0.00124       0.27412
    12    C    1  pz     Val( 2p)     0.98861      -0.15498
    13    C    1  pz     Ryd( 4p)     0.00232       0.56446
    14    C    1  pz     Ryd( 3p)     0.00060       0.23335
    15    C    1  dxy    Ryd( 3d)     0.00184       2.43063
    16    C    1  dxz    Ryd( 3d)     0.00179       1.93570
    17    C    1  dyz    Ryd( 3d)     0.00119       2.00127
    18    C    1  dx2y2  Ryd( 3d)     0.00201       2.44286
    19    C    1  dz2    Ryd( 3d)     0.00061       2.21633

    20    C    2  S      Cor( 1S)     1.99907     -10.08466
    21    C    2  S      Val( 2S)     0.94612      -0.19185
    22    C    2  S      Ryd( 3S)     0.00191       0.92124
    23    C    2  S      Ryd( 4S)     0.00020       1.10647
    24    C    2  S      Ryd( 5S)     0.00006       3.46682
    25    C    2  px     Val( 2p)     0.93775      -0.03454
    26    C    2  px     Ryd( 4p)     0.00839       0.75927
    27    C    2  px     Ryd( 3p)     0.00044       0.33207
    28    C    2  py     Val( 2p)     1.14859      -0.07096
    29    C    2  py     Ryd( 4p)     0.00766       0.83671
    30    C    2  py     Ryd( 3p)     0.00085       0.28766
    31    C    2  pz     Val( 2p)     1.00329      -0.11754
    32    C    2  pz     Ryd( 4p)     0.00185       0.53862
    33    C    2  pz     Ryd( 3p)     0.00067       0.25956
    34    C    2  dxy    Ryd( 3d)     0.00148       2.45677
    35    C    2  dxz    Ryd( 3d)     0.00093       2.03577
    36    C    2  dyz    Ryd( 3d)     0.00060       1.86830
    37    C    2  dx2y2  Ryd( 3d)     0.00089       2.48978
    38    C    2  dz2    Ryd( 3d)     0.00043       2.34348

    39    C    3  S      Cor( 1S)     1.99906     -10.09312
    40    C    3  S      Val( 2S)     1.06432      -0.28322
    41    C    3  S      Ryd( 4S)     0.00097       1.02288
    42    C    3  S      Ryd( 3S)     0.00048       0.36289
    43    C    3  S      Ryd( 5S)     0.00003       4.18330
    44    C    3  px     Val( 2p)     1.16779      -0.12396
    45    C    3  px     Ryd( 4p)     0.00243       0.97109
    46    C    3  px     Ryd( 3p)     0.00073       0.34997
    47    C    3  py     Val( 2p)     1.06365      -0.11645
    48    C    3  py     Ryd( 4p)     0.00575       0.50002
    49    C    3  py     Ryd( 3p)     0.00035       0.41546
    50    C    3  pz     Val( 2p)     1.17892      -0.14975
    51    C    3  pz     Ryd( 4p)     0.00240       0.44752
    52    C    3  pz     Ryd( 3p)     0.00078       0.36949
    53    C    3  dxy    Ryd( 3d)     0.00143       2.24445
    54    C    3  dxz    Ryd( 3d)     0.00065       1.71581
    55    C    3  dyz    Ryd( 3d)     0.00067       1.87240
    56    C    3  dx2y2  Ryd( 3d)     0.00064       2.24789
    57    C    3  dz2    Ryd( 3d)     0.00085       2.14363

    58    S    4  S      Cor( 1S)     2.00000     -87.73754
    59    S    4  S      Cor( 2S)     1.99931      -8.89110
    60    S    4  S      Val( 3S)     1.66135      -0.74738
    61    S    4  S      Ryd( 5S)     0.00556       0.48429
    62    S    4  S      Ryd( 4S)     0.00034       0.33286
    63    S    4  S      Ryd( 6S)     0.00002       3.89468
    64    S    4  px     Cor( 2p)     1.99986      -5.93618
    65    S    4  px     Val( 3p)     0.93845      -0.18506
    66    S    4  px     Ryd( 5p)     0.00589       0.40373
    67    S    4  px     Ryd( 4p)     0.00019       0.22857
    68    S    4  py     Cor( 2p)     1.99984      -5.93348
    69    S    4  py     Val( 3p)     1.31298      -0.20789
    70    S    4  py     Ryd( 5p)     0.00185       0.35420
    71    S    4  py     Ryd( 4p)     0.00009       0.17425
    72    S    4  pz     Cor( 2p)     1.99997      -5.93136
    73    S    4  pz     Val( 3p)     1.68581      -0.25620
    74    S    4  pz     Ryd( 5p)     0.00469       0.38670
    75    S    4  pz     Ryd( 4p)     0.00011       0.20978
    76    S    4  dxy    Ryd( 3d)     0.00924       1.16632
    77    S    4  dxz    Ryd( 3d)     0.00412       0.82274
    78    S    4  dyz    Ryd( 3d)     0.00267       0.84449
    79    S    4  dx2y2  Ryd( 3d)     0.00227       1.10368
    80    S    4  dz2    Ryd( 3d)     0.00273       1.05823

    81    H    5  S      Val( 1S)     0.75447       0.08327
    82    H    5  S      Ryd( 2S)     0.00055       0.53509

    83    H    6  S      Val( 1S)     0.73222       0.08521
    84    H    6  S      Ryd( 2S)     0.00073       0.52400

    85    N    7  S      Cor( 1S)     1.99930     -14.13052
    86    N    7  S      Val( 2S)     1.38043      -0.52780
    87    N    7  S      Ryd( 3S)     0.00459       0.80304
    88    N    7  S      Ryd( 4S)     0.00007       1.48136
    89    N    7  S      Ryd( 5S)     0.00004       3.84994
    90    N    7  px     Val( 2p)     1.28613      -0.17098
    91    N    7  px     Ryd( 4p)     0.00544       0.91417
    92    N    7  px     Ryd( 3p)     0.00051       0.78253
    93    N    7  py     Val( 2p)     1.55102      -0.21753
    94    N    7  py     Ryd( 4p)     0.00538       0.76620
    95    N    7  py     Ryd( 3p)     0.00039       0.65669
    96    N    7  pz     Val( 2p)     1.28567      -0.18066
    97    N    7  pz     Ryd( 4p)     0.00101       0.65153
    98    N    7  pz     Ryd( 3p)     0.00021       0.59872
    99    N    7  dxy    Ryd( 3d)     0.00347       2.13641
   100    N    7  dxz    Ryd( 3d)     0.00053       1.75994
   101    N    7  dyz    Ryd( 3d)     0.00304       1.77470
   102    N    7  dx2y2  Ryd( 3d)     0.00307       2.20068
   103    N    7  dz2    Ryd( 3d)     0.00269       2.09777

   104    N    8  S      Cor( 1S)     1.99945     -14.21312
   105    N    8  S      Val( 2S)     1.36016      -0.58666
   106    N    8  S      Ryd( 4S)     0.00068       1.10503
   107    N    8  S      Ryd( 3S)     0.00007       1.10095
   108    N    8  S      Ryd( 5S)     0.00002       3.57493
   109    N    8  px     Val( 2p)     1.30725      -0.24120
   110    N    8  px     Ryd( 3p)     0.00336       0.46114
   111    N    8  px     Ryd( 4p)     0.00050       0.71158
   112    N    8  py     Val( 2p)     1.43190      -0.24385
   113    N    8  py     Ryd( 3p)     0.00411       0.70538
   114    N    8  py     Ryd( 4p)     0.00048       0.76923
   115    N    8  pz     Val( 2p)     1.74255      -0.26701
   116    N    8  pz     Ryd( 3p)     0.00800       0.42022
   117    N    8  pz     Ryd( 4p)     0.00028       0.69605
   118    N    8  dxy    Ryd( 3d)     0.00035       2.18978
   119    N    8  dxz    Ryd( 3d)     0.00093       1.89951
   120    N    8  dyz    Ryd( 3d)     0.00105       2.00574
   121    N    8  dx2y2  Ryd( 3d)     0.00061       2.32917
   122    N    8  dz2    Ryd( 3d)     0.00100       2.07810

   123    H    9  S      Val( 1S)     0.56826       0.11758
   124    H    9  S      Ryd( 2S)     0.00271       0.59228

   125    H   10  S      Val( 1S)     0.57831       0.10735
   126    H   10  S      Ryd( 2S)     0.00081       0.56997

 WARNING:  Population inversion found on atom  C    1
           Population inversion found on atom  C    2
           Population inversion found on atom  C    3
           Population inversion found on atom  S    4
           Population inversion found on atom  N    7
           Population inversion found on atom  N    8


 Summary of Natural Population Analysis:                  
                                                          
                                       Natural Population 
                Natural  -----------------------------------------------
    Atom  No    Charge         Core      Valence    Rydberg      Total
 -----------------------------------------------------------------------
      C    1    0.22422      1.99931     3.73975    0.03672     5.77578
      C    2   -0.06119      1.99907     4.03574    0.02637     6.06119
      C    3   -0.49189      1.99906     4.47467    0.01817     6.49189
      S    4    0.36266      9.99897     5.59860    0.03976    15.63734
      H    5    0.24498      0.00000     0.75447    0.00055     0.75502
      H    6    0.26704      0.00000     0.73222    0.00073     0.73296
      N    7   -0.53297      1.99930     5.50324    0.03043     7.53297
      N    8   -0.86276      1.99945     5.84186    0.02146     7.86276
      H    9    0.42903      0.00000     0.56826    0.00271     0.57097
      H   10    0.42087      0.00000     0.57831    0.00081     0.57913
 =======================================================================
   * Total *    0.00000     19.99516    31.82713    0.17772    52.00000

                                 Natural Population      
 --------------------------------------------------------
   Core                      19.99516 ( 99.9758% of  20)
   Valence                   31.82713 ( 99.4598% of  32)
   Natural Minimal Basis     51.82228 ( 99.6582% of  52)
   Natural Rydberg Basis      0.17772 (  0.3418% of  52)
 --------------------------------------------------------

    Atom  No          Natural Electron Configuration
 ----------------------------------------------------------------------------
      C    1      [core]2S( 0.89)2p( 2.85)4S( 0.01)3d( 0.01)4p( 0.02)
      C    2      [core]2S( 0.95)2p( 3.09)4p( 0.02)
      C    3      [core]2S( 1.06)2p( 3.41)4p( 0.01)
      S    4      [core]3S( 1.66)3p( 3.94)3d( 0.02)5S( 0.01)5p( 0.01)
      H    5            1S( 0.75)
      H    6            1S( 0.73)
      N    7      [core]2S( 1.38)2p( 4.12)3d( 0.01)4p( 0.01)
      N    8      [core]2S( 1.36)2p( 4.48)3p( 0.02)
      H    9            1S( 0.57)
      H   10            1S( 0.58)


 NATURAL BOND ORBITAL ANALYSIS:

                       Occupancies       Lewis Structure    Low   High
           Occ.    -------------------  -----------------   occ   occ
  Cycle   Thresh.   Lewis   Non-Lewis     CR  BD  3C  LP    (L)   (NL)   Dev
 =============================================================================
   1(1)    1.90    50.11927   1.88073     10  14   0   2     6      4    0.56
   2(2)    1.90    50.10030   1.89970     10  14   0   2     6      4    0.21
   3(3)    1.90    50.11927   1.88073     10  14   0   2     6      4    0.56
   4(4)    1.90    50.10030   1.89970     10  14   0   2     6      4    0.21
   5(5)    1.90    50.11927   1.88073     10  14   0   2     6      4    0.56
   6(6)    1.90    50.10030   1.89970     10  14   0   2     6      4    0.21
   7(7)    1.90    50.11927   1.88073     10  14   0   2     6      4    0.56
   8(8)    1.90    50.10030   1.89970     10  14   0   2     6      4    0.21
   9(9)    1.90    50.11927   1.88073     10  14   0   2     6      4    0.56
  10(1)    1.80    51.02092   0.97908     10  12   0   4     1      2    0.21
  11(2)    1.80    51.02092   0.97908     10  12   0   4     1      2    0.21
  12(1)    1.70    51.02092   0.97908     10  12   0   4     1      2    0.21
  13(2)    1.70    51.02092   0.97908     10  12   0   4     1      2    0.21
  14(1)    1.60    50.04661   1.95339     10  11   0   5     1      2    0.69
  15(2)    1.60    51.02117   0.97883     10  12   0   4     0      2    0.21
  16(3)    1.60    50.04661   1.95339     10  11   0   5     1      2    0.69
  17(4)    1.60    51.02117   0.97883     10  12   0   4     0      2    0.21
  18(1)    1.50    51.02117   0.97883     10  12   0   4     0      2    0.21
  19(2)    1.50    50.04661   1.95339     10  11   0   5     1      2    0.69
  20(3)    1.50    51.02117   0.97883     10  12   0   4     0      2    0.21
  21(1)    1.60    51.02117   0.97883     10  12   0   4     0      2    0.21
 -----------------------------------------------------------------------------

 Structure accepted: RESONANCE keyword permits strongly delocalized structure

 --------------------------------------------------------
   Core                     19.99517 ( 99.976% of  20)
   Valence Lewis            31.02601 ( 96.956% of  32)
  ==================       ============================
   Total Lewis              51.02117 ( 98.118% of  52)
  -----------------------------------------------------
   Valence non-Lewis         0.89490 (  1.721% of  52)
   Rydberg non-Lewis         0.08392 (  0.161% of  52)
  ==================       ============================
   Total non-Lewis           0.97883 (  1.882% of  52)
 --------------------------------------------------------


       (Occupancy)   Bond orbital/ Coefficients/ Hybrids
 ---------------------------------------------------------------------------------
     1. (1.97874) BD ( 1) C   1 - S   4  
                ( 52.99%)   0.7280* C   1 s( 29.35%)p 2.40( 70.53%)d 0.00(  0.12%)
                                            0.0002 -0.5399 -0.0448  0.0049  0.0024
                                            0.4595  0.0383 -0.0138  0.7016  0.0093
                                           -0.0155  0.0040 -0.0012  0.0005 -0.0280
                                           -0.0011  0.0000  0.0117  0.0161
                ( 47.01%)   0.6856* S   4 s( 15.63%)p 5.36( 83.73%)d 0.04(  0.64%)
                                            0.0000 -0.0002 -0.3933  0.0399 -0.0071
                                           -0.0004 -0.0001 -0.6218  0.0507 -0.0038
                                           -0.0001 -0.6689  0.0214  0.0016  0.0000
                                           -0.0099  0.0005  0.0004 -0.0684 -0.0014
                                           -0.0012  0.0216  0.0352
     2. (1.98732) BD ( 1) C   1 - N   7  
                ( 41.72%)   0.6459* C   1 s( 36.76%)p 1.72( 63.19%)d 0.00(  0.05%)
                                            0.0000  0.6058 -0.0232  0.0012  0.0031
                                           -0.3634 -0.0116  0.0076  0.7041 -0.0611
                                           -0.0054  0.0119  0.0004 -0.0001 -0.0131
                                           -0.0001  0.0000 -0.0130 -0.0118
                ( 58.28%)   0.7634* N   7 s( 35.80%)p 1.79( 63.95%)d 0.01(  0.25%)
                                           -0.0001  0.5977 -0.0271  0.0020 -0.0014
                                            0.4403 -0.0291 -0.0060 -0.6667  0.0029
                                            0.0104  0.0104  0.0000  0.0005 -0.0255
                                           -0.0004 -0.0001 -0.0301 -0.0307
     3. (1.87722) BD ( 2) C   1 - N   7  
                ( 39.87%)   0.6315* C   1 s(  0.01%)p99.99( 99.90%)d 6.30(  0.09%)
                                            0.0001  0.0099  0.0055  0.0024  0.0017
                                            0.0233  0.0042 -0.0011 -0.0133 -0.0007
                                           -0.0001  0.9987  0.0201  0.0219 -0.0004
                                           -0.0197  0.0218  0.0001  0.0005
                ( 60.13%)   0.7754* N   7 s(  0.01%)p 1.00( 99.74%)d 0.00(  0.26%)
                                           -0.0001 -0.0085  0.0039  0.0005 -0.0002
                                           -0.0078  0.0020  0.0009  0.0025 -0.0015
                                           -0.0015  0.9985 -0.0121  0.0100  0.0001
                                           -0.0111 -0.0493  0.0002  0.0004
     4. (1.99393) BD ( 1) C   1 - N   8  
                ( 40.84%)   0.6390* C   1 s( 33.70%)p 1.96( 66.19%)d 0.00(  0.10%)
                                           -0.0003  0.5795 -0.0349  0.0059 -0.0019
                                            0.8076 -0.0454 -0.0061 -0.0831 -0.0010
                                           -0.0004 -0.0255  0.0082 -0.0001 -0.0059
                                           -0.0018  0.0001  0.0280 -0.0143
                ( 59.16%)   0.7692* N   8 s( 35.07%)p 1.85( 64.88%)d 0.00(  0.05%)
                                            0.0001  0.5922  0.0008 -0.0016 -0.0027
                                           -0.8027  0.0260  0.0096  0.0515  0.0012
                                           -0.0020  0.0324  0.0011  0.0004 -0.0038
                                           -0.0109 -0.0003  0.0149 -0.0134
     5. (1.98903) BD ( 1) C   2 - C   3  
                ( 49.21%)   0.7015* C   2 s( 37.60%)p 1.66( 62.35%)d 0.00(  0.05%)
                                            0.0000  0.6131 -0.0069 -0.0053  0.0020
                                           -0.2722  0.0362 -0.0052 -0.7400  0.0133
                                            0.0126 -0.0124 -0.0005 -0.0003  0.0086
                                            0.0001  0.0002 -0.0175 -0.0091
                ( 50.79%)   0.7127* C   3 s( 39.10%)p 1.56( 60.86%)d 0.00(  0.04%)
                                            0.0001  0.6252 -0.0099  0.0046  0.0025
                                            0.2192  0.0207 -0.0128  0.7469 -0.0417
                                            0.0016 -0.0185 -0.0008 -0.0002  0.0135
                                           -0.0005 -0.0003 -0.0085 -0.0133
     6. (1.92849) BD ( 2) C   2 - C   3  
                ( 44.72%)   0.6688* C   2 s(  0.01%)p 1.00( 99.93%)d 0.00(  0.07%)
                                            0.0000  0.0079 -0.0010  0.0005 -0.0002
                                            0.0025  0.0002 -0.0008 -0.0111  0.0004
                                            0.0004  0.9988  0.0314  0.0240 -0.0002
                                           -0.0053 -0.0255 -0.0003  0.0001
                ( 55.28%)   0.7435* C   3 s(  0.01%)p 1.00( 99.94%)d 0.00(  0.06%)
                                            0.0000  0.0070 -0.0006 -0.0005  0.0001
                                            0.0149  0.0003 -0.0007  0.0145  0.0000
                                            0.0004  0.9987  0.0344  0.0204  0.0003
                                            0.0172  0.0163  0.0003 -0.0004
     7. (1.97848) BD ( 1) C   2 - H   5  
                ( 62.44%)   0.7902* C   2 s( 33.18%)p 2.01( 66.76%)d 0.00(  0.05%)
                                           -0.0004  0.5758  0.0170  0.0032 -0.0017
                                           -0.4874 -0.0174  0.0076  0.6554  0.0087
                                           -0.0067  0.0040  0.0003  0.0000 -0.0194
                                           -0.0002  0.0003 -0.0070 -0.0112
                ( 37.56%)   0.6128* H   5 s(100.00%)
                                            1.0000  0.0023
     8. (1.97798) BD ( 1) C   2 - N   7  
                ( 40.44%)   0.6360* C   2 s( 29.18%)p 2.42( 70.75%)d 0.00(  0.07%)
                                            0.0000  0.5398 -0.0201  0.0015 -0.0005
                                            0.8260 -0.0394 -0.0130  0.1408 -0.0595
                                            0.0124 -0.0048 -0.0002 -0.0001  0.0064
                                           -0.0001  0.0000  0.0214 -0.0147
                ( 59.56%)   0.7717* N   7 s( 32.64%)p 2.06( 67.13%)d 0.01(  0.23%)
                                           -0.0004  0.5705 -0.0300 -0.0014  0.0019
                                           -0.8179  0.0172  0.0120 -0.0293 -0.0320
                                            0.0037 -0.0014  0.0002 -0.0003  0.0277
                                            0.0003 -0.0002  0.0262 -0.0293
     9. (1.97742) BD ( 1) C   3 - S   4  
                ( 51.05%)   0.7145* C   3 s( 24.65%)p 3.05( 75.21%)d 0.01(  0.14%)
                                           -0.0002  0.4961  0.0112 -0.0152 -0.0017
                                            0.6266  0.0186 -0.0195 -0.5972  0.0451
                                            0.0033 -0.0042  0.0003  0.0003 -0.0290
                                           -0.0002  0.0002  0.0087 -0.0216
                ( 48.95%)   0.6997* S   4 s( 18.00%)p 4.52( 81.38%)d 0.03(  0.62%)
                                            0.0000  0.0000  0.4210 -0.0524 -0.0030
                                           -0.0003 -0.0001 -0.7667  0.0566 -0.0011
                                            0.0000  0.4718 -0.0021 -0.0035  0.0000
                                            0.0116 -0.0005 -0.0005 -0.0689 -0.0016
                                            0.0012  0.0134 -0.0356
    10. (1.98542) BD ( 1) C   3 - H   6  
                ( 63.49%)   0.7968* C   3 s( 36.13%)p 1.77( 63.82%)d 0.00(  0.04%)
                                            0.0003 -0.6011  0.0016 -0.0066  0.0010
                                            0.7464 -0.0053 -0.0061  0.2843  0.0017
                                           -0.0018 -0.0110  0.0002  0.0001 -0.0131
                                            0.0007  0.0002 -0.0113  0.0123
                ( 36.51%)   0.6042* H   6 s(100.00%)
                                           -1.0000 -0.0031
    11. (1.98286) BD ( 1) N   8 - H   9  
                ( 71.73%)   0.8470* N   8 s( 27.27%)p 2.66( 72.66%)d 0.00(  0.06%)
                                           -0.0003  0.5222  0.0007  0.0024  0.0010
                                            0.4365 -0.0263  0.0070  0.7144 -0.0155
                                           -0.0091  0.1569  0.0068  0.0015  0.0100
                                            0.0094  0.0150 -0.0117 -0.0097
                ( 28.27%)   0.5317* H   9 s(100.00%)
                                            1.0000 -0.0070
    12. (1.98426) BD ( 1) N   8 - H  10  
                ( 71.13%)   0.8434* N   8 s( 26.69%)p 2.74( 73.24%)d 0.00(  0.06%)
                                           -0.0003  0.5166 -0.0047  0.0017  0.0012
                                            0.3521 -0.0281  0.0074 -0.6775  0.0225
                                            0.0076  0.3847 -0.0006 -0.0006 -0.0058
                                            0.0088 -0.0214 -0.0078  0.0002
                ( 28.87%)   0.5373* H  10 s(100.00%)
                                            1.0000 -0.0023
    13. (1.99931) CR ( 1) C   1           s(100.00%)p 0.00(  0.00%)
                                            1.0000  0.0002  0.0000  0.0000  0.0000
                                            0.0001  0.0000  0.0000 -0.0002  0.0000
                                            0.0000 -0.0001  0.0000  0.0000  0.0000
                                            0.0000  0.0000  0.0000  0.0000
    14. (1.99908) CR ( 1) C   2           s(100.00%)p 0.00(  0.00%)
                                            1.0000  0.0002  0.0000  0.0000  0.0000
                                           -0.0002  0.0000  0.0000  0.0003  0.0000
                                            0.0000  0.0000  0.0000  0.0000  0.0000
                                            0.0000  0.0000  0.0000  0.0000
    15. (1.99906) CR ( 1) C   3           s(100.00%)p 0.00(  0.00%)
                                            1.0000  0.0002  0.0000  0.0000  0.0000
                                           -0.0001  0.0000  0.0000 -0.0002  0.0000
                                            0.0000  0.0000  0.0000  0.0000  0.0000
                                            0.0000  0.0000  0.0000  0.0000
    16. (2.00000) CR ( 1) S   4           s(100.00%)
                                            1.0000  0.0000  0.0000  0.0000  0.0000
                                            0.0000  0.0000  0.0000  0.0000  0.0000
                                            0.0000  0.0000  0.0000  0.0000  0.0000
                                            0.0000  0.0000  0.0000  0.0000  0.0000
                                            0.0000  0.0000  0.0000
    17. (1.99931) CR ( 2) S   4           s(100.00%)p 0.00(  0.00%)
                                            0.0000  1.0000  0.0003  0.0000  0.0000
                                            0.0000  0.0000 -0.0001  0.0000  0.0000
                                            0.0000 -0.0003  0.0000  0.0000  0.0000
                                            0.0000  0.0000  0.0000  0.0000  0.0000
                                            0.0000  0.0000  0.0000
    18. (1.99986) CR ( 3) S   4           s(  0.00%)p 1.00(100.00%)
                                            0.0000  0.0000  0.0000  0.0000  0.0000
                                            0.0000  1.0000 -0.0001  0.0000  0.0000
                                            0.0000 -0.0001  0.0000  0.0000  0.0000
                                            0.0000  0.0000  0.0000  0.0000  0.0000
                                            0.0000  0.0000  0.0000
    19. (1.99984) CR ( 4) S   4           s(  0.00%)p 1.00(100.00%)
                                            0.0000  0.0000  0.0001  0.0000  0.0000
                                            0.0000  0.0000 -0.0001  0.0000  0.0000
                                            1.0000 -0.0001  0.0000  0.0000  0.0000
                                            0.0000  0.0000  0.0000  0.0000  0.0000
                                            0.0000  0.0000  0.0000
    20. (1.99996) CR ( 5) S   4           s(  0.00%)p 1.00(100.00%)
                                            0.0000  0.0000  0.0000  0.0000  0.0000
                                            0.0000  0.0000  0.0000  0.0000  0.0000
                                            0.0000  0.0000  0.0000  0.0000  1.0000
                                           -0.0007  0.0000  0.0000  0.0000  0.0000
                                            0.0000  0.0000  0.0000
    21. (1.99930) CR ( 1) N   7           s(100.00%)p 0.00(  0.00%)
                                            1.0000  0.0002  0.0000  0.0000  0.0000
                                           -0.0003  0.0000  0.0000 -0.0001  0.0000
                                            0.0000  0.0001  0.0000  0.0000  0.0000
                                            0.0000  0.0000  0.0000  0.0000
    22. (1.99945) CR ( 1) N   8           s(100.00%)p 0.00(  0.00%)
                                            1.0000  0.0001  0.0000  0.0000  0.0000
                                            0.0002  0.0000  0.0000  0.0001  0.0000
                                            0.0000  0.0006  0.0000  0.0000  0.0000
                                            0.0000  0.0000  0.0000  0.0000
    23. (1.98403) LP ( 1) S   4           s( 66.75%)p 0.50( 33.23%)d 0.00(  0.02%)
                                            0.0000 -0.0004  0.8167  0.0232 -0.0006
                                           -0.0002  0.0000  0.0967  0.0021 -0.0017
                                           -0.0002 -0.5683 -0.0069  0.0000  0.0000
                                            0.0015  0.0011  0.0002  0.0033  0.0005
                                           -0.0005  0.0079  0.0103
    24. (1.69057) LP ( 2) S   4           s(  0.01%)p99.99( 99.89%)d 8.72(  0.10%)
                                            0.0000  0.0000  0.0100 -0.0032 -0.0006
                                            0.0002  0.0000 -0.0029 -0.0030 -0.0005
                                            0.0000  0.0110 -0.0001  0.0003 -0.0007
                                           -0.9985 -0.0418  0.0008  0.0010 -0.0007
                                           -0.0309 -0.0003 -0.0016
    25. (1.88504) LP ( 1) N   7           s( 31.70%)p 2.15( 68.13%)d 0.01(  0.17%)
                                            0.0001  0.5619  0.0349 -0.0003 -0.0006
                                            0.3629  0.0203 -0.0003  0.7407  0.0207
                                            0.0070  0.0056  0.0008  0.0011 -0.0288
                                           -0.0001 -0.0001  0.0232  0.0179
    26. (1.82521) LP ( 1) N   8           s( 10.87%)p 8.19( 89.07%)d 0.01(  0.06%)
                                            0.0005  0.3297  0.0025 -0.0032  0.0004
                                            0.1967  0.0112  0.0088 -0.1617 -0.0122
                                           -0.0029 -0.9070 -0.0529 -0.0080  0.0017
                                            0.0136 -0.0054 -0.0019 -0.0187
    27. (0.00931) RY*( 1) C   1           s(  2.19%)p44.53( 97.43%)d 0.17(  0.38%)
                                            0.0000  0.0501  0.1278  0.0159 -0.0528
                                           -0.0162  0.1198  0.0109  0.0389  0.9777
                                            0.0159  0.0007 -0.0425  0.0126 -0.0058
                                            0.0278  0.0175 -0.0512  0.0085
    28. (0.00514) RY*( 2) C   1           s( 36.28%)p 0.80( 29.07%)d 0.96( 34.65%)
                                            0.0000 -0.0180  0.5921  0.1057  0.0266
                                            0.0435 -0.3493  0.1316  0.0467 -0.0660
                                            0.3781 -0.0014 -0.0012  0.0030  0.3712
                                            0.0392  0.0083 -0.4516  0.0564
    29. (0.00331) RY*( 3) C   1           s( 11.16%)p 6.21( 69.28%)d 1.75( 19.56%)
                                            0.0000  0.0369  0.3027  0.1295 -0.0425
                                            0.0324  0.7278  0.0715 -0.0100 -0.1553
                                            0.0116 -0.0117 -0.3639  0.0114 -0.0280
                                           -0.2852  0.3118 -0.1268 -0.0120
    30. (0.00229) RY*( 4) C   1           s(  3.09%)p11.08( 34.18%)d20.34( 62.74%)
                                            0.0000 -0.0030  0.0729  0.1564  0.0324
                                           -0.0055 -0.0524  0.0257  0.0022  0.0446
                                           -0.0756 -0.0216  0.5498 -0.1670 -0.0848
                                           -0.7830 -0.0753 -0.0261  0.0277
    31. (0.00204) RY*( 5) C   1           s(  4.81%)p 6.82( 32.84%)d12.95( 62.35%)
                                            0.0000  0.0233  0.2109  0.0407 -0.0381
                                            0.0189  0.4583 -0.0450 -0.0048 -0.0733
                                           -0.0688  0.0117  0.3243 -0.0216 -0.0051
                                            0.3021 -0.7191 -0.1224  0.0016
    32. (0.00130) RY*( 6) C   1           s( 26.90%)p 1.46( 39.32%)d 1.26( 33.78%)
                                            0.0000 -0.0007  0.4950 -0.0422  0.1489
                                            0.0085 -0.2546 -0.1797  0.0012 -0.0313
                                           -0.5258 -0.0002 -0.1267  0.0491 -0.5631
                                            0.0688  0.0268 -0.0870  0.0876
    33. (0.00044) RY*( 7) C   1           s( 19.29%)p 0.25(  4.90%)d 3.93( 75.81%)
                                            0.0000 -0.0027  0.4184 -0.1115  0.0737
                                           -0.0025 -0.0483  0.0917  0.0315  0.0004
                                           -0.0850  0.0053 -0.1370 -0.1059  0.3377
                                           -0.0906 -0.1481  0.7790 -0.0842
    34. (0.00036) RY*( 8) C   1           s(  4.52%)p13.64( 61.62%)d 7.50( 33.87%)
                                            0.0000  0.0064  0.1891  0.0968 -0.0035
                                           -0.0054  0.1362 -0.5055  0.0081 -0.0247
                                            0.1015 -0.0233  0.5235  0.2377  0.0792
                                            0.2541  0.4741  0.1929 -0.0765
    35. (0.00018) RY*( 9) C   1           s(  4.28%)p20.33( 86.95%)d 2.05(  8.77%)
                                            0.0000 -0.0007  0.0393 -0.1367  0.1501
                                            0.0099  0.0811  0.7745 -0.0010 -0.0079
                                           -0.1600 -0.0160  0.3358  0.3527 -0.0568
                                            0.1652  0.2187  0.0434  0.0864
    36. (0.00010) RY*(10) C   1           s( 84.99%)p 0.04(  3.69%)d 0.13( 11.31%)
                                            0.0000  0.0072 -0.1498  0.6662  0.6193
                                           -0.0098  0.0104 -0.0312 -0.0085  0.0384
                                           -0.1480  0.0011 -0.0954  0.0567  0.1905
                                            0.0717 -0.0428  0.0425  0.2609
    37. (0.00007) RY*(11) C   1           s( 79.59%)p 0.11(  8.59%)d 0.15( 11.82%)
    38. (0.00002) RY*(12) C   1           s( 12.40%)p 3.98( 49.33%)d 3.09( 38.27%)
    39. (0.00001) RY*(13) C   1           s(  9.28%)p 0.17(  1.55%)d 9.61( 89.17%)
    40. (0.00000) RY*(14) C   1           s(  1.39%)p58.53( 81.43%)d12.34( 17.17%)
    41. (0.00764) RY*( 1) C   2           s(  5.78%)p15.37( 88.86%)d 0.93(  5.35%)
                                            0.0000  0.0185  0.2158 -0.1043  0.0049
                                            0.0570  0.8222  0.0260  0.0439  0.4545
                                            0.0088  0.0005 -0.0071 -0.0004  0.2291
                                            0.0046  0.0021 -0.0036  0.0317
    42. (0.00504) RY*( 2) C   2           s( 10.66%)p 7.49( 79.82%)d 0.89(  9.53%)
                                            0.0000 -0.0117  0.3187  0.0499  0.0483
                                           -0.0360  0.2945 -0.0496  0.0059 -0.8262
                                            0.1571  0.0014 -0.0171  0.0011  0.3058
                                            0.0105  0.0025  0.0031  0.0403
    43. (0.00133) RY*( 3) C   2           s(  0.21%)p94.56( 19.58%)d99.99( 80.22%)
                                            0.0000  0.0003  0.0404 -0.0201  0.0059
                                            0.0014 -0.0267  0.0260 -0.0019  0.0161
                                           -0.0004  0.0291 -0.3861 -0.2103 -0.0171
                                            0.8480  0.2874  0.0070 -0.0094
    44. (0.00093) RY*( 4) C   2           s(  3.55%)p20.02( 71.06%)d 7.15( 25.39%)
                                            0.0000 -0.0011  0.1507  0.0365 -0.1071
                                            0.0127 -0.2263  0.4424  0.0041  0.1680
                                            0.6535 -0.0020  0.0900  0.0123  0.2588
                                            0.0125  0.0361 -0.4193  0.0982
    45. (0.00067) RY*( 5) C   2           s(  0.12%)p99.99( 71.55%)d99.99( 28.33%)
                                            0.0000 -0.0003 -0.0204 -0.0173  0.0212
                                           -0.0018  0.0302 -0.0365 -0.0002 -0.0252
                                           -0.0523 -0.0167  0.8271  0.1597 -0.0203
                                            0.2630  0.4589  0.0512 -0.0224
    46. (0.00024) RY*( 6) C   2           s( 78.92%)p 0.19( 14.67%)d 0.08(  6.41%)
                                            0.0000  0.0084  0.8713 -0.0159 -0.1725
                                            0.0181 -0.2686  0.0652 -0.0299  0.1360
                                           -0.2209 -0.0004  0.0355 -0.0219 -0.1270
                                           -0.0446 -0.0076  0.2127  0.0266
    47. (0.00011) RY*( 7) C   2           s(  8.60%)p 1.39( 11.93%)d 9.24( 79.46%)
                                            0.0000  0.0073 -0.1085 -0.1783  0.2060
                                           -0.0227 -0.2779  0.0518 -0.0003  0.1221
                                           -0.1410  0.0006  0.0185 -0.0612  0.7616
                                            0.0034 -0.0289  0.4336  0.1606
    48. (0.00009) RY*( 8) C   2           s( 65.72%)p 0.16( 10.24%)d 0.37( 24.04%)
    49. (0.00004) RY*( 9) C   2           s( 14.14%)p 5.63( 79.66%)d 0.44(  6.20%)
    50. (0.00001) RY*(10) C   2           s( 76.14%)p 0.22( 16.53%)d 0.10(  7.33%)
    51. (0.00001) RY*(11) C   2           s(  1.58%)p62.10( 98.05%)d 0.23(  0.37%)
    52. (0.00002) RY*(12) C   2           s( 26.38%)p 0.92( 24.18%)d 1.87( 49.45%)
    53. (0.00000) RY*(13) C   2           s(  0.24%)p42.34( 10.26%)d99.99( 89.50%)
    54. (0.00000) RY*(14) C   2           s(  8.00%)p 0.48(  3.82%)d11.03( 88.18%)
    55. (0.00301) RY*( 1) C   3           s(  8.60%)p 9.42( 80.97%)d 1.21( 10.43%)
                                            0.0000 -0.0179  0.2463  0.1578 -0.0087
                                           -0.0025  0.6233 -0.1050 -0.0342 -0.5971
                                            0.2265  0.0019 -0.0298 -0.0176 -0.1765
                                            0.0194 -0.0112 -0.2685  0.0241
    56. (0.00210) RY*( 2) C   3           s( 16.44%)p 4.58( 75.26%)d 0.51(  8.31%)
                                            0.0000 -0.0057  0.3932  0.0985 -0.0047
                                           -0.0288  0.4140 -0.0176  0.0503  0.7598
                                           -0.0133 -0.0003  0.0040  0.0017 -0.2302
                                            0.0026  0.0004 -0.1715 -0.0253
    57. (0.00118) RY*( 3) C   3           s(  0.58%)p99.11( 57.13%)d73.38( 42.30%)
                                            0.0000  0.0024  0.0493  0.0576  0.0024
                                            0.0032 -0.0518  0.0521 -0.0002  0.0068
                                           -0.0548  0.0286 -0.5200 -0.5400  0.0228
                                            0.4600 -0.4591  0.0072 -0.0021
    58. (0.00068) RY*( 4) C   3           s(  0.15%)p99.99( 49.59%)d99.99( 50.26%)
                                            0.0000  0.0009  0.0110  0.0372 -0.0030
                                            0.0010 -0.0294  0.0163  0.0003  0.0103
                                            0.0289  0.0124 -0.7012  0.0451  0.0005
                                           -0.0418  0.7077  0.0013  0.0030
    59. (0.00042) RY*( 5) C   3           s( 56.13%)p 0.63( 35.62%)d 0.15(  8.26%)
                                            0.0000  0.0197  0.7254  0.1194  0.1429
                                            0.0158 -0.4481  0.3588 -0.0061 -0.1370
                                            0.0368 -0.0022  0.0688  0.0385  0.1576
                                           -0.0393  0.0200 -0.2257  0.0695
    60. (0.00028) RY*( 6) C   3           s(  4.28%)p16.77( 71.86%)d 5.57( 23.86%)
                                            0.0000 -0.0064  0.1542  0.1349 -0.0286
                                            0.0064  0.1661 -0.3438 -0.0172 -0.0722
                                           -0.7528 -0.0004  0.0003  0.0234  0.4836
                                           -0.0255  0.0340 -0.0515  0.0173
    61. (0.00008) RY*( 7) C   3           s( 69.22%)p 0.14(  9.49%)d 0.31( 21.29%)
    62. (0.00004) RY*( 8) C   3           s( 25.46%)p 0.73( 18.57%)d 2.20( 55.97%)
    63. (0.00004) RY*( 9) C   3           s( 14.29%)p 5.36( 76.60%)d 0.64(  9.11%)
    64. (0.00001) RY*(10) C   3           s(  5.04%)p 1.17(  5.88%)d17.68( 89.08%)
    65. (0.00000) RY*(11) C   3           s(  0.01%)p99.99( 15.15%)d99.99( 84.83%)
    66. (0.00000) RY*(12) C   3           s(  0.04%)p99.99( 78.17%)d99.99( 21.78%)
    67. (0.00001) RY*(13) C   3           s(  9.29%)p 1.81( 16.78%)d 7.96( 73.93%)
    68. (0.00000) RY*(14) C   3           s( 90.59%)p 0.10(  9.10%)d 0.00(  0.31%)
    69. (0.00502) RY*( 1) S   4           s(  0.17%)p99.99( 21.95%)d99.99( 77.88%)
                                            0.0000  0.0000 -0.0002  0.0322  0.0252
                                            0.0013  0.0000  0.0010  0.0321  0.0252
                                            0.0000  0.0031  0.0011 -0.0005  0.0000
                                           -0.0136  0.4664  0.0093 -0.0085  0.8545
                                           -0.2189  0.0191 -0.0146
    70. (0.00300) RY*( 2) S   4           s(  1.18%)p46.44( 54.83%)d37.25( 43.99%)
                                            0.0000  0.0000 -0.0089 -0.0589  0.0750
                                           -0.0514  0.0000 -0.0509 -0.2972 -0.0455
                                            0.0000 -0.0268 -0.6689 -0.0789  0.0000
                                            0.0006  0.0288  0.0088  0.0610  0.0069
                                           -0.0193 -0.6561 -0.0728
    71. (0.00210) RY*( 3) S   4           s(  1.53%)p22.65( 34.61%)d41.79( 63.86%)
                                            0.0000  0.0000  0.0001  0.0101  0.1216
                                           -0.0197  0.0000 -0.0940 -0.4920 -0.0556
                                            0.0000 -0.0140  0.0781 -0.0684  0.0000
                                            0.0045 -0.2843  0.0162  0.6443  0.2489
                                            0.3062  0.2321 -0.1181
    72. (0.00183) RY*( 4) S   4           s(  0.62%)p52.03( 32.31%)d99.99( 67.07%)
                                            0.0000  0.0000  0.0002  0.0119  0.0766
                                           -0.0140  0.0000 -0.0494 -0.2400  0.0047
                                            0.0000 -0.0053  0.0596 -0.0729  0.0000
                                           -0.0017  0.5020  0.0453  0.3695 -0.4172
                                           -0.5773  0.1469 -0.0723
    73. (0.00049) RY*( 5) S   4           s( 20.30%)p 1.08( 21.96%)d 2.84( 57.74%)
                                            0.0000  0.0000  0.0231  0.3657 -0.2575
                                            0.0489  0.0000 -0.0417  0.0738  0.0556
                                            0.0000  0.0365  0.4497  0.0642  0.0000
                                            0.0004 -0.0103 -0.0400  0.3291  0.0122
                                           -0.0198 -0.5784  0.3660
    74. (0.00038) RY*( 6) S   4           s( 87.92%)p 0.12( 10.43%)d 0.02(  1.64%)
                                            0.0000  0.0000  0.0086  0.6190  0.7013
                                            0.0647  0.0000 -0.0031  0.0713  0.1976
                                            0.0000  0.0345 -0.0375 -0.0011  0.0000
                                           -0.0041  0.0056 -0.2399 -0.0791 -0.0426
                                            0.0500  0.0068 -0.0763
    75. (0.00034) RY*( 7) S   4           s(  4.75%)p13.86( 65.77%)d 6.21( 29.48%)
                                            0.0000  0.0000  0.0150  0.2056 -0.0652
                                            0.0271  0.0000 -0.0078 -0.7202  0.0473
                                            0.0000  0.0251  0.1574  0.2275  0.0000
                                            0.0041 -0.0212  0.2431 -0.5037  0.0106
                                           -0.0595  0.0429  0.1887
    76. (0.00017) RY*( 8) S   4           s( 10.81%)p 8.02( 86.64%)d 0.24(  2.55%)
                                            0.0000  0.0000  0.0022  0.0296  0.3236
                                            0.0498  0.0000  0.0072  0.1221 -0.8386
                                            0.0000  0.0065  0.0952  0.1705  0.0000
                                            0.0081 -0.0955  0.3175  0.0052  0.0278
                                           -0.1283 -0.0842  0.0339
    77. (0.00006) RY*( 9) S   4           s(  2.85%)p32.95( 93.98%)d 1.11(  3.17%)
    78. (0.00002) RY*(10) S   4           s(  8.27%)p10.01( 82.74%)d 1.09(  8.99%)
    79. (0.00003) RY*(11) S   4           s( 65.73%)p 0.18( 11.70%)d 0.34( 22.57%)
    80. (0.00000) RY*(12) S   4           s(  3.28%)p 7.90( 25.91%)d21.58( 70.81%)
    81. (0.00000) RY*(13) S   4           s( 89.43%)p 0.10(  8.82%)d 0.02(  1.75%)
    82. (0.00000) RY*(14) S   4           s(  2.78%)p18.04( 50.10%)d16.97( 47.13%)
    83. (0.00055) RY*( 1) H   5           s(100.00%)
                                           -0.0023  1.0000
    84. (0.00074) RY*( 1) H   6           s(100.00%)
                                           -0.0031  1.0000
    85. (0.00471) RY*( 1) N   7           s(  0.32%)p99.99( 99.05%)d 1.96(  0.63%)
                                            0.0000  0.0034  0.0560 -0.0067  0.0022
                                           -0.0122  0.6919 -0.0807 -0.0391  0.7089
                                            0.0229 -0.0003  0.0245 -0.0090  0.0402
                                           -0.0013 -0.0041  0.0329  0.0596
    86. (0.00228) RY*( 2) N   7           s(  0.28%)p99.99( 96.87%)d10.21(  2.85%)
                                            0.0000 -0.0078  0.0247  0.0159  0.0433
                                            0.0288  0.6600 -0.2632 -0.0181 -0.6771
                                            0.0591 -0.0025 -0.0214 -0.0116 -0.1340
                                            0.0116 -0.0115  0.0979  0.0271
    87. (0.00106) RY*( 3) N   7           s(  1.63%)p59.61( 97.16%)d 0.74(  1.21%)
                                            0.0000 -0.0005  0.1052  0.0665 -0.0286
                                           -0.0005  0.0193  0.1064 -0.0048 -0.0473
                                            0.0520  0.0136  0.9735  0.0840 -0.0035
                                            0.1003  0.0419 -0.0163 -0.0029
    88. (0.00066) RY*( 4) N   7           s( 75.88%)p 0.11(  8.61%)d 0.20( 15.51%)
                                            0.0000  0.0126  0.8569  0.0463  0.1489
                                           -0.0404 -0.0854 -0.0136 -0.0438  0.0285
                                           -0.2485 -0.0067 -0.0697 -0.0873 -0.3595
                                            0.0632 -0.0776  0.0332  0.1215
    89. (0.00030) RY*( 5) N   7           s(  3.27%)p 4.98( 16.31%)d24.55( 80.42%)
                                            0.0000 -0.0008  0.1348  0.1132 -0.0421
                                           -0.0008  0.0284  0.1583 -0.0048 -0.0334
                                            0.2257 -0.0025  0.0572 -0.2861  0.0272
                                           -0.8913  0.0875 -0.0355 -0.0004
    90. (0.00025) RY*( 6) N   7           s(  8.28%)p 7.45( 61.67%)d 3.63( 30.05%)
                                            0.0000 -0.0004  0.2728  0.0552 -0.0732
                                            0.0251  0.0893  0.5480 -0.0234 -0.0958
                                            0.5247 -0.0061 -0.1431 -0.0469  0.3728
                                            0.2821 -0.1407  0.2445  0.0483
    91. (0.00015) RY*( 7) N   7           s( 17.93%)p 1.25( 22.45%)d 3.33( 59.62%)
                                            0.0000 -0.0132 -0.1543  0.3796  0.1059
                                           -0.0081 -0.0598  0.1134 -0.0181  0.0792
                                            0.1573  0.0104 -0.0571  0.4162 -0.4423
                                           -0.0661  0.3136  0.5305  0.1284
    92. (0.00011) RY*( 8) N   7           s( 16.93%)p 1.01( 17.02%)d 3.90( 66.05%)
                                            0.0000 -0.0128 -0.1441  0.3809 -0.0572
                                           -0.0315  0.0494  0.1595  0.0274  0.0419
                                            0.3153 -0.0063 -0.0500 -0.1920 -0.5205
                                            0.1816 -0.2024 -0.5402 -0.1542
    93. (0.00007) RY*( 9) N   7           s( 11.47%)p 4.45( 51.00%)d 3.27( 37.53%)
    94. (0.00003) RY*(10) N   7           s( 31.26%)p 1.34( 41.94%)d 0.86( 26.80%)
    95. (0.00002) RY*(11) N   7           s(  4.43%)p 0.89(  3.96%)d20.66( 91.60%)
    96. (0.00000) RY*(12) N   7           s(  0.04%)p99.99( 33.72%)d99.99( 66.25%)
    97. (0.00000) RY*(13) N   7           s( 38.72%)p 1.11( 43.14%)d 0.47( 18.13%)
    98. (0.00000) RY*(14) N   7           s( 89.41%)p 0.09(  8.16%)d 0.03(  2.43%)
    99. (0.00353) RY*( 1) N   8           s(  4.98%)p18.13( 90.36%)d 0.93(  4.65%)
                                            0.0000 -0.0081  0.2145  0.0599 -0.0142
                                           -0.0019  0.0237  0.0487 -0.0020 -0.5137
                                            0.0891  0.0446 -0.7733  0.1702 -0.0722
                                           -0.2002  0.0242  0.0116  0.0223
   100. (0.00273) RY*( 2) N   8           s(  0.30%)p99.99( 95.02%)d15.51(  4.68%)
                                            0.0000 -0.0066  0.0446 -0.0314  0.0006
                                           -0.0008  0.0004 -0.0124  0.0204  0.8022
                                           -0.2042  0.0106 -0.4998  0.1203  0.1591
                                           -0.1351  0.0442 -0.0169 -0.0318
   101. (0.00060) RY*( 3) N   8           s( 75.39%)p 0.25( 18.97%)d 0.07(  5.64%)
                                            0.0000 -0.0008  0.8661 -0.0467  0.0400
                                            0.0069  0.0432  0.2284 -0.0106 -0.0153
                                           -0.3065 -0.0016  0.2022 -0.0197  0.1465
                                            0.0346  0.0090  0.1834 -0.0046
   102. (0.00031) RY*( 4) N   8           s(  2.90%)p28.46( 82.39%)d 5.08( 14.72%)
                                            0.0000 -0.0165  0.1550  0.0156  0.0664
                                           -0.0335 -0.7317  0.3311  0.0117  0.1424
                                            0.3472 -0.0124 -0.0759 -0.1758 -0.2854
                                            0.1679 -0.0240 -0.1297 -0.1419
   103. (0.00009) RY*( 5) N   8           s( 11.30%)p 6.63( 74.93%)d 1.22( 13.77%)
   104. (0.00005) RY*( 6) N   8           s( 12.95%)p 4.28( 55.42%)d 2.44( 31.63%)
   105. (0.00005) RY*( 7) N   8           s( 25.97%)p 0.36(  9.41%)d 2.49( 64.62%)
   106. (0.00003) RY*( 8) N   8           s(  5.75%)p 9.54( 54.82%)d 6.86( 39.43%)
   107. (0.00000) RY*( 9) N   8           s( 93.92%)p 0.03(  2.49%)d 0.04(  3.59%)
   108. (0.00001) RY*(10) N   8           s( 55.96%)p 0.14(  7.91%)d 0.65( 36.13%)
   109. (0.00000) RY*(11) N   8           s(  0.13%)p99.99( 57.13%)d99.99( 42.74%)
   110. (0.00001) RY*(12) N   8           s(  5.21%)p 3.71( 19.33%)d14.48( 75.46%)
   111. (0.00001) RY*(13) N   8           s(  3.42%)p 2.94( 10.05%)d25.28( 86.53%)
   112. (0.00001) RY*(14) N   8           s(  1.89%)p11.57( 21.93%)d40.21( 76.18%)
   113. (0.00274) RY*( 1) H   9           s(100.00%)
                                            0.0070  1.0000
   114. (0.00082) RY*( 1) H  10           s(100.00%)
                                            0.0023  1.0000
   115. (0.08460) BD*( 1) C   1 - S   4  
                ( 47.01%)   0.6856* C   1 s( 29.35%)p 2.40( 70.53%)d 0.00(  0.12%)
                                           -0.0002  0.5399  0.0448 -0.0049 -0.0024
                                           -0.4595 -0.0383  0.0138 -0.7016 -0.0093
                                            0.0155 -0.0040  0.0012 -0.0005  0.0280
                                            0.0011  0.0000 -0.0117 -0.0161
                ( 52.99%)  -0.7280* S   4 s( 15.63%)p 5.36( 83.73%)d 0.04(  0.64%)
                                            0.0000  0.0002  0.3933 -0.0399  0.0071
                                            0.0004  0.0001  0.6218 -0.0507  0.0038
                                            0.0001  0.6689 -0.0214 -0.0016  0.0000
                                            0.0099 -0.0005 -0.0004  0.0684  0.0014
                                            0.0012 -0.0216 -0.0352
   116. (0.02173) BD*( 1) C   1 - N   7  
                ( 58.28%)   0.7634* C   1 s( 36.76%)p 1.72( 63.19%)d 0.00(  0.05%)
                                            0.0000  0.6058 -0.0232  0.0012  0.0031
                                           -0.3634 -0.0116  0.0076  0.7041 -0.0611
                                           -0.0054  0.0119  0.0004 -0.0001 -0.0131
                                           -0.0001  0.0000 -0.0130 -0.0118
                ( 41.72%)  -0.6459* N   7 s( 35.80%)p 1.79( 63.95%)d 0.01(  0.25%)
                                           -0.0001  0.5977 -0.0271  0.0020 -0.0014
                                            0.4403 -0.0291 -0.0060 -0.6667  0.0029
                                            0.0104  0.0104  0.0000  0.0005 -0.0255
                                           -0.0004 -0.0001 -0.0301 -0.0307
   117. (0.40177) BD*( 2) C   1 - N   7  
                ( 60.13%)   0.7754* C   1 s(  0.01%)p99.99( 99.90%)d 6.30(  0.09%)
                                            0.0001  0.0099  0.0055  0.0024  0.0017
                                            0.0233  0.0042 -0.0011 -0.0133 -0.0007
                                           -0.0001  0.9987  0.0201  0.0219 -0.0004
                                           -0.0197  0.0218  0.0001  0.0005
                ( 39.87%)  -0.6315* N   7 s(  0.01%)p 1.00( 99.74%)d 0.00(  0.26%)
                                           -0.0001 -0.0085  0.0039  0.0005 -0.0002
                                           -0.0078  0.0020  0.0009  0.0025 -0.0015
                                           -0.0015  0.9985 -0.0121  0.0100  0.0001
                                           -0.0111 -0.0493  0.0002  0.0004
   118. (0.02941) BD*( 1) C   1 - N   8  
                ( 59.16%)   0.7692* C   1 s( 33.70%)p 1.96( 66.19%)d 0.00(  0.10%)
                                           -0.0003  0.5795 -0.0349  0.0059 -0.0019
                                            0.8076 -0.0454 -0.0061 -0.0831 -0.0010
                                           -0.0004 -0.0255  0.0082 -0.0001 -0.0059
                                           -0.0018  0.0001  0.0280 -0.0143
                ( 40.84%)  -0.6390* N   8 s( 35.07%)p 1.85( 64.88%)d 0.00(  0.05%)
                                            0.0001  0.5922  0.0008 -0.0016 -0.0027
                                           -0.8027  0.0260  0.0096  0.0515  0.0012
                                           -0.0020  0.0324  0.0011  0.0004 -0.0038
                                           -0.0109 -0.0003  0.0149 -0.0134
   119. (0.02460) BD*( 1) C   2 - C   3  
                ( 50.79%)   0.7127* C   2 s( 37.60%)p 1.66( 62.35%)d 0.00(  0.05%)
                                            0.0000  0.6131 -0.0069 -0.0053  0.0020
                                           -0.2722  0.0362 -0.0052 -0.7400  0.0133
                                            0.0126 -0.0124 -0.0005 -0.0003  0.0086
                                            0.0001  0.0002 -0.0175 -0.0091
                ( 49.21%)  -0.7015* C   3 s( 39.10%)p 1.56( 60.86%)d 0.00(  0.04%)
                                            0.0001  0.6252 -0.0099  0.0046  0.0025
                                            0.2192  0.0207 -0.0128  0.7469 -0.0417
                                            0.0016 -0.0185 -0.0008 -0.0002  0.0135
                                           -0.0005 -0.0003 -0.0085 -0.0133
   120. (0.25829) BD*( 2) C   2 - C   3  
                ( 55.28%)   0.7435* C   2 s(  0.01%)p 1.00( 99.93%)d 0.00(  0.07%)
                                            0.0000  0.0079 -0.0010  0.0005 -0.0002
                                            0.0025  0.0002 -0.0008 -0.0111  0.0004
                                            0.0004  0.9988  0.0314  0.0240 -0.0002
                                           -0.0053 -0.0255 -0.0003  0.0001
                ( 44.72%)  -0.6688* C   3 s(  0.01%)p 1.00( 99.94%)d 0.00(  0.06%)
                                            0.0000  0.0070 -0.0006 -0.0005  0.0001
                                            0.0149  0.0003 -0.0007  0.0145  0.0000
                                            0.0004  0.9987  0.0344  0.0204  0.0003
                                            0.0172  0.0163  0.0003 -0.0004
   121. (0.01831) BD*( 1) C   2 - H   5  
                ( 37.56%)   0.6128* C   2 s( 33.18%)p 2.01( 66.76%)d 0.00(  0.05%)
                                            0.0004 -0.5758 -0.0170 -0.0032  0.0017
                                            0.4874  0.0174 -0.0076 -0.6554 -0.0087
                                            0.0067 -0.0040 -0.0003  0.0000  0.0194
                                            0.0002 -0.0003  0.0070  0.0112
                ( 62.44%)  -0.7902* H   5 s(100.00%)
                                           -1.0000 -0.0023
   122. (0.01195) BD*( 1) C   2 - N   7  
                ( 59.56%)   0.7717* C   2 s( 29.18%)p 2.42( 70.75%)d 0.00(  0.07%)
                                            0.0000  0.5398 -0.0201  0.0015 -0.0005
                                            0.8260 -0.0394 -0.0130  0.1408 -0.0595
                                            0.0124 -0.0048 -0.0002 -0.0001  0.0064
                                           -0.0001  0.0000  0.0214 -0.0147
                ( 40.44%)  -0.6360* N   7 s( 32.64%)p 2.06( 67.13%)d 0.01(  0.23%)
                                           -0.0004  0.5705 -0.0300 -0.0014  0.0019
                                           -0.8179  0.0172  0.0120 -0.0293 -0.0320
                                            0.0037 -0.0014  0.0002 -0.0003  0.0277
                                            0.0003 -0.0002  0.0262 -0.0293
   123. (0.01430) BD*( 1) C   3 - S   4  
                ( 48.95%)   0.6997* C   3 s( 24.65%)p 3.05( 75.21%)d 0.01(  0.14%)
                                            0.0002 -0.4961 -0.0112  0.0152  0.0017
                                           -0.6266 -0.0186  0.0195  0.5972 -0.0451
                                           -0.0033  0.0042 -0.0003 -0.0003  0.0290
                                            0.0002 -0.0002 -0.0087  0.0216
                ( 51.05%)  -0.7145* S   4 s( 18.00%)p 4.52( 81.38%)d 0.03(  0.62%)
                                            0.0000  0.0000 -0.4210  0.0524  0.0030
                                            0.0003  0.0001  0.7667 -0.0566  0.0011
                                            0.0000 -0.4718  0.0021  0.0035  0.0000
                                           -0.0116  0.0005  0.0005  0.0689  0.0016
                                           -0.0012 -0.0134  0.0356
   124. (0.01151) BD*( 1) C   3 - H   6  
                ( 36.51%)   0.6042* C   3 s( 36.13%)p 1.77( 63.82%)d 0.00(  0.04%)
                                           -0.0003  0.6011 -0.0016  0.0066 -0.0010
                                           -0.7464  0.0053  0.0061 -0.2843 -0.0017
                                            0.0018  0.0110 -0.0002 -0.0001  0.0131
                                           -0.0007 -0.0002  0.0113 -0.0123
                ( 63.49%)  -0.7968* H   6 s(100.00%)
                                            1.0000  0.0031
   125. (0.01078) BD*( 1) N   8 - H   9  
                ( 28.27%)   0.5317* N   8 s( 27.27%)p 2.66( 72.66%)d 0.00(  0.06%)
                                            0.0003 -0.5222 -0.0007 -0.0024 -0.0010
                                           -0.4365  0.0263 -0.0070 -0.7144  0.0155
                                            0.0091 -0.1569 -0.0068 -0.0015 -0.0100
                                           -0.0094 -0.0150  0.0117  0.0097
                ( 71.73%)  -0.8470* H   9 s(100.00%)
                                           -1.0000  0.0070
   126. (0.00765) BD*( 1) N   8 - H  10  
                ( 28.87%)   0.5373* N   8 s( 26.69%)p 2.74( 73.24%)d 0.00(  0.06%)
                                            0.0003 -0.5166  0.0047 -0.0017 -0.0012
                                           -0.3521  0.0281 -0.0074  0.6775 -0.0225
                                           -0.0076 -0.3847  0.0006  0.0006  0.0058
                                           -0.0088  0.0214  0.0078 -0.0002
                ( 71.13%)  -0.8434* H  10 s(100.00%)
                                           -1.0000  0.0023


 NHO Directionality and "Bond Bending" (deviations from line of nuclear centers)

         [Thresholds for printing:  angular deviation  >  1.0 degree]
                                    hybrid p-character > 25.0%
                                    orbital occupancy  >  0.10e

                                Line of Centers        Hybrid 1              Hybrid 2
                                ---------------  -------------------   ------------------
                NBO               Theta   Phi    Theta   Phi    Dev    Theta   Phi    Dev
 ========================================================================================
     1. BD (   1) C   1 - S   4    90.3  233.5    90.2  235.2   1.7     89.4   48.3   5.1
     2. BD (   1) C   1 - N   7    89.9  118.6    89.0  120.0   1.6     89.2  301.8   3.4
     3. BD (   2) C   1 - N   7    89.9  118.6     1.6  332.0  91.3    179.7    5.1  89.8
     4. BD (   1) C   1 - N   8    93.2  354.7    91.3  353.6   2.2     87.5  176.2   1.7
     5. BD (   1) C   2 - C   3    89.8  251.3    91.0  251.3   1.2     91.5   72.2   1.6
     6. BD (   2) C   2 - C   3    89.8  251.3     0.6  281.1  89.3      1.1   45.7  89.2
     8. BD (   1) C   2 - N   7    90.0    8.0    90.4    6.9   1.1     90.1  184.2   3.8
     9. BD (   1) C   3 - S   4    90.5  321.8    90.3  318.8   3.0     89.3  146.8   5.0
    11. BD (   1) N   8 - H   9    78.6   60.5    78.4   58.8   1.6      --     --    --
    12. BD (   1) N   8 - H  10    63.6  297.0    62.2  297.1   1.4      --     --    --
    23. LP (   1) S   4             --     --     89.7  279.6   --       --     --    --
    24. LP (   2) S   4             --     --    179.3  120.1   --       --     --    --
    25. LP (   1) N   7             --     --     89.5   63.5   --       --     --    --
    26. LP (   1) N   8             --     --    163.9  320.8   --       --     --    --
   117. BD*(   2) C   1 - N   7    89.9  118.6     1.6  332.0  91.3    179.7    5.1  89.8
   120. BD*(   2) C   2 - C   3    89.8  251.3     0.6  281.1  89.3      1.1   45.7  89.2


 Second Order Perturbation Theory Analysis of Fock Matrix in NBO Basis

     Threshold for printing:   0.50 kcal/mol
                                                                              E(2)  E(j)-E(i) F(i,j)
         Donor NBO (i)                     Acceptor NBO (j)                 kcal/mol   a.u.    a.u. 
 ===================================================================================================

 within unit  1
   1. BD (   1) C   1 - S   4        / 56. RY*(   2) C   3                    0.81    1.50    0.031
   1. BD (   1) C   1 - S   4        / 85. RY*(   1) N   7                    1.54    1.41    0.042
   1. BD (   1) C   1 - S   4        / 86. RY*(   2) N   7                    0.66    1.70    0.030
   1. BD (   1) C   1 - S   4        /100. RY*(   2) N   8                    0.84    1.58    0.033
   1. BD (   1) C   1 - S   4        /119. BD*(   1) C   2 - C   3            0.57    1.26    0.024
   1. BD (   1) C   1 - S   4        /121. BD*(   1) C   2 - H   5            0.58    1.12    0.023
   1. BD (   1) C   1 - S   4        /124. BD*(   1) C   3 - H   6            2.84    1.12    0.051
   1. BD (   1) C   1 - S   4        /125. BD*(   1) N   8 - H   9            2.72    1.10    0.049
   2. BD (   1) C   1 - N   7        / 27. RY*(   1) C   1                    0.57    1.63    0.027
   2. BD (   1) C   1 - N   7        / 41. RY*(   1) C   2                    0.98    1.56    0.035
   2. BD (   1) C   1 - N   7        / 42. RY*(   2) C   2                    2.31    2.01    0.061
   2. BD (   1) C   1 - N   7        /118. BD*(   1) C   1 - N   8            1.30    1.30    0.037
   2. BD (   1) C   1 - N   7        /121. BD*(   1) C   2 - H   5            2.38    1.34    0.050
   2. BD (   1) C   1 - N   7        /122. BD*(   1) C   2 - N   7            1.16    1.35    0.035
   2. BD (   1) C   1 - N   7        /126. BD*(   1) N   8 - H  10            1.57    1.31    0.041
   3. BD (   2) C   1 - N   7        / 43. RY*(   3) C   2                    1.51    2.06    0.051
   3. BD (   2) C   1 - N   7        / 72. RY*(   4) S   4                    0.99    1.02    0.029
   3. BD (   2) C   1 - N   7        / 99. RY*(   1) N   8                    1.21    0.96    0.031
   3. BD (   2) C   1 - N   7        /117. BD*(   2) C   1 - N   7            1.26    0.32    0.019
   3. BD (   2) C   1 - N   7        /120. BD*(   2) C   2 - C   3           20.24    0.34    0.076
   3. BD (   2) C   1 - N   7        /126. BD*(   1) N   8 - H  10            0.80    0.75    0.023
   4. BD (   1) C   1 - N   8        / 85. RY*(   1) N   7                    0.55    1.59    0.026
   4. BD (   1) C   1 - N   8        /116. BD*(   1) C   1 - N   7            1.32    1.40    0.039
   4. BD (   1) C   1 - N   8        /122. BD*(   1) C   2 - N   7            2.09    1.32    0.047
   5. BD (   1) C   2 - C   3        / 70. RY*(   2) S   4                    0.56    1.39    0.025
   5. BD (   1) C   2 - C   3        / 86. RY*(   2) N   7                    1.20    1.78    0.041
   5. BD (   1) C   2 - C   3        /115. BD*(   1) C   1 - S   4            0.53    0.92    0.020
   5. BD (   1) C   2 - C   3        /118. BD*(   1) C   1 - N   8            0.85    1.17    0.028
   5. BD (   1) C   2 - C   3        /121. BD*(   1) C   2 - H   5            1.60    1.21    0.039
   5. BD (   1) C   2 - C   3        /122. BD*(   1) C   2 - N   7            0.63    1.22    0.025
   5. BD (   1) C   2 - C   3        /124. BD*(   1) C   3 - H   6            2.00    1.21    0.044
   6. BD (   2) C   2 - C   3        / 69. RY*(   1) S   4                    2.63    0.99    0.046
   6. BD (   2) C   2 - C   3        / 87. RY*(   3) N   7                    0.87    0.88    0.025
   6. BD (   2) C   2 - C   3        /117. BD*(   2) C   1 - N   7            9.02    0.27    0.049
   7. BD (   1) C   2 - H   5        / 56. RY*(   2) C   3                    0.77    1.38    0.029
   7. BD (   1) C   2 - H   5        /116. BD*(   1) C   1 - N   7            2.34    1.10    0.045
   7. BD (   1) C   2 - H   5        /119. BD*(   1) C   2 - C   3            1.55    1.13    0.037
   7. BD (   1) C   2 - H   5        /123. BD*(   1) C   3 - S   4            3.89    0.74    0.048
   8. BD (   1) C   2 - N   7        / 27. RY*(   1) C   1                    3.22    1.53    0.063
   8. BD (   1) C   2 - N   7        / 28. RY*(   2) C   1                    0.80    2.16    0.037
   8. BD (   1) C   2 - N   7        / 55. RY*(   1) C   3                    0.71    1.77    0.032
   8. BD (   1) C   2 - N   7        /116. BD*(   1) C   1 - N   7            1.04    1.33    0.033
   8. BD (   1) C   2 - N   7        /118. BD*(   1) C   1 - N   8            7.11    1.20    0.083
   8. BD (   1) C   2 - N   7        /119. BD*(   1) C   2 - C   3            1.07    1.37    0.034
   8. BD (   1) C   2 - N   7        /124. BD*(   1) C   3 - H   6            2.50    1.24    0.050
   9. BD (   1) C   3 - S   4        / 41. RY*(   1) C   2                    1.64    1.33    0.042
   9. BD (   1) C   3 - S   4        /116. BD*(   1) C   1 - N   7            0.72    1.21    0.026
   9. BD (   1) C   3 - S   4        /118. BD*(   1) C   1 - N   8            4.73    1.08    0.064
   9. BD (   1) C   3 - S   4        /121. BD*(   1) C   2 - H   5            4.48    1.11    0.063
   9. BD (   1) C   3 - S   4        /122. BD*(   1) C   2 - N   7            1.22    1.13    0.033
  10. BD (   1) C   3 - H   6        / 42. RY*(   2) C   2                    1.35    1.70    0.043
  10. BD (   1) C   3 - H   6        /119. BD*(   1) C   2 - C   3            2.21    1.16    0.045
  10. BD (   1) C   3 - H   6        /122. BD*(   1) C   2 - N   7            3.25    1.04    0.052
  11. BD (   1) N   8 - H   9        / 27. RY*(   1) C   1                    0.52    1.42    0.024
  11. BD (   1) N   8 - H   9        / 29. RY*(   3) C   1                    0.86    1.74    0.035
  11. BD (   1) N   8 - H   9        /115. BD*(   1) C   1 - S   4            5.65    0.83    0.062
  12. BD (   1) N   8 - H  10        / 27. RY*(   1) C   1                    0.76    1.43    0.029
  12. BD (   1) N   8 - H  10        / 29. RY*(   3) C   1                    0.91    1.74    0.036
  12. BD (   1) N   8 - H  10        /116. BD*(   1) C   1 - N   7            4.43    1.23    0.066
  12. BD (   1) N   8 - H  10        /117. BD*(   2) C   1 - N   7            1.05    0.66    0.026
  13. CR (   1) C   1                / 86. RY*(   2) N   7                    1.06   11.21    0.098
  13. CR (   1) C   1                /102. RY*(   4) N   8                    0.54   11.11    0.069
  13. CR (   1) C   1                /115. BD*(   1) C   1 - S   4            0.64   10.34    0.074
  13. CR (   1) C   1                /122. BD*(   1) C   2 - N   7            1.15   10.65    0.099
  13. CR (   1) C   1                /126. BD*(   1) N   8 - H  10            0.59   10.60    0.071
  14. CR (   1) C   2                / 56. RY*(   2) C   3                    2.17   10.93    0.138
  14. CR (   1) C   2                /116. BD*(   1) C   1 - N   7            0.75   10.64    0.080
  14. CR (   1) C   2                /119. BD*(   1) C   2 - C   3            1.16   10.68    0.100
  14. CR (   1) C   2                /124. BD*(   1) C   3 - H   6            1.14   10.55    0.098
  15. CR (   1) C   3                / 41. RY*(   1) C   2                    1.32   10.77    0.106
  15. CR (   1) C   3                / 42. RY*(   2) C   2                    1.49   11.23    0.116
  15. CR (   1) C   3                / 84. RY*(   1) H   6                    0.55   10.62    0.068
  15. CR (   1) C   3                /119. BD*(   1) C   2 - C   3            1.31   10.69    0.106
  15. CR (   1) C   3                /121. BD*(   1) C   2 - H   5            0.89   10.55    0.087
  15. CR (   1) C   3                /123. BD*(   1) C   3 - S   4            0.79   10.30    0.081
  17. CR (   2) S   4                / 27. RY*(   1) C   1                    1.74    9.65    0.116
  17. CR (   2) S   4                / 55. RY*(   1) C   3                    1.48    9.89    0.108
  17. CR (   2) S   4                /116. BD*(   1) C   1 - N   7            0.55    9.45    0.065
  17. CR (   2) S   4                /118. BD*(   1) C   1 - N   8            0.97    9.32    0.086
  17. CR (   2) S   4                /124. BD*(   1) C   3 - H   6            0.71    9.36    0.073
  21. CR (   1) N   7                / 27. RY*(   1) C   1                    3.62   14.89    0.208
  21. CR (   1) N   7                / 41. RY*(   1) C   2                    2.19   14.81    0.161
  21. CR (   1) N   7                /115. BD*(   1) C   1 - S   4            0.70   14.30    0.091
  21. CR (   1) N   7                /118. BD*(   1) C   1 - N   8            0.82   14.56    0.098
  22. CR (   1) N   8                / 29. RY*(   3) C   1                    2.70   15.29    0.182
  22. CR (   1) N   8                / 31. RY*(   5) C   1                    0.98   15.81    0.111
  22. CR (   1) N   8                /115. BD*(   1) C   1 - S   4            0.63   14.38    0.087
  22. CR (   1) N   8                /116. BD*(   1) C   1 - N   7            0.62   14.77    0.086
  23. LP (   1) S   4                / 27. RY*(   1) C   1                    2.03    1.42    0.048
  23. LP (   1) S   4                / 55. RY*(   1) C   3                    1.38    1.66    0.043
  23. LP (   1) S   4                /116. BD*(   1) C   1 - N   7            3.24    1.23    0.056
  23. LP (   1) S   4                /119. BD*(   1) C   2 - C   3            1.22    1.26    0.035
  24. LP (   2) S   4                / 57. RY*(   3) C   3                    1.08    1.05    0.033
  24. LP (   2) S   4                / 72. RY*(   4) S   4                    0.61    0.95    0.023
  24. LP (   2) S   4                /117. BD*(   2) C   1 - N   7           27.13    0.25    0.075
  24. LP (   2) S   4                /120. BD*(   2) C   2 - C   3           17.48    0.27    0.062
  25. LP (   1) N   7                / 27. RY*(   1) C   1                    3.44    1.12    0.057
  25. LP (   1) N   7                / 28. RY*(   2) C   1                    2.08    1.75    0.055
  25. LP (   1) N   7                / 38. RY*(  12) C   1                    0.53    1.85    0.029
  25. LP (   1) N   7                / 41. RY*(   1) C   2                    3.70    1.04    0.057
  25. LP (   1) N   7                /115. BD*(   1) C   1 - S   4           16.76    0.53    0.085
  25. LP (   1) N   7                /118. BD*(   1) C   1 - N   8            2.70    0.79    0.042
  25. LP (   1) N   7                /119. BD*(   1) C   2 - C   3            5.59    0.96    0.067
  25. LP (   1) N   7                /121. BD*(   1) C   2 - H   5            1.40    0.82    0.031
  25. LP (   1) N   7                /125. BD*(   1) N   8 - H   9            0.71    0.80    0.022
  26. LP (   1) N   8                / 29. RY*(   3) C   1                    0.95    1.39    0.034
  26. LP (   1) N   8                / 30. RY*(   4) C   1                    1.78    1.74    0.052
  26. LP (   1) N   8                /116. BD*(   1) C   1 - N   7            0.78    0.87    0.024
  26. LP (   1) N   8                /117. BD*(   2) C   1 - N   7           33.77    0.30    0.096
 117. BD*(   2) C   1 - N   7        / 29. RY*(   3) C   1                    0.85    1.08    0.060
 117. BD*(   2) C   1 - N   7        / 31. RY*(   5) C   1                    1.64    1.61    0.102
 117. BD*(   2) C   1 - N   7        / 72. RY*(   4) S   4                    0.74    0.70    0.045
 117. BD*(   2) C   1 - N   7        / 87. RY*(   3) N   7                    2.36    0.60    0.075
 117. BD*(   2) C   1 - N   7        / 96. RY*(  12) N   7                    0.53    1.41    0.055
 117. BD*(   2) C   1 - N   7        / 99. RY*(   1) N   8                    0.71    0.64    0.042
 117. BD*(   2) C   1 - N   7        /120. BD*(   2) C   2 - C   3           79.12    0.02    0.066
 120. BD*(   2) C   2 - C   3        / 45. RY*(   5) C   2                    1.95    0.85    0.101
 120. BD*(   2) C   2 - C   3        / 58. RY*(   4) C   3                    1.31    1.16    0.097
 120. BD*(   2) C   2 - C   3        / 69. RY*(   1) S   4                    0.53    0.70    0.047


 Natural Bond Orbitals (Summary):

                                                            Principal Delocalizations
           NBO                        Occupancy    Energy   (geminal,vicinal,remote)
 ====================================================================================
 Molecular unit  1  (C3H4N2S)
     1. BD (   1) C   1 - S   4          1.97874    -0.66074  124(v),125(v),85(v),100(v)
                                                    56(v),86(v),121(r),119(v)
     2. BD (   1) C   1 - N   7          1.98732    -0.87623  121(v),42(v),126(v),118(g)
                                                    122(g),41(v),27(g)
     3. BD (   2) C   1 - N   7          1.87722    -0.32516  120(v),43(v),117(g),99(v)
                                                    72(v),126(v)
     4. BD (   1) C   1 - N   8          1.99393    -0.84269  122(v),116(g),85(v)
     5. BD (   1) C   2 - C   3          1.98903    -0.74509  124(g),121(g),86(v),118(r)
                                                    122(g),70(v),115(v)
     6. BD (   2) C   2 - C   3          1.92849    -0.28410  117(v),69(v),87(v)
     7. BD (   1) C   2 - H   5          1.97848    -0.53976  123(v),116(v),119(g),56(v)
     8. BD (   1) C   2 - N   7          1.97798    -0.77458  118(v),27(v),124(v),119(g)
                                                    116(g),28(v),55(v)
     9. BD (   1) C   3 - S   4          1.97742    -0.65211  118(v),121(v),41(v),122(v)
                                                    116(v)
    10. BD (   1) C   3 - H   6          1.98542    -0.56310  122(v),119(g),42(v)
    11. BD (   1) N   8 - H   9          1.98286    -0.66254  115(v),29(v),27(v)
    12. BD (   1) N   8 - H  10          1.98426    -0.66926  116(v),117(v),29(v),27(v)
    13. CR (   1) C   1                  1.99931   -10.17410  122(v),86(v),115(g),126(v)
                                                    102(v)
    14. CR (   1) C   2                  1.99908   -10.08507  56(v),119(g),124(v),116(v)
    15. CR (   1) C   3                  1.99906   -10.09342  42(v),119(g),41(v),121(v)
                                                    123(g),84(v)
    16. CR (   1) S   4                  2.00000   -87.73755   
    17. CR (   2) S   4                  1.99931    -8.89194  27(v),55(v),118(v),124(v)
                                                    116(v)
    18. CR (   3) S   4                  1.99986    -5.93614   
    19. CR (   4) S   4                  1.99984    -5.93344   
    20. CR (   5) S   4                  1.99996    -5.93116   
    21. CR (   1) N   7                  1.99930   -14.13110  27(v),41(v),118(v),115(v)
    22. CR (   1) N   8                  1.99945   -14.21336  29(v),31(v),115(v),116(v)
    23. LP (   1) S   4                  1.98403    -0.66882  116(v),27(v),55(v),119(v)
    24. LP (   2) S   4                  1.69057    -0.25794  117(v),120(v),57(v),72(g)
    25. LP (   1) N   7                  1.88504    -0.36319  115(v),119(v),41(v),27(v)
                                                    118(v),28(v),121(v),125(r)
                                                    38(v)
    26. LP (   1) N   8                  1.82521    -0.31382  117(v),30(v),29(v),116(v)
    27. RY*(   1) C   1                  0.00931     0.75578   
    28. RY*(   2) C   1                  0.00514     1.38340   
    29. RY*(   3) C   1                  0.00331     1.07486   
    30. RY*(   4) C   1                  0.00229     1.42200   
    31. RY*(   5) C   1                  0.00204     1.59558   
    32. RY*(   6) C   1                  0.00130     1.11254   
    33. RY*(   7) C   1                  0.00044     2.06979   
    34. RY*(   8) C   1                  0.00036     0.91212   
    35. RY*(   9) C   1                  0.00018     0.53032   
    36. RY*(  10) C   1                  0.00010     1.07619   
    37. RY*(  11) C   1                  0.00007     3.14543   
    38. RY*(  12) C   1                  0.00002     1.48409   
    39. RY*(  13) C   1                  0.00001     2.21672   
    40. RY*(  14) C   1                  0.00000     0.60994   
    41. RY*(   1) C   2                  0.00764     0.68010   
    42. RY*(   2) C   2                  0.00504     1.13869   
    43. RY*(   3) C   2                  0.00133     1.72995   
    44. RY*(   4) C   2                  0.00093     0.99061   
    45. RY*(   5) C   2                  0.00067     0.86223   
    46. RY*(   6) C   2                  0.00024     1.23301   
    47. RY*(   7) C   2                  0.00011     2.14340   
    48. RY*(   8) C   2                  0.00009     2.20658   
    49. RY*(   9) C   2                  0.00004     0.84470   
    50. RY*(  10) C   2                  0.00001     1.83327   
    51. RY*(  11) C   2                  0.00001     0.39199   
    52. RY*(  12) C   2                  0.00002     1.67469   
    53. RY*(  13) C   2                  0.00000     1.71195   
    54. RY*(  14) C   2                  0.00000     2.23324   
    55. RY*(   1) C   3                  0.00301     0.99487   
    56. RY*(   2) C   3                  0.00210     0.84348   
    57. RY*(   3) C   3                  0.00118     0.79408   
    58. RY*(   4) C   3                  0.00068     1.17269   
    59. RY*(   5) C   3                  0.00042     0.88932   
    60. RY*(   6) C   3                  0.00028     0.89129   
    61. RY*(   7) C   3                  0.00008     1.35541   
    62. RY*(   8) C   3                  0.00004     1.64412   
    63. RY*(   9) C   3                  0.00004     0.61477   
    64. RY*(  10) C   3                  0.00001     1.96988   
    65. RY*(  11) C   3                  0.00000     1.50087   
    66. RY*(  12) C   3                  0.00000     0.93343   
    67. RY*(  13) C   3                  0.00001     1.77369   
    68. RY*(  14) C   3                  0.00000     3.45009   
    69. RY*(   1) S   4                  0.00502     0.70980   
    70. RY*(   2) S   4                  0.00300     0.64305   
    71. RY*(   3) S   4                  0.00210     0.77139   
    72. RY*(   4) S   4                  0.00183     0.69215   
    73. RY*(   5) S   4                  0.00049     0.74220   
    74. RY*(   6) S   4                  0.00038     0.28800   
    75. RY*(   7) S   4                  0.00034     0.61593   
    76. RY*(   8) S   4                  0.00017     0.28840   
    77. RY*(   9) S   4                  0.00006     0.27118   
    78. RY*(  10) S   4                  0.00002     0.51473   
    79. RY*(  11) S   4                  0.00003     0.95200   
    80. RY*(  12) S   4                  0.00000     0.89129   
    81. RY*(  13) S   4                  0.00000     3.37456   
    82. RY*(  14) S   4                  0.00000     0.66505   
    83. RY*(   1) H   5                  0.00055     0.53385   
    84. RY*(   1) H   6                  0.00074     0.52231   
    85. RY*(   1) N   7                  0.00471     0.74898   
    86. RY*(   2) N   7                  0.00228     1.03875   
    87. RY*(   3) N   7                  0.00106     0.59488   
    88. RY*(   4) N   7                  0.00066     0.91195   
    89. RY*(   5) N   7                  0.00030     1.55268   
    90. RY*(   6) N   7                  0.00025     1.20000   
    91. RY*(   7) N   7                  0.00015     1.66285   
    92. RY*(   8) N   7                  0.00011     1.85757   
    93. RY*(   9) N   7                  0.00007     1.30725   
    94. RY*(  10) N   7                  0.00003     1.71412   
    95. RY*(  11) N   7                  0.00002     2.12063   
    96. RY*(  12) N   7                  0.00000     1.40286   
    97. RY*(  13) N   7                  0.00000     1.07751   
    98. RY*(  14) N   7                  0.00000     3.27076   
    99. RY*(   1) N   8                  0.00353     0.63123   
   100. RY*(   2) N   8                  0.00273     0.92310   
   101. RY*(   3) N   8                  0.00060     1.27282   
   102. RY*(   4) N   8                  0.00031     0.93606   
   103. RY*(   5) N   8                  0.00009     0.89670   
   104. RY*(   6) N   8                  0.00005     0.99294   
   105. RY*(   7) N   8                  0.00005     1.48870   
   106. RY*(   8) N   8                  0.00003     1.11737   
   107. RY*(   9) N   8                  0.00000     3.80265   
   108. RY*(  10) N   8                  0.00001     1.35775   
   109. RY*(  11) N   8                  0.00000     1.21908   
   110. RY*(  12) N   8                  0.00001     1.71737   
   111. RY*(  13) N   8                  0.00001     2.00879   
   112. RY*(  14) N   8                  0.00001     1.67224   
   113. RY*(   1) H   9                  0.00274     0.58784   
   114. RY*(   1) H  10                  0.00082     0.56847   
   115. BD*(   1) C   1 - S   4          0.08460     0.17042   
   116. BD*(   1) C   1 - N   7          0.02173     0.55915   
   117. BD*(   2) C   1 - N   7          0.40177    -0.00977  120(v),87(g),31(g),29(g)
                                                    72(v),99(v),96(g)
   118. BD*(   1) C   1 - N   8          0.02941     0.42568   
   119. BD*(   1) C   2 - C   3          0.02460     0.59431   
   120. BD*(   2) C   2 - C   3          0.25829     0.01314  117(v),45(g),58(g),69(v)
   121. BD*(   1) C   2 - H   5          0.01831     0.46018   
   122. BD*(   1) C   2 - N   7          0.01195     0.47637   
   123. BD*(   1) C   3 - S   4          0.01430     0.20422   
   124. BD*(   1) C   3 - H   6          0.01151     0.46348   
   125. BD*(   1) N   8 - H   9          0.01078     0.43568   
   126. BD*(   1) N   8 - H  10          0.00765     0.42967   
       -------------------------------
              Total Lewis   51.02117  ( 98.1176%)
        Valence non-Lewis    0.89490  (  1.7210%)
        Rydberg non-Lewis    0.08392  (  0.1614%)
       -------------------------------
            Total unit  1   52.00000  (100.0000%)
           Charge unit  1    0.00000
 Calling FoFJK, ICntrl=      2127 FMM=F ISym2X=0 I1Cent= 0 IOpClX= 0 NMat=1 NMatS=1 NMatT=0.
 ***** Axes restored to original set *****
 -------------------------------------------------------------------
 Center     Atomic                   Forces (Hartrees/Bohr)
 Number     Number              X              Y              Z
 -------------------------------------------------------------------
      1        6           0.000084340    0.000097861    0.000056216
      2        6           0.000107303   -0.000078762   -0.000072633
      3        6          -0.000124956    0.000215445    0.000038382
      4       16           0.000042202   -0.000167171   -0.000025312
      5        1          -0.000015502    0.000011033   -0.000005554
      6        1           0.000022280   -0.000038406    0.000009347
      7        7          -0.000130066   -0.000019932    0.000033970
      8        7           0.000137688   -0.000026596   -0.000035392
      9        1          -0.000079134   -0.000031964    0.000019361
     10        1          -0.000044154    0.000038491   -0.000018385
 -------------------------------------------------------------------
 Cartesian Forces:  Max     0.000215445 RMS     0.000079578

 GradGradGradGradGradGradGradGradGradGradGradGradGradGradGradGradGradGrad
 Berny optimization.
 Internal  Forces:  Max     0.000136409 RMS     0.000041850
 Search for a local minimum.
 Step number   1 out of a maximum of   50
 All quantities printed in internal units (Hartrees-Bohrs-Radians)
 Mixed Optimization -- En-DIIS/RFO-DIIS
 Second derivative matrix not updated -- first step.
 ITU=  0
     Eigenvalues ---    0.01604   0.01899   0.01953   0.02086   0.02355
     Eigenvalues ---    0.02454   0.04333   0.15999   0.16000   0.16000
     Eigenvalues ---    0.16000   0.22445   0.24737   0.24956   0.28323
     Eigenvalues ---    0.29970   0.35485   0.35855   0.45252   0.45579
     Eigenvalues ---    0.47153   0.49050   0.50261   0.63520
 RFO step:  Lambda=-4.75220925D-07 EMin= 1.60422204D-02
 Linear search not attempted -- first point.
 Iteration  1 RMS(Cart)=  0.00056245 RMS(Int)=  0.00000036
 Iteration  2 RMS(Cart)=  0.00000033 RMS(Int)=  0.00000014
 Variable       Old X    -DE/DX   Delta X   Delta X   Delta X     New X
                                 (Linear)    (Quad)   (Total)
    R1        3.34093   0.00008   0.00000   0.00031   0.00031   3.34124
    R2        2.46314   0.00002   0.00000   0.00003   0.00003   2.46317
    R3        2.60836   0.00002   0.00000   0.00004   0.00004   2.60840
    R4        2.57282  -0.00007   0.00000  -0.00015  -0.00015   2.57267
    R5        2.04894   0.00002   0.00000   0.00005   0.00005   2.04899
    R6        2.60999  -0.00008   0.00000  -0.00018  -0.00018   2.60981
    R7        3.30861   0.00014   0.00000   0.00045   0.00045   3.30906
    R8        2.04309  -0.00001   0.00000  -0.00002  -0.00002   2.04307
    R9        1.91685  -0.00006   0.00000  -0.00014  -0.00014   1.91671
   R10        1.91309  -0.00006   0.00000  -0.00012  -0.00012   1.91296
    A1        2.00523  -0.00004   0.00000  -0.00012  -0.00012   2.00510
    A2        2.11441   0.00001   0.00000   0.00003   0.00003   2.11444
    A3        2.16131   0.00002   0.00000   0.00005   0.00005   2.16136
    A4        2.17598  -0.00002   0.00000  -0.00006  -0.00006   2.17591
    A5        2.03645   0.00003   0.00000   0.00007   0.00007   2.03652
    A6        2.07071  -0.00001   0.00000  -0.00002  -0.00002   2.07069
    A7        1.91189   0.00000   0.00000  -0.00004  -0.00004   1.91185
    A8        2.25570   0.00004   0.00000   0.00028   0.00028   2.25599
    A9        2.11557  -0.00004   0.00000  -0.00024  -0.00024   2.11533
   A10        1.54099  -0.00004   0.00000  -0.00009  -0.00009   1.54089
   A11        1.93013   0.00005   0.00000   0.00016   0.00016   1.93029
   A12        1.97216  -0.00008   0.00000  -0.00064  -0.00064   1.97152
   A13        2.04143  -0.00002   0.00000  -0.00027  -0.00027   2.04116
   A14        1.97792   0.00004   0.00000   0.00002   0.00002   1.97794
    D1       -0.00956  -0.00001   0.00000  -0.00074  -0.00074  -0.01029
    D2       -3.08195   0.00000   0.00000  -0.00011  -0.00011  -3.08207
    D3        0.00439  -0.00001   0.00000  -0.00005  -0.00005   0.00433
    D4        3.07468  -0.00002   0.00000  -0.00070  -0.00070   3.07398
    D5       -2.94062   0.00003   0.00000   0.00072   0.00072  -2.93991
    D6       -0.59646  -0.00002   0.00000  -0.00027  -0.00027  -0.59673
    D7        0.27655   0.00004   0.00000   0.00140   0.00140   0.27795
    D8        2.62071   0.00000   0.00000   0.00042   0.00042   2.62113
    D9        3.13952  -0.00001   0.00000  -0.00052  -0.00052   3.13900
   D10       -0.00891   0.00001   0.00000   0.00031   0.00031  -0.00860
   D11       -0.01251  -0.00003   0.00000  -0.00169  -0.00169  -0.01420
   D12        3.12224  -0.00002   0.00000  -0.00086  -0.00086   3.12138
   D13        0.00548   0.00003   0.00000   0.00116   0.00116   0.00665
   D14        3.13730   0.00000   0.00000   0.00006   0.00006   3.13736
   D15        0.01172   0.00002   0.00000   0.00130   0.00130   0.01302
   D16       -3.12367   0.00001   0.00000   0.00054   0.00055  -3.12313
         Item               Value     Threshold  Converged?
 Maximum Force            0.000136     0.000450     YES
 RMS     Force            0.000042     0.000300     YES
 Maximum Displacement     0.001876     0.001800     NO 
 RMS     Displacement     0.000562     0.001200     YES
 Predicted change in Energy=-2.375773D-07
 GradGradGradGradGradGradGradGradGradGradGradGradGradGradGradGradGradGrad

                          Input orientation:                          
 ---------------------------------------------------------------------
 Center     Atomic      Atomic             Coordinates (Angstroms)
 Number     Number       Type             X           Y           Z
 ---------------------------------------------------------------------
      1          6           0        0.779795    0.211564    0.001779
      2          6           0       -1.211372    1.164508    0.003111
      3          6           0       -1.647968   -0.124972    0.008921
      4         16           0       -0.272877   -1.209001   -0.007760
      5          1           0       -1.858171    2.034731    0.008533
      6          1           0       -2.660150   -0.504518    0.026604
      7          7           0        0.156307    1.356222    0.003645
      8          7           0        2.151999    0.083901   -0.075691
      9          1           0        2.641827    0.948962    0.125547
     10          1           0        2.563746   -0.723953    0.374395
 ---------------------------------------------------------------------
                    Distance matrix (angstroms):
                    1          2          3          4          5
     1  C    0.000000
     2  C    2.207454   0.000000
     3  C    2.450988   1.361400   0.000000
     4  S    1.768110   2.552340   1.751078   0.000000
     5  H    3.206689   1.084281   2.169909   3.610433   0.000000
     6  H    3.513775   2.210240   1.081148   2.489287   2.662947
     7  N    1.303451   1.381050   2.334389   2.600904   2.125681
     8  N    1.380305   3.533580   3.806644   2.748861   4.460302
     9  H    2.006549   3.861165   4.423718   3.629060   4.630612
    10  H    2.048540   4.237412   4.269765   2.903058   5.224706
                    6          7          8          9         10
     6  H    0.000000
     7  N    3.375695   0.000000
     8  N    4.849070   2.368096   0.000000
     9  H    5.498487   2.521613   1.014277   0.000000
    10  H    5.240058   3.203178   1.012296   1.693123   0.000000
 Stoichiometry    C3H4N2S
 Framework group  C1[X(C3H4N2S)]
 Deg. of freedom    24
 Full point group                 C1      NOp   1
 Largest Abelian subgroup         C1      NOp   1
 Largest concise Abelian subgroup C1      NOp   1
                         Standard orientation:                         
 ---------------------------------------------------------------------
 Center     Atomic      Atomic             Coordinates (Angstroms)
 Number     Number       Type             X           Y           Z
 ---------------------------------------------------------------------
      1          6           0        0.779756    0.211586    0.001982
      2          6           0       -1.211407    1.164539    0.003313
      3          6           0       -1.648009   -0.124940    0.009124
      4         16           0       -0.272922   -1.208974   -0.007557
      5          1           0       -1.858202    2.034765    0.008735
      6          1           0       -2.660193   -0.504481    0.026807
      7          7           0        0.156273    1.356247    0.003847
      8          7           0        2.151959    0.083918   -0.075488
      9          1           0        2.641791    0.948976    0.125749
     10          1           0        2.563703   -0.723939    0.374598
 ---------------------------------------------------------------------
 Rotational constants (GHZ):      5.2867791      3.3775618      2.0647556
 Standard basis: 6-31+G(d) (6D, 7F)
 There are   126 symmetry adapted basis functions of A   symmetry.
 Integral buffers will be    131072 words long.
 Raffenetti 2 integral format.
 Two-electron integral symmetry is turned on.
   126 basis functions,   232 primitive gaussians,   126 cartesian basis functions
    26 alpha electrons       26 beta electrons
       nuclear repulsion energy       277.3508001633 Hartrees.
 NAtoms=   10 NActive=   10 NUniq=   10 SFac= 1.00D+00 NAtFMM=   50 NAOKFM=F Big=F
 One-electron integrals computed using PRISM.
 NBasis=   126 RedAO= T  NBF=   126
 NBsUse=   126 1.00D-06 NBFU=   126
 Initial guess read from the read-write file.
 B after Tr=     0.000000    0.000000    0.000000
         Rot=    1.000000    0.000000    0.000000    0.000000 Ang=   0.00 deg.
 Initial guess orbital symmetries:
       Occupied  (A) (A) (A) (A) (A) (A) (A) (A) (A) (A) (A) (A)
                 (A) (A) (A) (A) (A) (A) (A) (A) (A) (A) (A) (A)
                 (A) (A)
       Virtual   (A) (A) (A) (A) (A) (A) (A) (A) (A) (A) (A) (A)
                 (A) (A) (A) (A) (A) (A) (A) (A) (A) (A) (A) (A)
                 (A) (A) (A) (A) (A) (A) (A) (A) (A) (A) (A) (A)
                 (A) (A) (A) (A) (A) (A) (A) (A) (A) (A) (A) (A)
                 (A) (A) (A) (A) (A) (A) (A) (A) (A) (A) (A) (A)
                 (A) (A) (A) (A) (A) (A) (A) (A) (A) (A) (A) (A)
                 (A) (A) (A) (A) (A) (A) (A) (A) (A) (A) (A) (A)
                 (A) (A) (A) (A) (A) (A) (A) (A) (A) (A) (A) (A)
                 (A) (A) (A) (A)
 Requested convergence on RMS density matrix=1.00D-08 within 128 cycles.
 Requested convergence on MAX density matrix=1.00D-06.
 Requested convergence on             energy=1.00D-06.
 No special actions if energy rises.
 Keep R1 ints in memory in canonical form, NReq=33189382.
 SCF Done:  E(RB3LYP) =  -624.418751660     A.U. after    8 cycles
             Convg  =    0.4397D-08             -V/T =  2.0057
 Calling FoFJK, ICntrl=      2127 FMM=F ISym2X=0 I1Cent= 0 IOpClX= 0 NMat=1 NMatS=1 NMatT=0.
 ***** Axes restored to original set *****
 -------------------------------------------------------------------
 Center     Atomic                   Forces (Hartrees/Bohr)
 Number     Number              X              Y              Z
 -------------------------------------------------------------------
      1        6          -0.000024209    0.000044203   -0.000030089
      2        6           0.000047395   -0.000019170    0.000085976
      3        6          -0.000056474    0.000065275   -0.000072727
      4       16           0.000009951   -0.000059616    0.000060830
      5        1          -0.000005495   -0.000000822    0.000000985
      6        1           0.000009258   -0.000023624   -0.000016279
      7        7          -0.000013126   -0.000020336   -0.000029607
      8        7           0.000028360    0.000001814   -0.000032358
      9        1           0.000007455    0.000016995    0.000015155
     10        1          -0.000003115   -0.000004720    0.000018113
 -------------------------------------------------------------------
 Cartesian Forces:  Max     0.000085976 RMS     0.000035933

 GradGradGradGradGradGradGradGradGradGradGradGradGradGradGradGradGradGrad
 Berny optimization.
 Using GEDIIS/GDIIS optimizer.
 Internal  Forces:  Max     0.000050055 RMS     0.000019800
 Search for a local minimum.
 Step number   2 out of a maximum of   50
 All quantities printed in internal units (Hartrees-Bohrs-Radians)
 Mixed Optimization -- En-DIIS/RFO-DIIS
 Swaping is turned off.
 Update second derivatives using D2CorX and points    1    2
 DE= -1.47D-07 DEPred=-2.38D-07 R= 6.20D-01
 Trust test= 6.20D-01 RLast= 3.49D-03 DXMaxT set to 3.00D-01
 ITU=  0  0
     Eigenvalues ---    0.01717   0.01907   0.01976   0.02134   0.02429
     Eigenvalues ---    0.03851   0.04358   0.14060   0.15999   0.16000
     Eigenvalues ---    0.16262   0.22346   0.24484   0.24994   0.25676
     Eigenvalues ---    0.28968   0.35464   0.35852   0.45340   0.45474
     Eigenvalues ---    0.46384   0.49133   0.50272   0.63719
 En-DIIS/RFO-DIIS IScMMF=        0 using points:     2    1
 RFO step:  Lambda=-5.69819185D-08.
 DidBck=T Rises=F RFO-DIIS coefs:    0.72516    0.27484
 Iteration  1 RMS(Cart)=  0.00041036 RMS(Int)=  0.00000019
 Iteration  2 RMS(Cart)=  0.00000023 RMS(Int)=  0.00000006
 Variable       Old X    -DE/DX   Delta X   Delta X   Delta X     New X
                                  (DIIS)     (GDIIS)  (Total)
    R1        3.34124   0.00003  -0.00009   0.00031   0.00022   3.34147
    R2        2.46317  -0.00002  -0.00001  -0.00001  -0.00002   2.46315
    R3        2.60840   0.00003  -0.00001   0.00007   0.00006   2.60846
    R4        2.57267  -0.00001   0.00004  -0.00012  -0.00007   2.57260
    R5        2.04899   0.00000  -0.00001   0.00004   0.00003   2.04902
    R6        2.60981  -0.00002   0.00005  -0.00017  -0.00012   2.60969
    R7        3.30906   0.00004  -0.00012   0.00042   0.00030   3.30935
    R8        2.04307   0.00000   0.00001  -0.00002  -0.00001   2.04306
    R9        1.91671   0.00002   0.00004  -0.00007  -0.00003   1.91668
   R10        1.91296   0.00001   0.00003  -0.00007  -0.00004   1.91293
    A1        2.00510   0.00000   0.00003  -0.00008  -0.00005   2.00505
    A2        2.11444   0.00001  -0.00001   0.00006   0.00005   2.11449
    A3        2.16136  -0.00001  -0.00001   0.00003   0.00002   2.16138
    A4        2.17591  -0.00001   0.00002  -0.00008  -0.00006   2.17585
    A5        2.03652   0.00002  -0.00002   0.00010   0.00008   2.03661
    A6        2.07069   0.00000   0.00001  -0.00002  -0.00002   2.07067
    A7        1.91185  -0.00001   0.00001  -0.00005  -0.00004   1.91181
    A8        2.25599   0.00003  -0.00008   0.00031   0.00023   2.25622
    A9        2.11533  -0.00002   0.00007  -0.00027  -0.00020   2.11513
   A10        1.54089  -0.00001   0.00003  -0.00008  -0.00006   1.54083
   A11        1.93029   0.00001  -0.00004   0.00012   0.00008   1.93037
   A12        1.97152   0.00000   0.00018  -0.00051  -0.00033   1.97118
   A13        2.04116  -0.00002   0.00007  -0.00032  -0.00024   2.04092
   A14        1.97794   0.00000  -0.00001  -0.00004  -0.00005   1.97789
    D1       -0.01029   0.00003   0.00020   0.00083   0.00103  -0.00926
    D2       -3.08207   0.00001   0.00003   0.00072   0.00075  -3.08132
    D3        0.00433  -0.00001   0.00001  -0.00056  -0.00055   0.00379
    D4        3.07398   0.00001   0.00019  -0.00044  -0.00025   3.07373
    D5       -2.93991   0.00002  -0.00020   0.00095   0.00076  -2.93915
    D6       -0.59673   0.00000   0.00007  -0.00003   0.00004  -0.59668
    D7        0.27795   0.00000  -0.00039   0.00083   0.00045   0.27840
    D8        2.62113  -0.00002  -0.00012  -0.00015  -0.00027   2.62087
    D9        3.13900   0.00002   0.00014   0.00034   0.00049   3.13949
   D10       -0.00860  -0.00001  -0.00008  -0.00023  -0.00031  -0.00892
   D11       -0.01420   0.00005   0.00047   0.00075   0.00121  -0.01299
   D12        3.12138   0.00002   0.00024   0.00018   0.00042   3.12179
   D13        0.00665  -0.00003  -0.00032  -0.00013  -0.00045   0.00619
   D14        3.13736   0.00000  -0.00002   0.00025   0.00023   3.13759
   D15        0.01302  -0.00004  -0.00036  -0.00084  -0.00119   0.01183
   D16       -3.12313  -0.00002  -0.00015  -0.00032  -0.00047  -3.12360
         Item               Value     Threshold  Converged?
 Maximum Force            0.000050     0.000450     YES
 RMS     Force            0.000020     0.000300     YES
 Maximum Displacement     0.001822     0.001800     NO 
 RMS     Displacement     0.000410     0.001200     YES
 Predicted change in Energy=-1.273055D-07
 GradGradGradGradGradGradGradGradGradGradGradGradGradGradGradGradGradGrad

                          Input orientation:                          
 ---------------------------------------------------------------------
 Center     Atomic      Atomic             Coordinates (Angstroms)
 Number     Number       Type             X           Y           Z
 ---------------------------------------------------------------------
      1          6           0        0.779850    0.211528    0.001838
      2          6           0       -1.211305    1.164504    0.003386
      3          6           0       -1.648049   -0.124888    0.008626
      4         16           0       -0.272908   -1.209126   -0.006795
      5          1           0       -1.858062    2.034778    0.008686
      6          1           0       -2.660188   -0.504551    0.025925
      7          7           0        0.156321    1.356154    0.003808
      8          7           0        2.152066    0.083888   -0.076049
      9          1           0        2.641648    0.949015    0.125421
     10          1           0        2.563762   -0.723857    0.374239
 ---------------------------------------------------------------------
                    Distance matrix (angstroms):
                    1          2          3          4          5
     1  C    0.000000
     2  C    2.207457   0.000000
     3  C    2.451105   1.361361   0.000000
     4  S    1.768228   2.552413   1.751235   0.000000
     5  H    3.206691   1.084297   2.169853   3.610521   0.000000
     6  H    3.513859   2.210320   1.081142   2.489297   2.663061
     7  N    1.303442   1.380989   2.334364   2.600963   2.125627
     8  N    1.380339   3.533597   3.806787   2.749033   4.460300
     9  H    2.006353   3.860903   4.423619   3.629007   4.630323
    10  H    2.048407   4.237283   4.269870   2.902994   5.224579
                    6          7          8          9         10
     6  H    0.000000
     7  N    3.375712   0.000000
     8  N    4.849169   2.368129   0.000000
     9  H    5.498383   2.521389   1.014261   0.000000
    10  H    5.240140   3.203036   1.012277   1.693067   0.000000
 Stoichiometry    C3H4N2S
 Framework group  C1[X(C3H4N2S)]
 Deg. of freedom    24
 Full point group                 C1      NOp   1
 Largest Abelian subgroup         C1      NOp   1
 Largest concise Abelian subgroup C1      NOp   1
                         Standard orientation:                         
 ---------------------------------------------------------------------
 Center     Atomic      Atomic             Coordinates (Angstroms)
 Number     Number       Type             X           Y           Z
 ---------------------------------------------------------------------
      1          6           0        0.779813    0.211567    0.001781
      2          6           0       -1.211308    1.164614    0.003329
      3          6           0       -1.648098   -0.124763    0.008569
      4         16           0       -0.272995   -1.209050   -0.006852
      5          1           0       -1.858035    2.034910    0.008629
      6          1           0       -2.660250   -0.504390    0.025868
      7          7           0        0.156324    1.356215    0.003751
      8          7           0        2.152024    0.083879   -0.076106
      9          1           0        2.641637    0.948989    0.125364
     10          1           0        2.563692   -0.723881    0.374182
 ---------------------------------------------------------------------
 Rotational constants (GHZ):      5.2864188      3.3774158      2.0646502
 Standard basis: 6-31+G(d) (6D, 7F)
 There are   126 symmetry adapted basis functions of A   symmetry.
 Integral buffers will be    131072 words long.
 Raffenetti 2 integral format.
 Two-electron integral symmetry is turned on.
   126 basis functions,   232 primitive gaussians,   126 cartesian basis functions
    26 alpha electrons       26 beta electrons
       nuclear repulsion energy       277.3446507869 Hartrees.
 NAtoms=   10 NActive=   10 NUniq=   10 SFac= 1.00D+00 NAtFMM=   50 NAOKFM=F Big=F
 One-electron integrals computed using PRISM.
 NBasis=   126 RedAO= T  NBF=   126
 NBsUse=   126 1.00D-06 NBFU=   126
 Initial guess read from the read-write file.
 B after Tr=     0.000000    0.000000    0.000000
         Rot=    1.000000    0.000000    0.000000    0.000000 Ang=   0.00 deg.
 Initial guess orbital symmetries:
       Occupied  (A) (A) (A) (A) (A) (A) (A) (A) (A) (A) (A) (A)
                 (A) (A) (A) (A) (A) (A) (A) (A) (A) (A) (A) (A)
                 (A) (A)
       Virtual   (A) (A) (A) (A) (A) (A) (A) (A) (A) (A) (A) (A)
                 (A) (A) (A) (A) (A) (A) (A) (A) (A) (A) (A) (A)
                 (A) (A) (A) (A) (A) (A) (A) (A) (A) (A) (A) (A)
                 (A) (A) (A) (A) (A) (A) (A) (A) (A) (A) (A) (A)
                 (A) (A) (A) (A) (A) (A) (A) (A) (A) (A) (A) (A)
                 (A) (A) (A) (A) (A) (A) (A) (A) (A) (A) (A) (A)
                 (A) (A) (A) (A) (A) (A) (A) (A) (A) (A) (A) (A)
                 (A) (A) (A) (A) (A) (A) (A) (A) (A) (A) (A) (A)
                 (A) (A) (A) (A)
 Requested convergence on RMS density matrix=1.00D-08 within 128 cycles.
 Requested convergence on MAX density matrix=1.00D-06.
 Requested convergence on             energy=1.00D-06.
 No special actions if energy rises.
 Keep R1 ints in memory in canonical form, NReq=33189382.
 SCF Done:  E(RB3LYP) =  -624.418751742     A.U. after    8 cycles
             Convg  =    0.5733D-08             -V/T =  2.0057
 Calling FoFJK, ICntrl=      2127 FMM=F ISym2X=0 I1Cent= 0 IOpClX= 0 NMat=1 NMatS=1 NMatT=0.
 ***** Axes restored to original set *****
 -------------------------------------------------------------------
 Center     Atomic                   Forces (Hartrees/Bohr)
 Number     Number              X              Y              Z
 -------------------------------------------------------------------
      1        6          -0.000065819    0.000002037    0.000020816
      2        6          -0.000006051    0.000015530    0.000004965
      3        6           0.000001777   -0.000022122    0.000015794
      4       16          -0.000003993    0.000016328   -0.000025153
      5        1          -0.000000465   -0.000006838   -0.000002456
      6        1           0.000001028   -0.000008935   -0.000000190
      7        7           0.000040972   -0.000016591   -0.000031174
      8        7          -0.000026871    0.000014196   -0.000022688
      9        1           0.000038490    0.000028969    0.000017995
     10        1           0.000020932   -0.000022575    0.000022091
 -------------------------------------------------------------------
 Cartesian Forces:  Max     0.000065819 RMS     0.000022589

 GradGradGradGradGradGradGradGradGradGradGradGradGradGradGradGradGradGrad
 Berny optimization.
 Using GEDIIS/GDIIS optimizer.
 Internal  Forces:  Max     0.000044589 RMS     0.000015022
 Search for a local minimum.
 Step number   3 out of a maximum of   50
 All quantities printed in internal units (Hartrees-Bohrs-Radians)
 Mixed Optimization -- En-DIIS/RFO-DIIS
 Swaping is turned off.
 Update second derivatives using D2CorX and points    1    2    3
 DE= -8.24D-08 DEPred=-1.27D-07 R= 6.47D-01
 Trust test= 6.47D-01 RLast= 2.68D-03 DXMaxT set to 3.00D-01
 ITU=  0  0  0
     Eigenvalues ---    0.01739   0.01904   0.02054   0.02401   0.02607
     Eigenvalues ---    0.03584   0.04767   0.13676   0.15999   0.16020
     Eigenvalues ---    0.16712   0.22198   0.24549   0.24935   0.25797
     Eigenvalues ---    0.28940   0.35479   0.35855   0.45418   0.45954
     Eigenvalues ---    0.47104   0.49537   0.51492   0.64159
 En-DIIS/RFO-DIIS IScMMF=        0 using points:     3    2    1
 RFO step:  Lambda=-1.84127943D-08.
 DidBck=T Rises=F RFO-DIIS coefs:    0.72206    0.22594    0.05201
 Iteration  1 RMS(Cart)=  0.00024066 RMS(Int)=  0.00000004
 Iteration  2 RMS(Cart)=  0.00000005 RMS(Int)=  0.00000002
 Variable       Old X    -DE/DX   Delta X   Delta X   Delta X     New X
                                  (DIIS)     (GDIIS)  (Total)
    R1        3.34147  -0.00001  -0.00008   0.00008   0.00000   3.34147
    R2        2.46315  -0.00003   0.00000  -0.00004  -0.00004   2.46311
    R3        2.60846   0.00003  -0.00002   0.00007   0.00005   2.60851
    R4        2.57260   0.00002   0.00003  -0.00001   0.00002   2.57262
    R5        2.04902   0.00000  -0.00001   0.00000  -0.00001   2.04902
    R6        2.60969   0.00002   0.00004  -0.00003   0.00001   2.60970
    R7        3.30935  -0.00002  -0.00011   0.00010  -0.00001   3.30934
    R8        2.04306   0.00000   0.00000   0.00000   0.00000   2.04307
    R9        1.91668   0.00004   0.00002   0.00005   0.00007   1.91675
   R10        1.91293   0.00004   0.00002   0.00004   0.00006   1.91298
    A1        2.00505   0.00001   0.00002   0.00000   0.00002   2.00508
    A2        2.11449   0.00000  -0.00002   0.00003   0.00001   2.11450
    A3        2.16138  -0.00001  -0.00001  -0.00003  -0.00004   2.16134
    A4        2.17585   0.00000   0.00002  -0.00004  -0.00002   2.17584
    A5        2.03661   0.00000  -0.00003   0.00004   0.00001   2.03662
    A6        2.07067   0.00000   0.00001   0.00000   0.00001   2.07068
    A7        1.91181  -0.00001   0.00001  -0.00003  -0.00002   1.91180
    A8        2.25622   0.00001  -0.00008   0.00014   0.00006   2.25628
    A9        2.11513   0.00000   0.00007  -0.00011  -0.00004   2.11508
   A10        1.54083   0.00000   0.00002  -0.00002   0.00000   1.54083
   A11        1.93037  -0.00001  -0.00003   0.00001  -0.00002   1.93035
   A12        1.97118   0.00003   0.00013  -0.00004   0.00008   1.97127
   A13        2.04092   0.00000   0.00008  -0.00013  -0.00004   2.04088
   A14        1.97789  -0.00002   0.00001  -0.00011  -0.00009   1.97780
    D1       -0.00926  -0.00002  -0.00025  -0.00026  -0.00051  -0.00977
    D2       -3.08132  -0.00001  -0.00020  -0.00027  -0.00048  -3.08179
    D3        0.00379   0.00002   0.00015   0.00037   0.00053   0.00431
    D4        3.07373   0.00001   0.00011   0.00039   0.00050   3.07423
    D5       -2.93915   0.00000  -0.00025   0.00037   0.00012  -2.93903
    D6       -0.59668   0.00000   0.00000   0.00001   0.00001  -0.59667
    D7        0.27840   0.00000  -0.00020   0.00035   0.00015   0.27855
    D8        2.62087   0.00000   0.00005  -0.00001   0.00004   2.62091
    D9        3.13949  -0.00001  -0.00011  -0.00006  -0.00016   3.13932
   D10       -0.00892   0.00000   0.00007  -0.00007   0.00000  -0.00892
   D11       -0.01299  -0.00001  -0.00025   0.00014  -0.00011  -0.01310
   D12        3.12179   0.00000  -0.00007   0.00012   0.00005   3.12184
   D13        0.00619  -0.00001   0.00007  -0.00033  -0.00027   0.00593
   D14        3.13759  -0.00001  -0.00007  -0.00015  -0.00022   3.13737
   D15        0.01183   0.00001   0.00026   0.00006   0.00032   0.01215
   D16       -3.12360   0.00001   0.00010   0.00007   0.00018  -3.12342
         Item               Value     Threshold  Converged?
 Maximum Force            0.000045     0.000450     YES
 RMS     Force            0.000015     0.000300     YES
 Maximum Displacement     0.000794     0.001800     YES
 RMS     Displacement     0.000241     0.001200     YES
 Predicted change in Energy=-2.798417D-08
 Optimization completed.
    -- Stationary point found.
                           ----------------------------
                           !   Optimized Parameters   !
                           ! (Angstroms and Degrees)  !
 --------------------------                            --------------------------
 ! Name  Definition              Value          Derivative Info.                !
 --------------------------------------------------------------------------------
 ! R1    R(1,4)                  1.7682         -DE/DX =    0.0                 !
 ! R2    R(1,7)                  1.3034         -DE/DX =    0.0                 !
 ! R3    R(1,8)                  1.3803         -DE/DX =    0.0                 !
 ! R4    R(2,3)                  1.3614         -DE/DX =    0.0                 !
 ! R5    R(2,5)                  1.0843         -DE/DX =    0.0                 !
 ! R6    R(2,7)                  1.381          -DE/DX =    0.0                 !
 ! R7    R(3,4)                  1.7512         -DE/DX =    0.0                 !
 ! R8    R(3,6)                  1.0811         -DE/DX =    0.0                 !
 ! R9    R(8,9)                  1.0143         -DE/DX =    0.0                 !
 ! R10   R(8,10)                 1.0123         -DE/DX =    0.0                 !
 ! A1    A(4,1,7)              114.8812         -DE/DX =    0.0                 !
 ! A2    A(4,1,8)              121.1515         -DE/DX =    0.0                 !
 ! A3    A(7,1,8)              123.8379         -DE/DX =    0.0                 !
 ! A4    A(3,2,5)              124.6672         -DE/DX =    0.0                 !
 ! A5    A(3,2,7)              116.6891         -DE/DX =    0.0                 !
 ! A6    A(5,2,7)              118.6409         -DE/DX =    0.0                 !
 ! A7    A(2,3,4)              109.5389         -DE/DX =    0.0                 !
 ! A8    A(2,3,6)              129.2721         -DE/DX =    0.0                 !
 ! A9    A(4,3,6)              121.1879         -DE/DX =    0.0                 !
 ! A10   A(1,4,3)               88.2832         -DE/DX =    0.0                 !
 ! A11   A(1,7,2)              110.602          -DE/DX =    0.0                 !
 ! A12   A(1,8,9)              112.9406         -DE/DX =    0.0                 !
 ! A13   A(1,8,10)             116.9361         -DE/DX =    0.0                 !
 ! A14   A(9,8,10)             113.325          -DE/DX =    0.0                 !
 ! D1    D(7,1,4,3)             -0.5306         -DE/DX =    0.0                 !
 ! D2    D(8,1,4,3)           -176.5465         -DE/DX =    0.0                 !
 ! D3    D(4,1,7,2)              0.2169         -DE/DX =    0.0                 !
 ! D4    D(8,1,7,2)            176.1117         -DE/DX =    0.0                 !
 ! D5    D(4,1,8,9)           -168.4011         -DE/DX =    0.0                 !
 ! D6    D(4,1,8,10)           -34.1875         -DE/DX =    0.0                 !
 ! D7    D(7,1,8,9)             15.9511         -DE/DX =    0.0                 !
 ! D8    D(7,1,8,10)           150.1647         -DE/DX =    0.0                 !
 ! D9    D(5,2,3,4)            179.8794         -DE/DX =    0.0                 !
 ! D10   D(5,2,3,6)             -0.5108         -DE/DX =    0.0                 !
 ! D11   D(7,2,3,4)             -0.7442         -DE/DX =    0.0                 !
 ! D12   D(7,2,3,6)            178.8656         -DE/DX =    0.0                 !
 ! D13   D(3,2,7,1)              0.3548         -DE/DX =    0.0                 !
 ! D14   D(5,2,7,1)            179.7704         -DE/DX =    0.0                 !
 ! D15   D(2,3,4,1)              0.6779         -DE/DX =    0.0                 !
 ! D16   D(6,3,4,1)           -178.969          -DE/DX =    0.0                 !
 --------------------------------------------------------------------------------
 GradGradGradGradGradGradGradGradGradGradGradGradGradGradGradGradGradGrad

                          Input orientation:                          
 ---------------------------------------------------------------------
 Center     Atomic      Atomic             Coordinates (Angstroms)
 Number     Number       Type             X           Y           Z
 ---------------------------------------------------------------------
      1          6           0        0.779850    0.211528    0.001838
      2          6           0       -1.211305    1.164504    0.003386
      3          6           0       -1.648049   -0.124888    0.008626
      4         16           0       -0.272908   -1.209126   -0.006795
      5          1           0       -1.858062    2.034778    0.008686
      6          1           0       -2.660188   -0.504551    0.025925
      7          7           0        0.156321    1.356154    0.003808
      8          7           0        2.152066    0.083888   -0.076049
      9          1           0        2.641648    0.949015    0.125421
     10          1           0        2.563762   -0.723857    0.374239
 ---------------------------------------------------------------------
                    Distance matrix (angstroms):
                    1          2          3          4          5
     1  C    0.000000
     2  C    2.207457   0.000000
     3  C    2.451105   1.361361   0.000000
     4  S    1.768228   2.552413   1.751235   0.000000
     5  H    3.206691   1.084297   2.169853   3.610521   0.000000
     6  H    3.513859   2.210320   1.081142   2.489297   2.663061
     7  N    1.303442   1.380989   2.334364   2.600963   2.125627
     8  N    1.380339   3.533597   3.806787   2.749033   4.460300
     9  H    2.006353   3.860903   4.423619   3.629007   4.630323
    10  H    2.048407   4.237283   4.269870   2.902994   5.224579
                    6          7          8          9         10
     6  H    0.000000
     7  N    3.375712   0.000000
     8  N    4.849169   2.368129   0.000000
     9  H    5.498383   2.521389   1.014261   0.000000
    10  H    5.240140   3.203036   1.012277   1.693067   0.000000
 Stoichiometry    C3H4N2S
 Framework group  C1[X(C3H4N2S)]
 Deg. of freedom    24
 Full point group                 C1      NOp   1
 Largest Abelian subgroup         C1      NOp   1
 Largest concise Abelian subgroup C1      NOp   1
                         Standard orientation:                         
 ---------------------------------------------------------------------
 Center     Atomic      Atomic             Coordinates (Angstroms)
 Number     Number       Type             X           Y           Z
 ---------------------------------------------------------------------
      1          6           0        0.779813    0.211567    0.001781
      2          6           0       -1.211308    1.164614    0.003329
      3          6           0       -1.648098   -0.124763    0.008569
      4         16           0       -0.272995   -1.209050   -0.006852
      5          1           0       -1.858035    2.034910    0.008629
      6          1           0       -2.660250   -0.504390    0.025868
      7          7           0        0.156324    1.356215    0.003751
      8          7           0        2.152024    0.083879   -0.076106
      9          1           0        2.641637    0.948989    0.125364
     10          1           0        2.563692   -0.723881    0.374182
 ---------------------------------------------------------------------
 Rotational constants (GHZ):      5.2864188      3.3774158      2.0646502

 **********************************************************************

            Population analysis using the SCF density.

 **********************************************************************

 Orbital symmetries:
       Occupied  (A) (A) (A) (A) (A) (A) (A) (A) (A) (A) (A) (A)
                 (A) (A) (A) (A) (A) (A) (A) (A) (A) (A) (A) (A)
                 (A) (A)
       Virtual   (A) (A) (A) (A) (A) (A) (A) (A) (A) (A) (A) (A)
                 (A) (A) (A) (A) (A) (A) (A) (A) (A) (A) (A) (A)
                 (A) (A) (A) (A) (A) (A) (A) (A) (A) (A) (A) (A)
                 (A) (A) (A) (A) (A) (A) (A) (A) (A) (A) (A) (A)
                 (A) (A) (A) (A) (A) (A) (A) (A) (A) (A) (A) (A)
                 (A) (A) (A) (A) (A) (A) (A) (A) (A) (A) (A) (A)
                 (A) (A) (A) (A) (A) (A) (A) (A) (A) (A) (A) (A)
                 (A) (A) (A) (A) (A) (A) (A) (A) (A) (A) (A) (A)
                 (A) (A) (A) (A)
 The electronic state is 1-A.
 Alpha  occ. eigenvalues --  -88.91921 -14.37389 -14.33384 -10.29392 -10.22414
 Alpha  occ. eigenvalues --  -10.21896  -7.97980  -5.94401  -5.94059  -5.93634
 Alpha  occ. eigenvalues --   -0.98595  -0.91283  -0.80022  -0.72955  -0.60574
 Alpha  occ. eigenvalues --   -0.58546  -0.52852  -0.50715  -0.45676  -0.42509
 Alpha  occ. eigenvalues --   -0.41341  -0.36846  -0.33058  -0.28382  -0.28330
 Alpha  occ. eigenvalues --   -0.22136
 Alpha virt. eigenvalues --   -0.02037  -0.01139  -0.00033   0.02103   0.03499
 Alpha virt. eigenvalues --    0.04403   0.04662   0.05671   0.06003   0.07412
 Alpha virt. eigenvalues --    0.09055   0.09198   0.09336   0.10243   0.12219
 Alpha virt. eigenvalues --    0.13662   0.13852   0.14522   0.15784   0.16643
 Alpha virt. eigenvalues --    0.17131   0.18739   0.19767   0.20423   0.20768
 Alpha virt. eigenvalues --    0.21815   0.24453   0.25851   0.27492   0.29628
 Alpha virt. eigenvalues --    0.30781   0.31321   0.31781   0.33500   0.39006
 Alpha virt. eigenvalues --    0.47796   0.48558   0.50170   0.51436   0.55196
 Alpha virt. eigenvalues --    0.60497   0.61544   0.65130   0.68299   0.71589
 Alpha virt. eigenvalues --    0.81747   0.82620   0.83172   0.83563   0.88170
 Alpha virt. eigenvalues --    0.90215   0.92186   0.92290   0.93740   0.96646
 Alpha virt. eigenvalues --    0.99581   1.00953   1.02367   1.04650   1.07412
 Alpha virt. eigenvalues --    1.07984   1.08964   1.13292   1.17424   1.20540
 Alpha virt. eigenvalues --    1.22563   1.32866   1.37065   1.41476   1.46716
 Alpha virt. eigenvalues --    1.53674   1.55415   1.63917   1.76075   1.79478
 Alpha virt. eigenvalues --    1.82944   1.86741   1.98830   2.05749   2.07341
 Alpha virt. eigenvalues --    2.19709   2.23114   2.25438   2.30893   2.31634
 Alpha virt. eigenvalues --    2.40999   2.46362   2.51627   2.57092   2.66230
 Alpha virt. eigenvalues --    2.72447   2.83357   2.98372   3.07880   3.93634
 Alpha virt. eigenvalues --    3.97332   4.16669   4.22635   4.38751   4.41559
          Condensed to atoms (all electrons):
              1          2          3          4          5          6
     1  C    5.832867   0.168404  -0.287329  -0.117772   0.037967   0.007192
     2  C    0.168404   5.124908   0.432908  -0.183916   0.411295  -0.005320
     3  C   -0.287329   0.432908   5.613497   0.265207  -0.086278   0.327247
     4  S   -0.117772  -0.183916   0.265207  15.915258  -0.007322  -0.020464
     5  H    0.037967   0.411295  -0.086278  -0.007322   0.530529  -0.001295
     6  H    0.007192  -0.005320   0.327247  -0.020464  -0.001295   0.466035
     7  N    0.186339   0.213800   0.040895   0.020327  -0.072652   0.008720
     8  N    0.196417   0.050202  -0.033180  -0.150263  -0.000606   0.000107
     9  H   -0.015845  -0.000693  -0.001623   0.015073  -0.000011   0.000002
    10  H   -0.002367   0.001700   0.003955  -0.007956   0.000002  -0.000002
              7          8          9         10
     1  C    0.186339   0.196417  -0.015845  -0.002367
     2  C    0.213800   0.050202  -0.000693   0.001700
     3  C    0.040895  -0.033180  -0.001623   0.003955
     4  S    0.020327  -0.150263   0.015073  -0.007956
     5  H   -0.072652  -0.000606  -0.000011   0.000002
     6  H    0.008720   0.000107   0.000002  -0.000002
     7  N    7.100969  -0.258582   0.001858   0.015408
     8  N   -0.258582   7.324693   0.292616   0.279537
     9  H    0.001858   0.292616   0.336130  -0.026404
    10  H    0.015408   0.279537  -0.026404   0.360523
 Mulliken atomic charges:
              1
     1  C   -0.005873
     2  C   -0.213288
     3  C   -0.275298
     4  S    0.271828
     5  H    0.188371
     6  H    0.217778
     7  N   -0.257080
     8  N   -0.700941
     9  H    0.398897
    10  H    0.375606
 Sum of Mulliken atomic charges =   0.00000
 Mulliken charges with hydrogens summed into heavy atoms:
              1
     1  C   -0.005873
     2  C   -0.024917
     3  C   -0.057520
     4  S    0.271828
     7  N   -0.257080
     8  N    0.073562
 Sum of Mulliken charges with hydrogens summed into heavy atoms =   0.00000
 Electronic spatial extent (au):  <R**2>=            581.6419
 Charge=              0.0000 electrons
 Dipole moment (field-independent basis, Debye):
    X=              0.7510    Y=             -1.1884    Z=              1.0029  Tot=              1.7268
 Quadrupole moment (field-independent basis, Debye-Ang):
   XX=            -32.1694   YY=            -43.9892   ZZ=            -46.0029
   XY=             -1.2419   XZ=              2.9705   YZ=             -0.3835
 Traceless Quadrupole moment (field-independent basis, Debye-Ang):
   XX=              8.5511   YY=             -3.2687   ZZ=             -5.2824
   XY=             -1.2419   XZ=              2.9705   YZ=             -0.3835
 Octapole moment (field-independent basis, Debye-Ang**2):
  XXX=             15.8847  YYY=             -5.1867  ZZZ=              0.6430  XYY=              0.1070
  XXY=              0.9008  XXZ=              8.4950  XZZ=              2.5232  YZZ=             -0.7255
  YYZ=              0.4906  XYZ=             -0.9736
 Hexadecapole moment (field-independent basis, Debye-Ang**3):
 XXXX=           -367.5062 YYYY=           -305.5997 ZZZZ=            -58.0273 XXXY=             10.3391
 XXXZ=             23.0960 YYYX=            -10.9724 YYYZ=             -0.2243 ZZZX=              2.8567
 ZZZY=             -0.3556 XXYY=            -99.7742 XXZZ=            -96.4712 YYZZ=            -62.7831
 XXYZ=             -2.5200 YYXZ=              1.9911 ZZXY=              0.3031
 N-N= 2.773446507869D+02 E-N=-2.026156634899D+03  KE= 6.208985797262D+02
 ******************************Gaussian NBO Version 3.1******************************
             N A T U R A L   A T O M I C   O R B I T A L   A N D
          N A T U R A L   B O N D   O R B I T A L   A N A L Y S I S
 ******************************Gaussian NBO Version 3.1******************************
       /RESON  / : Allow strongly delocalized NBO set

 Analyzing the SCF density

 Job title: ATZ                                                             

 Storage needed:     48294 in NPA,     64005 in NBO (1073741244 available)


 NATURAL POPULATIONS:  Natural atomic orbital occupancies 
                                                          
   NAO  Atom  No  lang   Type(AO)    Occupancy      Energy
 ----------------------------------------------------------
     1    C    1  S      Cor( 1S)     1.99931     -10.17383
     2    C    1  S      Val( 2S)     0.88934      -0.23748
     3    C    1  S      Ryd( 4S)     0.00552       0.97379
     4    C    1  S      Ryd( 3S)     0.00035       0.86378
     5    C    1  S      Ryd( 5S)     0.00016       3.58715
     6    C    1  px     Val( 2p)     0.90197      -0.09307
     7    C    1  px     Ryd( 4p)     0.00662       0.82660
     8    C    1  px     Ryd( 3p)     0.00058       0.32581
     9    C    1  py     Val( 2p)     0.95974      -0.11476
    10    C    1  py     Ryd( 4p)     0.01189       0.73744
    11    C    1  py     Ryd( 3p)     0.00124       0.27406
    12    C    1  pz     Val( 2p)     0.98852      -0.15498
    13    C    1  pz     Ryd( 4p)     0.00232       0.56445
    14    C    1  pz     Ryd( 3p)     0.00060       0.23336
    15    C    1  dxy    Ryd( 3d)     0.00184       2.43049
    16    C    1  dxz    Ryd( 3d)     0.00179       1.93578
    17    C    1  dyz    Ryd( 3d)     0.00119       2.00123
    18    C    1  dx2y2  Ryd( 3d)     0.00201       2.44278
    19    C    1  dz2    Ryd( 3d)     0.00061       2.21616

    20    C    2  S      Cor( 1S)     1.99907     -10.08464
    21    C    2  S      Val( 2S)     0.94603      -0.19178
    22    C    2  S      Ryd( 3S)     0.00191       0.92132
    23    C    2  S      Ryd( 4S)     0.00020       1.10664
    24    C    2  S      Ryd( 5S)     0.00006       3.46631
    25    C    2  px     Val( 2p)     0.93778      -0.03453
    26    C    2  px     Ryd( 4p)     0.00840       0.75915
    27    C    2  px     Ryd( 3p)     0.00044       0.33205
    28    C    2  py     Val( 2p)     1.14869      -0.07100
    29    C    2  py     Ryd( 4p)     0.00766       0.83675
    30    C    2  py     Ryd( 3p)     0.00085       0.28766
    31    C    2  pz     Val( 2p)     1.00326      -0.11754
    32    C    2  pz     Ryd( 4p)     0.00185       0.53859
    33    C    2  pz     Ryd( 3p)     0.00067       0.25954
    34    C    2  dxy    Ryd( 3d)     0.00148       2.45700
    35    C    2  dxz    Ryd( 3d)     0.00093       2.03595
    36    C    2  dyz    Ryd( 3d)     0.00060       1.86833
    37    C    2  dx2y2  Ryd( 3d)     0.00089       2.48984
    38    C    2  dz2    Ryd( 3d)     0.00043       2.34352

    39    C    3  S      Cor( 1S)     1.99906     -10.09314
    40    C    3  S      Val( 2S)     1.06432      -0.28320
    41    C    3  S      Ryd( 4S)     0.00097       1.02358
    42    C    3  S      Ryd( 3S)     0.00048       0.36212
    43    C    3  S      Ryd( 5S)     0.00003       4.18325
    44    C    3  px     Val( 2p)     1.16766      -0.12391
    45    C    3  px     Ryd( 4p)     0.00243       0.97094
    46    C    3  px     Ryd( 3p)     0.00073       0.34995
    47    C    3  py     Val( 2p)     1.06356      -0.11642
    48    C    3  py     Ryd( 4p)     0.00575       0.50012
    49    C    3  py     Ryd( 3p)     0.00035       0.41537
    50    C    3  pz     Val( 2p)     1.17883      -0.14974
    51    C    3  pz     Ryd( 4p)     0.00240       0.44758
    52    C    3  pz     Ryd( 3p)     0.00078       0.36941
    53    C    3  dxy    Ryd( 3d)     0.00143       2.24454
    54    C    3  dxz    Ryd( 3d)     0.00065       1.71581
    55    C    3  dyz    Ryd( 3d)     0.00067       1.87242
    56    C    3  dx2y2  Ryd( 3d)     0.00064       2.24776
    57    C    3  dz2    Ryd( 3d)     0.00085       2.14349

    58    S    4  S      Cor( 1S)     2.00000     -87.73781
    59    S    4  S      Cor( 2S)     1.99931      -8.89096
    60    S    4  S      Val( 3S)     1.66160      -0.74743
    61    S    4  S      Ryd( 5S)     0.00555       0.48426
    62    S    4  S      Ryd( 4S)     0.00034       0.33289
    63    S    4  S      Ryd( 6S)     0.00002       3.89458
    64    S    4  px     Cor( 2p)     1.99986      -5.93617
    65    S    4  px     Val( 3p)     0.93857      -0.18511
    66    S    4  px     Ryd( 5p)     0.00588       0.40367
    67    S    4  px     Ryd( 4p)     0.00019       0.22861
    68    S    4  py     Cor( 2p)     1.99984      -5.93348
    69    S    4  py     Val( 3p)     1.31290      -0.20790
    70    S    4  py     Ryd( 5p)     0.00184       0.35422
    71    S    4  py     Ryd( 4p)     0.00009       0.17424
    72    S    4  pz     Cor( 2p)     1.99997      -5.93135
    73    S    4  pz     Val( 3p)     1.68598      -0.25620
    74    S    4  pz     Ryd( 5p)     0.00469       0.38672
    75    S    4  pz     Ryd( 4p)     0.00011       0.20979
    76    S    4  dxy    Ryd( 3d)     0.00924       1.16618
    77    S    4  dxz    Ryd( 3d)     0.00412       0.82269
    78    S    4  dyz    Ryd( 3d)     0.00267       0.84444
    79    S    4  dx2y2  Ryd( 3d)     0.00226       1.10352
    80    S    4  dz2    Ryd( 3d)     0.00273       1.05815

    81    H    5  S      Val( 1S)     0.75446       0.08322
    82    H    5  S      Ryd( 2S)     0.00055       0.53514

    83    H    6  S      Val( 1S)     0.73224       0.08522
    84    H    6  S      Ryd( 2S)     0.00073       0.52393

    85    N    7  S      Cor( 1S)     1.99930     -14.13053
    86    N    7  S      Val( 2S)     1.38031      -0.52778
    87    N    7  S      Ryd( 3S)     0.00459       0.80296
    88    N    7  S      Ryd( 4S)     0.00007       1.48064
    89    N    7  S      Ryd( 5S)     0.00004       3.85072
    90    N    7  px     Val( 2p)     1.28620      -0.17103
    91    N    7  px     Ryd( 4p)     0.00544       0.91419
    92    N    7  px     Ryd( 3p)     0.00051       0.78253
    93    N    7  py     Val( 2p)     1.55107      -0.21756
    94    N    7  py     Ryd( 4p)     0.00538       0.76618
    95    N    7  py     Ryd( 3p)     0.00039       0.65674
    96    N    7  pz     Val( 2p)     1.28568      -0.18069
    97    N    7  pz     Ryd( 4p)     0.00101       0.65153
    98    N    7  pz     Ryd( 3p)     0.00021       0.59875
    99    N    7  dxy    Ryd( 3d)     0.00347       2.13640
   100    N    7  dxz    Ryd( 3d)     0.00053       1.75992
   101    N    7  dyz    Ryd( 3d)     0.00304       1.77466
   102    N    7  dx2y2  Ryd( 3d)     0.00307       2.20073
   103    N    7  dz2    Ryd( 3d)     0.00269       2.09777

   104    N    8  S      Cor( 1S)     1.99945     -14.21309
   105    N    8  S      Val( 2S)     1.36039      -0.58675
   106    N    8  S      Ryd( 4S)     0.00068       1.10554
   107    N    8  S      Ryd( 3S)     0.00007       1.10136
   108    N    8  S      Ryd( 5S)     0.00002       3.57453
   109    N    8  px     Val( 2p)     1.30717      -0.24119
   110    N    8  px     Ryd( 3p)     0.00336       0.46105
   111    N    8  px     Ryd( 4p)     0.00050       0.71141
   112    N    8  py     Val( 2p)     1.43172      -0.24382
   113    N    8  py     Ryd( 3p)     0.00411       0.70457
   114    N    8  py     Ryd( 4p)     0.00048       0.76944
   115    N    8  pz     Val( 2p)     1.74244      -0.26703
   116    N    8  pz     Ryd( 3p)     0.00800       0.42030
   117    N    8  pz     Ryd( 4p)     0.00028       0.69610
   118    N    8  dxy    Ryd( 3d)     0.00035       2.18911
   119    N    8  dxz    Ryd( 3d)     0.00093       1.89956
   120    N    8  dyz    Ryd( 3d)     0.00105       2.00683
   121    N    8  dx2y2  Ryd( 3d)     0.00062       2.32923
   122    N    8  dz2    Ryd( 3d)     0.00100       2.07786

   123    H    9  S      Val( 1S)     0.56832       0.11760
   124    H    9  S      Ryd( 2S)     0.00271       0.59234

   125    H   10  S      Val( 1S)     0.57837       0.10739
   126    H   10  S      Ryd( 2S)     0.00081       0.56997

 WARNING:  Population inversion found on atom  C    1
           Population inversion found on atom  C    2
           Population inversion found on atom  C    3
           Population inversion found on atom  S    4
           Population inversion found on atom  N    7
           Population inversion found on atom  N    8


 Summary of Natural Population Analysis:                  
                                                          
                                       Natural Population 
                Natural  -----------------------------------------------
    Atom  No    Charge         Core      Valence    Rydberg      Total
 -----------------------------------------------------------------------
      C    1    0.22440      1.99931     3.73958    0.03672     5.77560
      C    2   -0.06121      1.99907     4.03577    0.02638     6.06121
      C    3   -0.49160      1.99906     4.47437    0.01817     6.49160
      S    4    0.36224      9.99897     5.59906    0.03973    15.63776
      H    5    0.24499      0.00000     0.75446    0.00055     0.75501
      H    6    0.26702      0.00000     0.73224    0.00073     0.73298
      N    7   -0.53300      1.99930     5.50327    0.03044     7.53300
      N    8   -0.86263      1.99945     5.84171    0.02147     7.86263
      H    9    0.42896      0.00000     0.56832    0.00271     0.57104
      H   10    0.42082      0.00000     0.57837    0.00081     0.57918
 =======================================================================
   * Total *    0.00000     19.99516    31.82714    0.17770    52.00000

                                 Natural Population      
 --------------------------------------------------------
   Core                      19.99516 ( 99.9758% of  20)
   Valence                   31.82714 ( 99.4598% of  32)
   Natural Minimal Basis     51.82230 ( 99.6583% of  52)
   Natural Rydberg Basis      0.17770 (  0.3417% of  52)
 --------------------------------------------------------

    Atom  No          Natural Electron Configuration
 ----------------------------------------------------------------------------
      C    1      [core]2S( 0.89)2p( 2.85)4S( 0.01)3d( 0.01)4p( 0.02)
      C    2      [core]2S( 0.95)2p( 3.09)4p( 0.02)
      C    3      [core]2S( 1.06)2p( 3.41)4p( 0.01)
      S    4      [core]3S( 1.66)3p( 3.94)3d( 0.02)5S( 0.01)5p( 0.01)
      H    5            1S( 0.75)
      H    6            1S( 0.73)
      N    7      [core]2S( 1.38)2p( 4.12)3d( 0.01)4p( 0.01)
      N    8      [core]2S( 1.36)2p( 4.48)3p( 0.02)
      H    9            1S( 0.57)
      H   10            1S( 0.58)


 NATURAL BOND ORBITAL ANALYSIS:

                       Occupancies       Lewis Structure    Low   High
           Occ.    -------------------  -----------------   occ   occ
  Cycle   Thresh.   Lewis   Non-Lewis     CR  BD  3C  LP    (L)   (NL)   Dev
 =============================================================================
   1(1)    1.90    50.11905   1.88095     10  14   0   2     6      4    0.56
   2(2)    1.90    50.10017   1.89983     10  14   0   2     6      4    0.21
   3(3)    1.90    50.11905   1.88095     10  14   0   2     6      4    0.56
   4(4)    1.90    50.10017   1.89983     10  14   0   2     6      4    0.21
   5(5)    1.90    50.11905   1.88095     10  14   0   2     6      4    0.56
   6(6)    1.90    50.10017   1.89983     10  14   0   2     6      4    0.21
   7(7)    1.90    50.11905   1.88095     10  14   0   2     6      4    0.56
   8(8)    1.90    50.10017   1.89983     10  14   0   2     6      4    0.21
   9(9)    1.90    50.11905   1.88095     10  14   0   2     6      4    0.56
  10(1)    1.80    51.02103   0.97897     10  12   0   4     1      2    0.21
  11(2)    1.80    51.02103   0.97897     10  12   0   4     1      2    0.21
  12(1)    1.70    51.02103   0.97897     10  12   0   4     1      2    0.21
  13(2)    1.70    51.02103   0.97897     10  12   0   4     1      2    0.21
  14(1)    1.60    51.02128   0.97872     10  12   0   4     0      2    0.21
  15(2)    1.60    50.04662   1.95338     10  11   0   5     1      2    0.69
  16(3)    1.60    51.02128   0.97872     10  12   0   4     0      2    0.21
  17(1)    1.50    51.02128   0.97872     10  12   0   4     0      2    0.21
  18(2)    1.50    50.04662   1.95338     10  11   0   5     1      2    0.69
  19(3)    1.50    51.02128   0.97872     10  12   0   4     0      2    0.21
  20(1)    1.60    51.02128   0.97872     10  12   0   4     0      2    0.21
 -----------------------------------------------------------------------------

 Structure accepted: RESONANCE keyword permits strongly delocalized structure

 --------------------------------------------------------
   Core                     19.99517 ( 99.976% of  20)
   Valence Lewis            31.02612 ( 96.957% of  32)
  ==================       ============================
   Total Lewis              51.02128 ( 98.118% of  52)
  -----------------------------------------------------
   Valence non-Lewis         0.89481 (  1.721% of  52)
   Rydberg non-Lewis         0.08391 (  0.161% of  52)
  ==================       ============================
   Total non-Lewis           0.97872 (  1.882% of  52)
 --------------------------------------------------------


       (Occupancy)   Bond orbital/ Coefficients/ Hybrids
 ---------------------------------------------------------------------------------
     1. (1.97874) BD ( 1) C   1 - S   4  
                ( 52.99%)   0.7279* C   1 s( 29.34%)p 2.40( 70.54%)d 0.00(  0.12%)
                                            0.0002 -0.5398 -0.0449  0.0049  0.0024
                                            0.4595  0.0383 -0.0138  0.7016  0.0093
                                           -0.0155  0.0040 -0.0012  0.0005 -0.0280
                                           -0.0011  0.0000  0.0116  0.0161
                ( 47.01%)   0.6857* S   4 s( 15.62%)p 5.36( 83.74%)d 0.04(  0.64%)
                                            0.0000 -0.0002 -0.3932  0.0399 -0.0071
                                           -0.0004 -0.0001 -0.6219  0.0507 -0.0038
                                           -0.0001 -0.6689  0.0214  0.0016  0.0000
                                           -0.0097  0.0005  0.0004 -0.0684 -0.0014
                                           -0.0012  0.0215  0.0352
     2. (1.98732) BD ( 1) C   1 - N   7  
                ( 41.72%)   0.6459* C   1 s( 36.76%)p 1.72( 63.19%)d 0.00(  0.05%)
                                            0.0000  0.6059 -0.0232  0.0012  0.0031
                                           -0.3635 -0.0116  0.0076  0.7041 -0.0611
                                           -0.0054  0.0122  0.0004 -0.0001 -0.0131
                                           -0.0001  0.0000 -0.0130 -0.0118
                ( 58.28%)   0.7634* N   7 s( 35.81%)p 1.79( 63.95%)d 0.01(  0.25%)
                                           -0.0001  0.5978 -0.0271  0.0020 -0.0014
                                            0.4404 -0.0291 -0.0060 -0.6666  0.0029
                                            0.0104  0.0105  0.0000  0.0005 -0.0255
                                           -0.0004 -0.0001 -0.0300 -0.0307
     3. (1.87722) BD ( 2) C   1 - N   7  
                ( 39.87%)   0.6314* C   1 s(  0.01%)p99.99( 99.90%)d 6.25(  0.09%)
                                            0.0001  0.0100  0.0055  0.0024  0.0017
                                            0.0236  0.0042 -0.0011 -0.0135 -0.0007
                                           -0.0001  0.9987  0.0201  0.0219 -0.0004
                                           -0.0197  0.0218  0.0001  0.0005
                ( 60.13%)   0.7754* N   7 s(  0.01%)p 1.00( 99.74%)d 0.00(  0.26%)
                                           -0.0001 -0.0085  0.0039  0.0005 -0.0002
                                           -0.0080  0.0020  0.0009  0.0025 -0.0015
                                           -0.0015  0.9985 -0.0121  0.0100  0.0001
                                           -0.0111 -0.0493  0.0002  0.0004
     4. (1.99393) BD ( 1) C   1 - N   8  
                ( 40.84%)   0.6391* C   1 s( 33.71%)p 1.96( 66.19%)d 0.00(  0.10%)
                                           -0.0003  0.5795 -0.0349  0.0059 -0.0019
                                            0.8076 -0.0454 -0.0061 -0.0831 -0.0010
                                           -0.0004 -0.0258  0.0082 -0.0001 -0.0059
                                           -0.0019  0.0001  0.0280 -0.0143
                ( 59.16%)   0.7692* N   8 s( 35.05%)p 1.85( 64.90%)d 0.00(  0.05%)
                                            0.0001  0.5920  0.0008 -0.0016 -0.0027
                                           -0.8028  0.0260  0.0096  0.0514  0.0012
                                           -0.0020  0.0328  0.0011  0.0004 -0.0038
                                           -0.0109 -0.0003  0.0149 -0.0134
     5. (1.98903) BD ( 1) C   2 - C   3  
                ( 49.21%)   0.7015* C   2 s( 37.61%)p 1.66( 62.35%)d 0.00(  0.05%)
                                            0.0000  0.6132 -0.0069 -0.0053  0.0020
                                           -0.2724  0.0362 -0.0052 -0.7399  0.0133
                                            0.0126 -0.0124 -0.0005 -0.0003  0.0086
                                            0.0001  0.0002 -0.0175 -0.0091
                ( 50.79%)   0.7127* C   3 s( 39.11%)p 1.56( 60.85%)d 0.00(  0.04%)
                                            0.0001  0.6253 -0.0100  0.0046  0.0025
                                            0.2194  0.0207 -0.0128  0.7468 -0.0417
                                            0.0016 -0.0188 -0.0008 -0.0002  0.0135
                                           -0.0005 -0.0003 -0.0085 -0.0133
     6. (1.92848) BD ( 2) C   2 - C   3  
                ( 44.73%)   0.6688* C   2 s(  0.01%)p 1.00( 99.93%)d 0.00(  0.07%)
                                            0.0000  0.0078 -0.0011  0.0005 -0.0002
                                            0.0022  0.0002 -0.0008 -0.0110  0.0004
                                            0.0004  0.9988  0.0313  0.0240 -0.0002
                                           -0.0053 -0.0255 -0.0003  0.0002
                ( 55.27%)   0.7435* C   3 s(  0.01%)p 1.00( 99.94%)d 0.00(  0.06%)
                                            0.0000  0.0071 -0.0006 -0.0005  0.0001
                                            0.0148  0.0003 -0.0007  0.0148  0.0000
                                            0.0004  0.9987  0.0343  0.0204  0.0003
                                            0.0171  0.0163  0.0002 -0.0004
     7. (1.97846) BD ( 1) C   2 - H   5  
                ( 62.44%)   0.7902* C   2 s( 33.18%)p 2.01( 66.77%)d 0.00(  0.05%)
                                           -0.0004  0.5757  0.0170  0.0032 -0.0017
                                           -0.4874 -0.0175  0.0076  0.6555  0.0088
                                           -0.0067  0.0038  0.0003  0.0000 -0.0193
                                           -0.0002  0.0003 -0.0070 -0.0112
                ( 37.56%)   0.6128* H   5 s(100.00%)
                                            1.0000  0.0023
     8. (1.97799) BD ( 1) C   2 - N   7  
                ( 40.44%)   0.6360* C   2 s( 29.19%)p 2.42( 70.74%)d 0.00(  0.07%)
                                            0.0000  0.5399 -0.0201  0.0015 -0.0005
                                            0.8260 -0.0394 -0.0130  0.1406 -0.0595
                                            0.0124 -0.0045 -0.0003 -0.0001  0.0064
                                           -0.0001  0.0000  0.0214 -0.0147
                ( 59.56%)   0.7717* N   7 s( 32.65%)p 2.06( 67.12%)d 0.01(  0.23%)
                                           -0.0004  0.5706 -0.0300 -0.0014  0.0019
                                           -0.8178  0.0172  0.0120 -0.0293 -0.0319
                                            0.0037 -0.0016  0.0002 -0.0003  0.0277
                                            0.0003 -0.0002  0.0262 -0.0293
     9. (1.97741) BD ( 1) C   3 - S   4  
                ( 51.04%)   0.7144* C   3 s( 24.64%)p 3.05( 75.23%)d 0.01(  0.14%)
                                           -0.0002  0.4960  0.0112 -0.0152 -0.0017
                                            0.6266  0.0186 -0.0195 -0.5973  0.0451
                                            0.0034 -0.0040  0.0003  0.0003 -0.0290
                                           -0.0002  0.0002  0.0087 -0.0216
                ( 48.96%)   0.6997* S   4 s( 17.99%)p 4.52( 81.39%)d 0.03(  0.62%)
                                            0.0000  0.0000  0.4209 -0.0524 -0.0031
                                           -0.0003 -0.0001 -0.7667  0.0565 -0.0011
                                            0.0000  0.4720 -0.0021 -0.0035  0.0000
                                            0.0115 -0.0005 -0.0005 -0.0689 -0.0016
                                            0.0012  0.0134 -0.0356
    10. (1.98543) BD ( 1) C   3 - H   6  
                ( 63.49%)   0.7968* C   3 s( 36.14%)p 1.77( 63.82%)d 0.00(  0.04%)
                                            0.0003 -0.6011  0.0016 -0.0066  0.0010
                                            0.7464 -0.0054 -0.0061  0.2843  0.0017
                                           -0.0018 -0.0110  0.0002  0.0001 -0.0131
                                            0.0007  0.0002 -0.0113  0.0123
                ( 36.51%)   0.6043* H   6 s(100.00%)
                                           -1.0000 -0.0031
    11. (1.98283) BD ( 1) N   8 - H   9  
                ( 71.73%)   0.8469* N   8 s( 27.25%)p 2.67( 72.68%)d 0.00(  0.06%)
                                           -0.0003  0.5220  0.0007  0.0024  0.0010
                                            0.4362 -0.0263  0.0070  0.7145 -0.0155
                                           -0.0091  0.1581  0.0068  0.0015  0.0100
                                            0.0094  0.0151 -0.0117 -0.0096
                ( 28.27%)   0.5317* H   9 s(100.00%)
                                            1.0000 -0.0070
    12. (1.98425) BD ( 1) N   8 - H  10  
                ( 71.13%)   0.8434* N   8 s( 26.68%)p 2.75( 73.25%)d 0.00(  0.06%)
                                           -0.0003  0.5165 -0.0047  0.0017  0.0012
                                            0.3521 -0.0281  0.0074 -0.6777  0.0225
                                            0.0076  0.3846 -0.0005 -0.0006 -0.0058
                                            0.0088 -0.0214 -0.0078  0.0002
                ( 28.87%)   0.5373* H  10 s(100.00%)
                                            1.0000 -0.0023
    13. (1.99931) CR ( 1) C   1           s(100.00%)p 0.00(  0.00%)
                                            1.0000  0.0002  0.0000  0.0000  0.0000
                                            0.0001  0.0000  0.0000 -0.0002  0.0000
                                            0.0000 -0.0001  0.0000  0.0000  0.0000
                                            0.0000  0.0000  0.0000  0.0000
    14. (1.99908) CR ( 1) C   2           s(100.00%)p 0.00(  0.00%)
                                            1.0000  0.0002  0.0000  0.0000  0.0000
                                           -0.0002  0.0000  0.0000  0.0003  0.0000
                                            0.0000  0.0000  0.0000  0.0000  0.0000
                                            0.0000  0.0000  0.0000  0.0000
    15. (1.99906) CR ( 1) C   3           s(100.00%)p 0.00(  0.00%)
                                            1.0000  0.0002  0.0000  0.0000  0.0000
                                           -0.0001  0.0000  0.0000 -0.0002  0.0000
                                            0.0000  0.0000  0.0000  0.0000  0.0000
                                            0.0000  0.0000  0.0000  0.0000
    16. (2.00000) CR ( 1) S   4           s(100.00%)
                                            1.0000  0.0000  0.0000  0.0000  0.0000
                                            0.0000  0.0000  0.0000  0.0000  0.0000
                                            0.0000  0.0000  0.0000  0.0000  0.0000
                                            0.0000  0.0000  0.0000  0.0000  0.0000
                                            0.0000  0.0000  0.0000
    17. (1.99931) CR ( 2) S   4           s(100.00%)p 0.00(  0.00%)
                                            0.0000  1.0000  0.0003  0.0000  0.0000
                                            0.0000  0.0000 -0.0001  0.0000  0.0000
                                            0.0000 -0.0003  0.0000  0.0000  0.0000
                                            0.0000  0.0000  0.0000  0.0000  0.0000
                                            0.0000  0.0000  0.0000
    18. (1.99986) CR ( 3) S   4           s(  0.00%)p 1.00(100.00%)
                                            0.0000  0.0000  0.0000  0.0000  0.0000
                                            0.0000  1.0000 -0.0001  0.0000  0.0000
                                            0.0000 -0.0001  0.0000  0.0000  0.0000
                                            0.0000  0.0000  0.0000  0.0000  0.0000
                                            0.0000  0.0000  0.0000
    19. (1.99984) CR ( 4) S   4           s(  0.00%)p 1.00(100.00%)
                                            0.0000  0.0000  0.0001  0.0000  0.0000
                                            0.0000  0.0000 -0.0001  0.0000  0.0000
                                            1.0000 -0.0001  0.0000  0.0000  0.0000
                                            0.0000  0.0000  0.0000  0.0000  0.0000
                                            0.0000  0.0000  0.0000
    20. (1.99996) CR ( 5) S   4           s(  0.00%)p 1.00(100.00%)
                                            0.0000  0.0000  0.0000  0.0000  0.0000
                                            0.0000  0.0000  0.0000  0.0000  0.0000
                                            0.0000  0.0000  0.0000  0.0000  1.0000
                                           -0.0007  0.0000  0.0000  0.0000  0.0000
                                            0.0000  0.0000  0.0000
    21. (1.99930) CR ( 1) N   7           s(100.00%)p 0.00(  0.00%)
                                            1.0000  0.0002  0.0000  0.0000  0.0000
                                           -0.0003  0.0000  0.0000 -0.0001  0.0000
                                            0.0000  0.0001  0.0000  0.0000  0.0000
                                            0.0000  0.0000  0.0000  0.0000
    22. (1.99945) CR ( 1) N   8           s(100.00%)p 0.00(  0.00%)
                                            1.0000  0.0001  0.0000  0.0000  0.0000
                                            0.0002  0.0000  0.0000  0.0001  0.0000
                                            0.0000  0.0006  0.0000  0.0000  0.0000
                                            0.0000  0.0000  0.0000  0.0000
    23. (1.98405) LP ( 1) S   4           s( 66.77%)p 0.50( 33.21%)d 0.00(  0.02%)
                                            0.0000 -0.0004  0.8168  0.0232 -0.0006
                                           -0.0002  0.0000  0.0966  0.0021 -0.0017
                                           -0.0002 -0.5681 -0.0069  0.0000  0.0000
                                            0.0016  0.0011  0.0002  0.0033  0.0005
                                           -0.0005  0.0079  0.0103
    24. (1.69073) LP ( 2) S   4           s(  0.01%)p99.99( 99.89%)d 8.74(  0.10%)
                                            0.0000  0.0000  0.0099 -0.0032 -0.0006
                                            0.0002  0.0000 -0.0029 -0.0030 -0.0005
                                            0.0000  0.0108 -0.0001  0.0003 -0.0007
                                           -0.9985 -0.0418  0.0008  0.0010 -0.0008
                                           -0.0308 -0.0003 -0.0016
    25. (1.88498) LP ( 1) N   7           s( 31.69%)p 2.15( 68.14%)d 0.01(  0.17%)
                                            0.0001  0.5618  0.0349 -0.0003 -0.0006
                                            0.3630  0.0203 -0.0003  0.7408  0.0207
                                            0.0070  0.0057  0.0009  0.0011 -0.0288
                                           -0.0001 -0.0001  0.0232  0.0179
    26. (1.82528) LP ( 1) N   8           s( 10.92%)p 8.15( 89.02%)d 0.01(  0.06%)
                                            0.0005  0.3305  0.0025 -0.0032  0.0004
                                            0.1969  0.0112  0.0088 -0.1608 -0.0121
                                           -0.0028 -0.9068 -0.0530 -0.0080  0.0016
                                            0.0136 -0.0054 -0.0019 -0.0187
    27. (0.00931) RY*( 1) C   1           s(  2.20%)p44.36( 97.42%)d 0.17(  0.38%)
                                            0.0000  0.0501  0.1281  0.0160 -0.0528
                                           -0.0162  0.1196  0.0110  0.0389  0.9777
                                            0.0161  0.0007 -0.0423  0.0125 -0.0056
                                            0.0276  0.0176 -0.0513  0.0086
    28. (0.00514) RY*( 2) C   1           s( 36.25%)p 0.80( 29.10%)d 0.96( 34.65%)
                                            0.0000 -0.0180  0.5918  0.1058  0.0265
                                            0.0435 -0.3495  0.1317  0.0466 -0.0664
                                            0.3782 -0.0015 -0.0016  0.0030  0.3714
                                            0.0391  0.0084 -0.4515  0.0563
    29. (0.00331) RY*( 3) C   1           s( 11.12%)p 6.24( 69.40%)d 1.75( 19.47%)
                                            0.0000  0.0369  0.3023  0.1291 -0.0427
                                            0.0324  0.7275  0.0714 -0.0100 -0.1552
                                            0.0118 -0.0116 -0.3660  0.0116 -0.0276
                                           -0.2837  0.3120 -0.1264 -0.0119
    30. (0.00229) RY*( 4) C   1           s(  3.11%)p10.89( 33.88%)d20.25( 63.00%)
                                            0.0000 -0.0031  0.0731  0.1572  0.0324
                                           -0.0055 -0.0529  0.0256  0.0022  0.0442
                                           -0.0757 -0.0217  0.5471 -0.1670 -0.0849
                                           -0.7850 -0.0716 -0.0258  0.0282
    31. (0.00204) RY*( 5) C   1           s(  4.85%)p 6.81( 33.00%)d12.82( 62.15%)
                                            0.0000  0.0233  0.2116  0.0414 -0.0380
                                            0.0189  0.4585 -0.0448 -0.0048 -0.0732
                                           -0.0689  0.0116  0.3266 -0.0224 -0.0056
                                            0.2987 -0.7191 -0.1230  0.0016
    32. (0.00130) RY*( 6) C   1           s( 26.91%)p 1.46( 39.29%)d 1.26( 33.81%)
                                            0.0000 -0.0007  0.4951 -0.0423  0.1489
                                            0.0086 -0.2546 -0.1797  0.0013 -0.0313
                                           -0.5255 -0.0002 -0.1269  0.0494 -0.5632
                                            0.0695  0.0273 -0.0872  0.0877
    33. (0.00044) RY*( 7) C   1           s( 19.27%)p 0.26(  4.95%)d 3.93( 75.78%)
                                            0.0000 -0.0027  0.4181 -0.1116  0.0737
                                           -0.0025 -0.0487  0.0922  0.0315  0.0004
                                           -0.0855  0.0053 -0.1380 -0.1061  0.3376
                                           -0.0909 -0.1494  0.7786 -0.0842
    34. (0.00036) RY*( 8) C   1           s(  4.55%)p13.53( 61.57%)d 7.45( 33.88%)
                                            0.0000  0.0064  0.1897  0.0973 -0.0029
                                           -0.0054  0.1364 -0.5059  0.0081 -0.0248
                                            0.1017 -0.0233  0.5227  0.2373  0.0803
                                            0.2536  0.4738  0.1942 -0.0766
    35. (0.00018) RY*( 9) C   1           s(  4.23%)p20.56( 86.98%)d 2.08(  8.78%)
                                            0.0000 -0.0007  0.0394 -0.1342  0.1508
                                            0.0099  0.0813  0.7743 -0.0010 -0.0080
                                           -0.1601 -0.0160  0.3360  0.3531 -0.0563
                                            0.1650  0.2190  0.0441  0.0869
    36. (0.00010) RY*(10) C   1           s( 84.99%)p 0.04(  3.71%)d 0.13( 11.30%)
                                            0.0000  0.0072 -0.1501  0.6675  0.6178
                                           -0.0099  0.0099 -0.0322 -0.0085  0.0384
                                           -0.1478  0.0012 -0.0969  0.0559  0.1902
                                            0.0719 -0.0438  0.0424  0.2607
    37. (0.00007) RY*(11) C   1           s( 79.61%)p 0.11(  8.54%)d 0.15( 11.85%)
    38. (0.00002) RY*(12) C   1           s( 12.39%)p 3.98( 49.34%)d 3.09( 38.27%)
    39. (0.00001) RY*(13) C   1           s(  9.31%)p 0.17(  1.56%)d 9.58( 89.13%)
    40. (0.00000) RY*(14) C   1           s(  1.38%)p58.85( 81.44%)d12.41( 17.18%)
    41. (0.00765) RY*( 1) C   2           s(  5.79%)p15.35( 88.86%)d 0.93(  5.36%)
                                            0.0000  0.0185  0.2159 -0.1043  0.0050
                                            0.0570  0.8223  0.0261  0.0439  0.4544
                                            0.0088  0.0005 -0.0070 -0.0003  0.2292
                                            0.0045  0.0022 -0.0036  0.0317
    42. (0.00504) RY*( 2) C   2           s( 10.66%)p 7.49( 79.82%)d 0.89(  9.53%)
                                            0.0000 -0.0117  0.3187  0.0499  0.0483
                                           -0.0360  0.2943 -0.0495  0.0059 -0.8263
                                            0.1571  0.0014 -0.0173  0.0011  0.3058
                                            0.0106  0.0026  0.0032  0.0403
    43. (0.00133) RY*( 3) C   2           s(  0.21%)p93.88( 19.59%)d99.99( 80.20%)
                                            0.0000  0.0003  0.0405 -0.0202  0.0060
                                            0.0014 -0.0267  0.0260 -0.0019  0.0163
                                           -0.0007  0.0291 -0.3864 -0.2100 -0.0173
                                            0.8480  0.2873  0.0066 -0.0089
    44. (0.00093) RY*( 4) C   2           s(  3.54%)p20.07( 71.07%)d 7.17( 25.38%)
                                            0.0000 -0.0011  0.1504  0.0362 -0.1071
                                            0.0127 -0.2263  0.4424  0.0041  0.1679
                                            0.6536 -0.0020  0.0899  0.0124  0.2587
                                            0.0124  0.0362 -0.4193  0.0982
    45. (0.00067) RY*( 5) C   2           s(  0.11%)p99.99( 71.53%)d99.99( 28.35%)
                                            0.0000 -0.0002 -0.0199 -0.0174  0.0211
                                           -0.0018  0.0300 -0.0365 -0.0002 -0.0252
                                           -0.0523 -0.0167  0.8270  0.1598 -0.0205
                                            0.2633  0.4590  0.0512 -0.0225
    46. (0.00024) RY*( 6) C   2           s( 78.96%)p 0.19( 14.62%)d 0.08(  6.42%)
                                            0.0000  0.0083  0.8714 -0.0159 -0.1729
                                            0.0181 -0.2683  0.0651 -0.0299  0.1359
                                           -0.2204 -0.0003  0.0354 -0.0223 -0.1281
                                           -0.0449 -0.0080  0.2121  0.0263
    47. (0.00011) RY*( 7) C   2           s(  8.57%)p 1.40( 11.97%)d 9.27( 79.46%)
                                            0.0000  0.0074 -0.1075 -0.1782  0.2059
                                           -0.0227 -0.2782  0.0524 -0.0003  0.1223
                                           -0.1412  0.0006  0.0186 -0.0612  0.7612
                                            0.0033 -0.0285  0.4341  0.1609
    48. (0.00009) RY*( 8) C   2           s( 65.72%)p 0.16( 10.26%)d 0.37( 24.02%)
    49. (0.00004) RY*( 9) C   2           s( 14.28%)p 5.56( 79.45%)d 0.44(  6.27%)
    50. (0.00001) RY*(10) C   2           s( 75.99%)p 0.22( 16.66%)d 0.10(  7.34%)
    51. (0.00001) RY*(11) C   2           s(  1.58%)p61.90( 98.05%)d 0.23(  0.37%)
    52. (0.00002) RY*(12) C   2           s( 26.38%)p 0.92( 24.25%)d 1.87( 49.37%)
    53. (0.00000) RY*(13) C   2           s(  0.24%)p42.21( 10.26%)d99.99( 89.50%)
    54. (0.00000) RY*(14) C   2           s(  7.98%)p 0.48(  3.82%)d11.05( 88.19%)
    55. (0.00301) RY*( 1) C   3           s(  8.59%)p 9.43( 80.97%)d 1.22( 10.44%)
                                            0.0000 -0.0180  0.2459  0.1582 -0.0086
                                           -0.0026  0.6234 -0.1049 -0.0342 -0.5970
                                            0.2266  0.0019 -0.0295 -0.0176 -0.1767
                                            0.0194 -0.0112 -0.2685  0.0240
    56. (0.00210) RY*( 2) C   3           s( 16.45%)p 4.58( 75.27%)d 0.50(  8.29%)
                                            0.0000 -0.0057  0.3932  0.0992 -0.0047
                                           -0.0288  0.4140 -0.0175  0.0503  0.7599
                                           -0.0133 -0.0003  0.0038  0.0017 -0.2300
                                            0.0027  0.0003 -0.1713 -0.0253
    57. (0.00118) RY*( 3) C   3           s(  0.58%)p97.84( 57.11%)d72.48( 42.31%)
                                            0.0000  0.0024  0.0495  0.0581  0.0025
                                            0.0033 -0.0518  0.0523 -0.0002  0.0064
                                           -0.0553  0.0286 -0.5195 -0.5403  0.0233
                                            0.4600 -0.4592  0.0073 -0.0018
    58. (0.00068) RY*( 4) C   3           s(  0.15%)p99.99( 49.63%)d99.99( 50.21%)
                                            0.0000  0.0009  0.0109  0.0375 -0.0030
                                            0.0011 -0.0291  0.0160  0.0003  0.0101
                                            0.0283  0.0124 -0.7015  0.0452  0.0008
                                           -0.0416  0.7074  0.0011  0.0028
    59. (0.00042) RY*( 5) C   3           s( 56.10%)p 0.64( 35.65%)d 0.15(  8.24%)
                                            0.0000  0.0197  0.7250  0.1206  0.1430
                                            0.0158 -0.4482  0.3591 -0.0060 -0.1370
                                            0.0378 -0.0022  0.0688  0.0388  0.1572
                                           -0.0395  0.0203 -0.2256  0.0695
    60. (0.00028) RY*( 6) C   3           s(  4.30%)p16.72( 71.81%)d 5.56( 23.89%)
                                            0.0000 -0.0064  0.1547  0.1348 -0.0281
                                            0.0064  0.1658 -0.3436 -0.0172 -0.0726
                                           -0.7526 -0.0004  0.0011  0.0240  0.4839
                                           -0.0260  0.0336 -0.0517  0.0174
    61. (0.00008) RY*( 7) C   3           s( 69.29%)p 0.14(  9.49%)d 0.31( 21.22%)
    62. (0.00004) RY*( 8) C   3           s( 25.39%)p 0.73( 18.59%)d 2.21( 56.03%)
    63. (0.00004) RY*( 9) C   3           s( 14.29%)p 5.36( 76.57%)d 0.64(  9.14%)
    64. (0.00001) RY*(10) C   3           s(  5.04%)p 1.17(  5.89%)d17.67( 89.07%)
    65. (0.00000) RY*(11) C   3           s(  0.01%)p99.99( 15.16%)d99.99( 84.83%)
    66. (0.00000) RY*(12) C   3           s(  0.04%)p99.99( 78.13%)d99.99( 21.83%)
    67. (0.00001) RY*(13) C   3           s(  9.30%)p 1.81( 16.78%)d 7.95( 73.92%)
    68. (0.00000) RY*(14) C   3           s( 90.58%)p 0.10(  9.11%)d 0.00(  0.31%)
    69. (0.00501) RY*( 1) S   4           s(  0.17%)p99.99( 21.92%)d99.99( 77.91%)
                                            0.0000  0.0000 -0.0002  0.0323  0.0254
                                            0.0013  0.0000  0.0010  0.0320  0.0252
                                            0.0000  0.0031  0.0015 -0.0004  0.0000
                                           -0.0136  0.4661  0.0093 -0.0083  0.8547
                                           -0.2189  0.0194 -0.0145
    70. (0.00300) RY*( 2) S   4           s(  1.19%)p46.18( 54.87%)d36.99( 43.95%)
                                            0.0000  0.0000 -0.0089 -0.0592  0.0752
                                           -0.0515  0.0000 -0.0511 -0.2983 -0.0455
                                            0.0000 -0.0268 -0.6687 -0.0792  0.0000
                                            0.0006  0.0288  0.0088  0.0624  0.0074
                                           -0.0193 -0.6556 -0.0730
    71. (0.00210) RY*( 3) S   4           s(  1.52%)p22.70( 34.58%)d41.95( 63.90%)
                                            0.0000  0.0000  0.0001  0.0104  0.1214
                                           -0.0196  0.0000 -0.0939 -0.4913 -0.0554
                                            0.0000 -0.0139  0.0792 -0.0682  0.0000
                                            0.0045 -0.2849  0.0160  0.6439  0.2489
                                            0.3069  0.2332 -0.1180
    72. (0.00182) RY*( 4) S   4           s(  0.62%)p52.03( 32.30%)d99.99( 67.08%)
                                            0.0000  0.0000  0.0002  0.0119  0.0766
                                           -0.0140  0.0000 -0.0495 -0.2403  0.0048
                                            0.0000 -0.0053  0.0602 -0.0729  0.0000
                                           -0.0017  0.5017  0.0454  0.3700 -0.4169
                                           -0.5771  0.1475 -0.0722
    73. (0.00049) RY*( 5) S   4           s( 20.33%)p 1.08( 21.97%)d 2.84( 57.70%)
                                            0.0000  0.0000  0.0231  0.3670 -0.2562
                                            0.0490  0.0000 -0.0417  0.0736  0.0564
                                            0.0000  0.0366  0.4495  0.0642  0.0000
                                            0.0003 -0.0104 -0.0411  0.3287  0.0120
                                           -0.0196 -0.5783  0.3660
    74. (0.00038) RY*( 6) S   4           s( 87.93%)p 0.12( 10.39%)d 0.02(  1.68%)
                                            0.0000  0.0000  0.0086  0.6184  0.7019
                                            0.0646  0.0000 -0.0030  0.0696  0.1972
                                            0.0000  0.0345 -0.0381 -0.0006  0.0000
                                           -0.0041  0.0056 -0.2397 -0.0810 -0.0428
                                            0.0498  0.0078 -0.0768
    75. (0.00034) RY*( 7) S   4           s(  4.72%)p13.95( 65.81%)d 6.25( 29.48%)
                                            0.0000  0.0000  0.0149  0.2044 -0.0668
                                            0.0271  0.0000 -0.0077 -0.7204  0.0468
                                            0.0000  0.0250  0.1572  0.2275  0.0000
                                            0.0041 -0.0213  0.2434 -0.5037  0.0107
                                           -0.0594  0.0430  0.1887
    76. (0.00017) RY*( 8) S   4           s( 10.79%)p 8.03( 86.65%)d 0.24(  2.56%)
                                            0.0000  0.0000  0.0022  0.0297  0.3232
                                            0.0499  0.0000  0.0072  0.1220 -0.8384
                                            0.0000  0.0065  0.0956  0.1704  0.0000
                                            0.0081 -0.0958  0.3180  0.0055  0.0278
                                           -0.1284 -0.0848  0.0336
    77. (0.00006) RY*( 9) S   4           s(  2.83%)p33.21( 94.00%)d 1.12(  3.17%)
    78. (0.00002) RY*(10) S   4           s(  8.27%)p10.01( 82.76%)d 1.09(  8.98%)
    79. (0.00003) RY*(11) S   4           s( 65.75%)p 0.18( 11.69%)d 0.34( 22.56%)
    80. (0.00000) RY*(12) S   4           s(  3.28%)p 7.90( 25.91%)d21.58( 70.81%)
    81. (0.00000) RY*(13) S   4           s( 89.43%)p 0.10(  8.82%)d 0.02(  1.75%)
    82. (0.00000) RY*(14) S   4           s(  2.78%)p18.02( 50.11%)d16.94( 47.11%)
    83. (0.00055) RY*( 1) H   5           s(100.00%)
                                           -0.0023  1.0000
    84. (0.00074) RY*( 1) H   6           s(100.00%)
                                           -0.0031  1.0000
    85. (0.00471) RY*( 1) N   7           s(  0.32%)p99.99( 99.05%)d 1.95(  0.63%)
                                            0.0000  0.0034  0.0561 -0.0067  0.0022
                                           -0.0122  0.6916 -0.0805 -0.0391  0.7091
                                            0.0228 -0.0003  0.0243 -0.0090  0.0403
                                           -0.0015 -0.0041  0.0328  0.0596
    86. (0.00228) RY*( 2) N   7           s(  0.28%)p99.99( 96.87%)d10.23(  2.85%)
                                            0.0000 -0.0078  0.0245  0.0160  0.0432
                                            0.0288  0.6603 -0.2632 -0.0181 -0.6769
                                            0.0591 -0.0025 -0.0206 -0.0117 -0.1339
                                            0.0116 -0.0116  0.0978  0.0271
    87. (0.00106) RY*( 3) N   7           s(  1.63%)p59.57( 97.15%)d 0.75(  1.22%)
                                            0.0000 -0.0005  0.1051  0.0667 -0.0286
                                           -0.0005  0.0190  0.1068 -0.0048 -0.0466
                                            0.0518  0.0136  0.9735  0.0839 -0.0034
                                            0.1009  0.0418 -0.0161 -0.0028
    88. (0.00066) RY*( 4) N   7           s( 75.87%)p 0.11(  8.63%)d 0.20( 15.50%)
                                            0.0000  0.0126  0.8569  0.0458  0.1488
                                           -0.0404 -0.0852 -0.0137 -0.0438  0.0281
                                           -0.2489 -0.0068 -0.0697 -0.0875 -0.3592
                                            0.0638 -0.0782  0.0327  0.1214
    89. (0.00030) RY*( 5) N   7           s(  3.31%)p 4.95( 16.37%)d24.30( 80.33%)
                                            0.0000 -0.0008  0.1356  0.1136 -0.0421
                                           -0.0008  0.0281  0.1585 -0.0049 -0.0334
                                            0.2265 -0.0026  0.0575 -0.2863  0.0269
                                           -0.8909  0.0874 -0.0351 -0.0004
    90. (0.00025) RY*( 6) N   7           s(  8.27%)p 7.45( 61.62%)d 3.64( 30.11%)
                                            0.0000 -0.0004  0.2726  0.0549 -0.0732
                                            0.0251  0.0895  0.5478 -0.0233 -0.0960
                                            0.5242 -0.0061 -0.1434 -0.0475  0.3732
                                            0.2831 -0.1417  0.2434  0.0482
    91. (0.00015) RY*( 7) N   7           s( 17.96%)p 1.25( 22.51%)d 3.32( 59.54%)
                                            0.0000 -0.0132 -0.1532  0.3802  0.1066
                                           -0.0082 -0.0596  0.1142 -0.0181  0.0791
                                            0.1586  0.0104 -0.0576  0.4162 -0.4425
                                           -0.0651  0.3128  0.5301  0.1285
    92. (0.00011) RY*( 8) N   7           s( 16.87%)p 1.00( 16.95%)d 3.92( 66.18%)
                                            0.0000 -0.0128 -0.1439  0.3803 -0.0571
                                           -0.0315  0.0495  0.1592  0.0274  0.0419
                                            0.3146 -0.0062 -0.0501 -0.1915 -0.5201
                                            0.1817 -0.2023 -0.5418 -0.1544
    93. (0.00007) RY*( 9) N   7           s( 11.53%)p 4.42( 50.97%)d 3.25( 37.49%)
    94. (0.00003) RY*(10) N   7           s( 31.23%)p 1.34( 41.99%)d 0.86( 26.79%)
    95. (0.00002) RY*(11) N   7           s(  4.44%)p 0.89(  3.95%)d20.63( 91.61%)
    96. (0.00000) RY*(12) N   7           s(  0.04%)p99.99( 33.69%)d99.99( 66.28%)
    97. (0.00000) RY*(13) N   7           s( 38.75%)p 1.11( 43.12%)d 0.47( 18.13%)
    98. (0.00000) RY*(14) N   7           s( 89.35%)p 0.09(  8.20%)d 0.03(  2.45%)
    99. (0.00352) RY*( 1) N   8           s(  5.02%)p18.00( 90.32%)d 0.93(  4.67%)
                                            0.0000 -0.0081  0.2152  0.0599 -0.0143
                                           -0.0019  0.0234  0.0488 -0.0021 -0.5116
                                            0.0887  0.0446 -0.7743  0.1706 -0.0719
                                           -0.2007  0.0243  0.0116  0.0223
   100. (0.00273) RY*( 2) N   8           s(  0.30%)p99.99( 95.03%)d15.64(  4.67%)
                                            0.0000 -0.0066  0.0442 -0.0314  0.0006
                                           -0.0008  0.0002 -0.0124  0.0204  0.8035
                                           -0.2042  0.0106 -0.4980  0.1198  0.1592
                                           -0.1345  0.0442 -0.0170 -0.0317
   101. (0.00060) RY*( 3) N   8           s( 75.35%)p 0.25( 18.99%)d 0.08(  5.65%)
                                            0.0000 -0.0008  0.8659 -0.0467  0.0400
                                            0.0070  0.0439  0.2283 -0.0106 -0.0151
                                           -0.3066 -0.0016  0.2027 -0.0200  0.1469
                                            0.0345  0.0090  0.1835 -0.0046
   102. (0.00031) RY*( 4) N   8           s(  2.91%)p28.31( 82.36%)d 5.06( 14.73%)
                                            0.0000 -0.0165  0.1554  0.0154  0.0666
                                           -0.0335 -0.7313  0.3316  0.0117  0.1424
                                            0.3470 -0.0124 -0.0755 -0.1761 -0.2857
                                            0.1682 -0.0240 -0.1294 -0.1419
   103. (0.00009) RY*( 5) N   8           s( 11.28%)p 6.65( 74.96%)d 1.22( 13.77%)
   104. (0.00005) RY*( 6) N   8           s( 12.95%)p 4.28( 55.40%)d 2.44( 31.65%)
   105. (0.00005) RY*( 7) N   8           s( 26.00%)p 0.36(  9.41%)d 2.48( 64.59%)
   106. (0.00003) RY*( 8) N   8           s(  5.78%)p 9.48( 54.86%)d 6.80( 39.35%)
   107. (0.00000) RY*( 9) N   8           s( 93.93%)p 0.03(  2.50%)d 0.04(  3.57%)
   108. (0.00001) RY*(10) N   8           s( 55.97%)p 0.14(  7.92%)d 0.65( 36.11%)
   109. (0.00000) RY*(11) N   8           s(  0.13%)p99.99( 57.06%)d99.99( 42.81%)
   110. (0.00001) RY*(12) N   8           s(  5.16%)p 3.75( 19.33%)d14.64( 75.51%)
   111. (0.00001) RY*(13) N   8           s(  3.41%)p 2.94( 10.04%)d25.35( 86.54%)
   112. (0.00001) RY*(14) N   8           s(  1.90%)p11.56( 21.96%)d40.06( 76.14%)
   113. (0.00274) RY*( 1) H   9           s(100.00%)
                                            0.0070  1.0000
   114. (0.00082) RY*( 1) H  10           s(100.00%)
                                            0.0023  1.0000
   115. (0.08466) BD*( 1) C   1 - S   4  
                ( 47.01%)   0.6857* C   1 s( 29.34%)p 2.40( 70.54%)d 0.00(  0.12%)
                                           -0.0002  0.5398  0.0449 -0.0049 -0.0024
                                           -0.4595 -0.0383  0.0138 -0.7016 -0.0093
                                            0.0155 -0.0040  0.0012 -0.0005  0.0280
                                            0.0011  0.0000 -0.0116 -0.0161
                ( 52.99%)  -0.7279* S   4 s( 15.62%)p 5.36( 83.74%)d 0.04(  0.64%)
                                            0.0000  0.0002  0.3932 -0.0399  0.0071
                                            0.0004  0.0001  0.6219 -0.0507  0.0038
                                            0.0001  0.6689 -0.0214 -0.0016  0.0000
                                            0.0097 -0.0005 -0.0004  0.0684  0.0014
                                            0.0012 -0.0215 -0.0352
   116. (0.02173) BD*( 1) C   1 - N   7  
                ( 58.28%)   0.7634* C   1 s( 36.76%)p 1.72( 63.19%)d 0.00(  0.05%)
                                            0.0000  0.6059 -0.0232  0.0012  0.0031
                                           -0.3635 -0.0116  0.0076  0.7041 -0.0611
                                           -0.0054  0.0122  0.0004 -0.0001 -0.0131
                                           -0.0001  0.0000 -0.0130 -0.0118
                ( 41.72%)  -0.6459* N   7 s( 35.81%)p 1.79( 63.95%)d 0.01(  0.25%)
                                           -0.0001  0.5978 -0.0271  0.0020 -0.0014
                                            0.4404 -0.0291 -0.0060 -0.6666  0.0029
                                            0.0104  0.0105  0.0000  0.0005 -0.0255
                                           -0.0004 -0.0001 -0.0300 -0.0307
   117. (0.40169) BD*( 2) C   1 - N   7  
                ( 60.13%)   0.7754* C   1 s(  0.01%)p99.99( 99.90%)d 6.25(  0.09%)
                                            0.0001  0.0100  0.0055  0.0024  0.0017
                                            0.0236  0.0042 -0.0011 -0.0135 -0.0007
                                           -0.0001  0.9987  0.0201  0.0219 -0.0004
                                           -0.0197  0.0218  0.0001  0.0005
                ( 39.87%)  -0.6314* N   7 s(  0.01%)p 1.00( 99.74%)d 0.00(  0.26%)
                                           -0.0001 -0.0085  0.0039  0.0005 -0.0002
                                           -0.0080  0.0020  0.0009  0.0025 -0.0015
                                           -0.0015  0.9985 -0.0121  0.0100  0.0001
                                           -0.0111 -0.0493  0.0002  0.0004
   118. (0.02940) BD*( 1) C   1 - N   8  
                ( 59.16%)   0.7692* C   1 s( 33.71%)p 1.96( 66.19%)d 0.00(  0.10%)
                                           -0.0003  0.5795 -0.0349  0.0059 -0.0019
                                            0.8076 -0.0454 -0.0061 -0.0831 -0.0010
                                           -0.0004 -0.0258  0.0082 -0.0001 -0.0059
                                           -0.0019  0.0001  0.0280 -0.0143
                ( 40.84%)  -0.6391* N   8 s( 35.05%)p 1.85( 64.90%)d 0.00(  0.05%)
                                            0.0001  0.5920  0.0008 -0.0016 -0.0027
                                           -0.8028  0.0260  0.0096  0.0514  0.0012
                                           -0.0020  0.0328  0.0011  0.0004 -0.0038
                                           -0.0109 -0.0003  0.0149 -0.0134
   119. (0.02460) BD*( 1) C   2 - C   3  
                ( 50.79%)   0.7127* C   2 s( 37.61%)p 1.66( 62.35%)d 0.00(  0.05%)
                                            0.0000  0.6132 -0.0069 -0.0053  0.0020
                                           -0.2724  0.0362 -0.0052 -0.7399  0.0133
                                            0.0126 -0.0124 -0.0005 -0.0003  0.0086
                                            0.0001  0.0002 -0.0175 -0.0091
                ( 49.21%)  -0.7015* C   3 s( 39.11%)p 1.56( 60.85%)d 0.00(  0.04%)
                                            0.0001  0.6253 -0.0100  0.0046  0.0025
                                            0.2194  0.0207 -0.0128  0.7468 -0.0417
                                            0.0016 -0.0188 -0.0008 -0.0002  0.0135
                                           -0.0005 -0.0003 -0.0085 -0.0133
   120. (0.25819) BD*( 2) C   2 - C   3  
                ( 55.27%)   0.7435* C   2 s(  0.01%)p 1.00( 99.93%)d 0.00(  0.07%)
                                            0.0000  0.0078 -0.0011  0.0005 -0.0002
                                            0.0022  0.0002 -0.0008 -0.0110  0.0004
                                            0.0004  0.9988  0.0313  0.0240 -0.0002
                                           -0.0053 -0.0255 -0.0003  0.0002
                ( 44.73%)  -0.6688* C   3 s(  0.01%)p 1.00( 99.94%)d 0.00(  0.06%)
                                            0.0000  0.0071 -0.0006 -0.0005  0.0001
                                            0.0148  0.0003 -0.0007  0.0148  0.0000
                                            0.0004  0.9987  0.0343  0.0204  0.0003
                                            0.0171  0.0163  0.0002 -0.0004
   121. (0.01832) BD*( 1) C   2 - H   5  
                ( 37.56%)   0.6128* C   2 s( 33.18%)p 2.01( 66.77%)d 0.00(  0.05%)
                                            0.0004 -0.5757 -0.0170 -0.0032  0.0017
                                            0.4874  0.0175 -0.0076 -0.6555 -0.0088
                                            0.0067 -0.0038 -0.0003  0.0000  0.0193
                                            0.0002 -0.0003  0.0070  0.0112
                ( 62.44%)  -0.7902* H   5 s(100.00%)
                                           -1.0000 -0.0023
   122. (0.01196) BD*( 1) C   2 - N   7  
                ( 59.56%)   0.7717* C   2 s( 29.19%)p 2.42( 70.74%)d 0.00(  0.07%)
                                            0.0000  0.5399 -0.0201  0.0015 -0.0005
                                            0.8260 -0.0394 -0.0130  0.1406 -0.0595
                                            0.0124 -0.0045 -0.0003 -0.0001  0.0064
                                           -0.0001  0.0000  0.0214 -0.0147
                ( 40.44%)  -0.6360* N   7 s( 32.65%)p 2.06( 67.12%)d 0.01(  0.23%)
                                           -0.0004  0.5706 -0.0300 -0.0014  0.0019
                                           -0.8178  0.0172  0.0120 -0.0293 -0.0319
                                            0.0037 -0.0016  0.0002 -0.0003  0.0277
                                            0.0003 -0.0002  0.0262 -0.0293
   123. (0.01432) BD*( 1) C   3 - S   4  
                ( 48.96%)   0.6997* C   3 s( 24.64%)p 3.05( 75.23%)d 0.01(  0.14%)
                                            0.0002 -0.4960 -0.0112  0.0152  0.0017
                                           -0.6266 -0.0186  0.0195  0.5973 -0.0451
                                           -0.0034  0.0040 -0.0003 -0.0003  0.0290
                                            0.0002 -0.0002 -0.0087  0.0216
                ( 51.04%)  -0.7144* S   4 s( 17.99%)p 4.52( 81.39%)d 0.03(  0.62%)
                                            0.0000  0.0000 -0.4209  0.0524  0.0031
                                            0.0003  0.0001  0.7667 -0.0565  0.0011
                                            0.0000 -0.4720  0.0021  0.0035  0.0000
                                           -0.0115  0.0005  0.0005  0.0689  0.0016
                                           -0.0012 -0.0134  0.0356
   124. (0.01150) BD*( 1) C   3 - H   6  
                ( 36.51%)   0.6043* C   3 s( 36.14%)p 1.77( 63.82%)d 0.00(  0.04%)
                                           -0.0003  0.6011 -0.0016  0.0066 -0.0010
                                           -0.7464  0.0054  0.0061 -0.2843 -0.0017
                                            0.0018  0.0110 -0.0002 -0.0001  0.0131
                                           -0.0007 -0.0002  0.0113 -0.0123
                ( 63.49%)  -0.7968* H   6 s(100.00%)
                                            1.0000  0.0031
   125. (0.01078) BD*( 1) N   8 - H   9  
                ( 28.27%)   0.5317* N   8 s( 27.25%)p 2.67( 72.68%)d 0.00(  0.06%)
                                            0.0003 -0.5220 -0.0007 -0.0024 -0.0010
                                           -0.4362  0.0263 -0.0070 -0.7145  0.0155
                                            0.0091 -0.1581 -0.0068 -0.0015 -0.0100
                                           -0.0094 -0.0151  0.0117  0.0096
                ( 71.73%)  -0.8469* H   9 s(100.00%)
                                           -1.0000  0.0070
   126. (0.00765) BD*( 1) N   8 - H  10  
                ( 28.87%)   0.5373* N   8 s( 26.68%)p 2.75( 73.25%)d 0.00(  0.06%)
                                            0.0003 -0.5165  0.0047 -0.0017 -0.0012
                                           -0.3521  0.0281 -0.0074  0.6777 -0.0225
                                           -0.0076 -0.3846  0.0005  0.0006  0.0058
                                           -0.0088  0.0214  0.0078 -0.0002
                ( 71.13%)  -0.8434* H  10 s(100.00%)
                                           -1.0000  0.0023


 NHO Directionality and "Bond Bending" (deviations from line of nuclear centers)

         [Thresholds for printing:  angular deviation  >  1.0 degree]
                                    hybrid p-character > 25.0%
                                    orbital occupancy  >  0.10e

                                Line of Centers        Hybrid 1              Hybrid 2
                                ---------------  -------------------   ------------------
                NBO               Theta   Phi    Theta   Phi    Dev    Theta   Phi    Dev
 ========================================================================================
     1. BD (   1) C   1 - S   4    90.3  233.5    90.2  235.2   1.7     89.4   48.3   5.1
     2. BD (   1) C   1 - N   7    89.9  118.6    89.0  120.0   1.6     89.2  301.8   3.4
     3. BD (   2) C   1 - N   7    89.9  118.6     1.7  332.0  91.3    179.7    5.2  89.8
     4. BD (   1) C   1 - N   8    93.2  354.7    91.3  353.6   2.2     87.4  176.2   1.7
     5. BD (   1) C   2 - C   3    89.8  251.3    91.0  251.3   1.2     91.5   72.2   1.6
     6. BD (   2) C   2 - C   3    89.8  251.3     0.6  279.2  89.3      1.1   46.4  89.2
     8. BD (   1) C   2 - N   7    90.0    8.0    90.4    6.9   1.1     90.1  184.2   3.8
     9. BD (   1) C   3 - S   4    90.5  321.7    90.2  318.7   3.0     89.3  146.8   5.0
    11. BD (   1) N   8 - H   9    78.5   60.5    78.3   58.9   1.6      --     --    --
    12. BD (   1) N   8 - H  10    63.6  297.0    62.2  297.1   1.4      --     --    --
    23. LP (   1) S   4             --     --     89.7  279.6   --       --     --    --
    24. LP (   2) S   4             --     --    179.3  120.6   --       --     --    --
    25. LP (   1) N   7             --     --     89.5   63.5   --       --     --    --
    26. LP (   1) N   8             --     --    163.9  321.0   --       --     --    --
   117. BD*(   2) C   1 - N   7    89.9  118.6     1.7  332.0  91.3    179.7    5.2  89.8
   120. BD*(   2) C   2 - C   3    89.8  251.3     0.6  279.2  89.3      1.1   46.4  89.2


 Second Order Perturbation Theory Analysis of Fock Matrix in NBO Basis

     Threshold for printing:   0.50 kcal/mol
                                                                              E(2)  E(j)-E(i) F(i,j)
         Donor NBO (i)                     Acceptor NBO (j)                 kcal/mol   a.u.    a.u. 
 ===================================================================================================

 within unit  1
   1. BD (   1) C   1 - S   4        / 56. RY*(   2) C   3                    0.81    1.50    0.031
   1. BD (   1) C   1 - S   4        / 85. RY*(   1) N   7                    1.54    1.41    0.042
   1. BD (   1) C   1 - S   4        / 86. RY*(   2) N   7                    0.66    1.70    0.030
   1. BD (   1) C   1 - S   4        /100. RY*(   2) N   8                    0.84    1.58    0.033
   1. BD (   1) C   1 - S   4        /119. BD*(   1) C   2 - C   3            0.57    1.26    0.024
   1. BD (   1) C   1 - S   4        /121. BD*(   1) C   2 - H   5            0.58    1.12    0.023
   1. BD (   1) C   1 - S   4        /124. BD*(   1) C   3 - H   6            2.84    1.12    0.051
   1. BD (   1) C   1 - S   4        /125. BD*(   1) N   8 - H   9            2.72    1.10    0.049
   2. BD (   1) C   1 - N   7        / 27. RY*(   1) C   1                    0.57    1.63    0.027
   2. BD (   1) C   1 - N   7        / 41. RY*(   1) C   2                    0.98    1.56    0.035
   2. BD (   1) C   1 - N   7        / 42. RY*(   2) C   2                    2.31    2.01    0.061
   2. BD (   1) C   1 - N   7        /118. BD*(   1) C   1 - N   8            1.30    1.30    0.037
   2. BD (   1) C   1 - N   7        /121. BD*(   1) C   2 - H   5            2.38    1.34    0.050
   2. BD (   1) C   1 - N   7        /122. BD*(   1) C   2 - N   7            1.16    1.35    0.035
   2. BD (   1) C   1 - N   7        /126. BD*(   1) N   8 - H  10            1.57    1.31    0.040
   3. BD (   2) C   1 - N   7        / 43. RY*(   3) C   2                    1.51    2.06    0.051
   3. BD (   2) C   1 - N   7        / 72. RY*(   4) S   4                    0.99    1.02    0.029
   3. BD (   2) C   1 - N   7        / 99. RY*(   1) N   8                    1.21    0.96    0.031
   3. BD (   2) C   1 - N   7        /117. BD*(   2) C   1 - N   7            1.26    0.32    0.019
   3. BD (   2) C   1 - N   7        /120. BD*(   2) C   2 - C   3           20.25    0.34    0.077
   3. BD (   2) C   1 - N   7        /126. BD*(   1) N   8 - H  10            0.80    0.75    0.023
   4. BD (   1) C   1 - N   8        / 85. RY*(   1) N   7                    0.55    1.59    0.026
   4. BD (   1) C   1 - N   8        /116. BD*(   1) C   1 - N   7            1.32    1.40    0.039
   4. BD (   1) C   1 - N   8        /122. BD*(   1) C   2 - N   7            2.09    1.32    0.047
   5. BD (   1) C   2 - C   3        / 70. RY*(   2) S   4                    0.56    1.39    0.025
   5. BD (   1) C   2 - C   3        / 86. RY*(   2) N   7                    1.20    1.78    0.041
   5. BD (   1) C   2 - C   3        /115. BD*(   1) C   1 - S   4            0.53    0.92    0.020
   5. BD (   1) C   2 - C   3        /118. BD*(   1) C   1 - N   8            0.85    1.17    0.028
   5. BD (   1) C   2 - C   3        /121. BD*(   1) C   2 - H   5            1.61    1.21    0.039
   5. BD (   1) C   2 - C   3        /122. BD*(   1) C   2 - N   7            0.64    1.22    0.025
   5. BD (   1) C   2 - C   3        /124. BD*(   1) C   3 - H   6            2.00    1.21    0.044
   6. BD (   2) C   2 - C   3        / 69. RY*(   1) S   4                    2.62    0.99    0.046
   6. BD (   2) C   2 - C   3        / 87. RY*(   3) N   7                    0.87    0.88    0.025
   6. BD (   2) C   2 - C   3        /117. BD*(   2) C   1 - N   7            9.02    0.27    0.049
   7. BD (   1) C   2 - H   5        / 56. RY*(   2) C   3                    0.77    1.38    0.029
   7. BD (   1) C   2 - H   5        /116. BD*(   1) C   1 - N   7            2.34    1.10    0.045
   7. BD (   1) C   2 - H   5        /119. BD*(   1) C   2 - C   3            1.55    1.13    0.038
   7. BD (   1) C   2 - H   5        /123. BD*(   1) C   3 - S   4            3.90    0.74    0.048
   8. BD (   1) C   2 - N   7        / 27. RY*(   1) C   1                    3.22    1.53    0.063
   8. BD (   1) C   2 - N   7        / 28. RY*(   2) C   1                    0.81    2.16    0.037
   8. BD (   1) C   2 - N   7        / 55. RY*(   1) C   3                    0.71    1.77    0.032
   8. BD (   1) C   2 - N   7        /116. BD*(   1) C   1 - N   7            1.04    1.33    0.033
   8. BD (   1) C   2 - N   7        /118. BD*(   1) C   1 - N   8            7.10    1.20    0.083
   8. BD (   1) C   2 - N   7        /119. BD*(   1) C   2 - C   3            1.08    1.37    0.034
   8. BD (   1) C   2 - N   7        /124. BD*(   1) C   3 - H   6            2.50    1.24    0.050
   9. BD (   1) C   3 - S   4        / 41. RY*(   1) C   2                    1.64    1.33    0.042
   9. BD (   1) C   3 - S   4        /116. BD*(   1) C   1 - N   7            0.72    1.21    0.026
   9. BD (   1) C   3 - S   4        /118. BD*(   1) C   1 - N   8            4.73    1.08    0.064
   9. BD (   1) C   3 - S   4        /121. BD*(   1) C   2 - H   5            4.48    1.11    0.063
   9. BD (   1) C   3 - S   4        /122. BD*(   1) C   2 - N   7            1.22    1.13    0.033
  10. BD (   1) C   3 - H   6        / 42. RY*(   2) C   2                    1.35    1.70    0.043
  10. BD (   1) C   3 - H   6        /119. BD*(   1) C   2 - C   3            2.22    1.16    0.045
  10. BD (   1) C   3 - H   6        /122. BD*(   1) C   2 - N   7            3.25    1.04    0.052
  11. BD (   1) N   8 - H   9        / 27. RY*(   1) C   1                    0.52    1.42    0.024
  11. BD (   1) N   8 - H   9        / 29. RY*(   3) C   1                    0.86    1.74    0.035
  11. BD (   1) N   8 - H   9        /115. BD*(   1) C   1 - S   4            5.66    0.83    0.062
  12. BD (   1) N   8 - H  10        / 27. RY*(   1) C   1                    0.76    1.42    0.029
  12. BD (   1) N   8 - H  10        / 29. RY*(   3) C   1                    0.91    1.74    0.036
  12. BD (   1) N   8 - H  10        /116. BD*(   1) C   1 - N   7            4.43    1.23    0.066
  12. BD (   1) N   8 - H  10        /117. BD*(   2) C   1 - N   7            1.05    0.66    0.026
  13. CR (   1) C   1                / 86. RY*(   2) N   7                    1.06   11.21    0.097
  13. CR (   1) C   1                /102. RY*(   4) N   8                    0.54   11.11    0.069
  13. CR (   1) C   1                /115. BD*(   1) C   1 - S   4            0.64   10.34    0.074
  13. CR (   1) C   1                /122. BD*(   1) C   2 - N   7            1.15   10.65    0.099
  13. CR (   1) C   1                /126. BD*(   1) N   8 - H  10            0.59   10.60    0.071
  14. CR (   1) C   2                / 56. RY*(   2) C   3                    2.18   10.93    0.138
  14. CR (   1) C   2                /116. BD*(   1) C   1 - N   7            0.75   10.64    0.080
  14. CR (   1) C   2                /119. BD*(   1) C   2 - C   3            1.16   10.68    0.100
  14. CR (   1) C   2                /124. BD*(   1) C   3 - H   6            1.14   10.55    0.098
  15. CR (   1) C   3                / 41. RY*(   1) C   2                    1.32   10.77    0.106
  15. CR (   1) C   3                / 42. RY*(   2) C   2                    1.49   11.23    0.116
  15. CR (   1) C   3                / 84. RY*(   1) H   6                    0.55   10.62    0.068
  15. CR (   1) C   3                /119. BD*(   1) C   2 - C   3            1.31   10.69    0.106
  15. CR (   1) C   3                /121. BD*(   1) C   2 - H   5            0.89   10.55    0.087
  15. CR (   1) C   3                /123. BD*(   1) C   3 - S   4            0.80   10.30    0.081
  17. CR (   2) S   4                / 27. RY*(   1) C   1                    1.74    9.65    0.116
  17. CR (   2) S   4                / 55. RY*(   1) C   3                    1.48    9.89    0.108
  17. CR (   2) S   4                /116. BD*(   1) C   1 - N   7            0.55    9.45    0.065
  17. CR (   2) S   4                /118. BD*(   1) C   1 - N   8            0.97    9.32    0.086
  17. CR (   2) S   4                /124. BD*(   1) C   3 - H   6            0.71    9.36    0.073
  21. CR (   1) N   7                / 27. RY*(   1) C   1                    3.62   14.89    0.208
  21. CR (   1) N   7                / 41. RY*(   1) C   2                    2.19   14.81    0.161
  21. CR (   1) N   7                /115. BD*(   1) C   1 - S   4            0.70   14.30    0.091
  21. CR (   1) N   7                /118. BD*(   1) C   1 - N   8            0.82   14.56    0.098
  22. CR (   1) N   8                / 29. RY*(   3) C   1                    2.70   15.29    0.182
  22. CR (   1) N   8                / 31. RY*(   5) C   1                    0.98   15.81    0.111
  22. CR (   1) N   8                /115. BD*(   1) C   1 - S   4            0.63   14.38    0.087
  22. CR (   1) N   8                /116. BD*(   1) C   1 - N   7            0.62   14.77    0.086
  23. LP (   1) S   4                / 27. RY*(   1) C   1                    2.03    1.42    0.048
  23. LP (   1) S   4                / 55. RY*(   1) C   3                    1.38    1.66    0.043
  23. LP (   1) S   4                /116. BD*(   1) C   1 - N   7            3.23    1.23    0.056
  23. LP (   1) S   4                /119. BD*(   1) C   2 - C   3            1.22    1.26    0.035
  24. LP (   2) S   4                / 57. RY*(   3) C   3                    1.08    1.05    0.033
  24. LP (   2) S   4                / 72. RY*(   4) S   4                    0.61    0.95    0.023
  24. LP (   2) S   4                /117. BD*(   2) C   1 - N   7           27.11    0.25    0.075
  24. LP (   2) S   4                /120. BD*(   2) C   2 - C   3           17.45    0.27    0.062
  25. LP (   1) N   7                / 27. RY*(   1) C   1                    3.44    1.12    0.057
  25. LP (   1) N   7                / 28. RY*(   2) C   1                    2.07    1.75    0.055
  25. LP (   1) N   7                / 38. RY*(  12) C   1                    0.53    1.85    0.029
  25. LP (   1) N   7                / 41. RY*(   1) C   2                    3.70    1.04    0.057
  25. LP (   1) N   7                /115. BD*(   1) C   1 - S   4           16.76    0.53    0.085
  25. LP (   1) N   7                /118. BD*(   1) C   1 - N   8            2.70    0.79    0.042
  25. LP (   1) N   7                /119. BD*(   1) C   2 - C   3            5.60    0.96    0.067
  25. LP (   1) N   7                /121. BD*(   1) C   2 - H   5            1.40    0.82    0.031
  25. LP (   1) N   7                /125. BD*(   1) N   8 - H   9            0.71    0.80    0.022
  26. LP (   1) N   8                / 29. RY*(   3) C   1                    0.94    1.39    0.034
  26. LP (   1) N   8                / 30. RY*(   4) C   1                    1.78    1.74    0.052
  26. LP (   1) N   8                /116. BD*(   1) C   1 - N   7            0.78    0.87    0.024
  26. LP (   1) N   8                /117. BD*(   2) C   1 - N   7           33.74    0.30    0.096
 117. BD*(   2) C   1 - N   7        / 29. RY*(   3) C   1                    0.85    1.08    0.060
 117. BD*(   2) C   1 - N   7        / 31. RY*(   5) C   1                    1.64    1.60    0.102
 117. BD*(   2) C   1 - N   7        / 72. RY*(   4) S   4                    0.74    0.70    0.045
 117. BD*(   2) C   1 - N   7        / 87. RY*(   3) N   7                    2.35    0.60    0.075
 117. BD*(   2) C   1 - N   7        / 96. RY*(  12) N   7                    0.53    1.41    0.055
 117. BD*(   2) C   1 - N   7        / 99. RY*(   1) N   8                    0.71    0.64    0.042
 117. BD*(   2) C   1 - N   7        /120. BD*(   2) C   2 - C   3           78.96    0.02    0.066
 120. BD*(   2) C   2 - C   3        / 45. RY*(   5) C   2                    1.95    0.85    0.101
 120. BD*(   2) C   2 - C   3        / 58. RY*(   4) C   3                    1.31    1.16    0.097
 120. BD*(   2) C   2 - C   3        / 69. RY*(   1) S   4                    0.53    0.70    0.047


 Natural Bond Orbitals (Summary):

                                                            Principal Delocalizations
           NBO                        Occupancy    Energy   (geminal,vicinal,remote)
 ====================================================================================
 Molecular unit  1  (C3H4N2S)
     1. BD (   1) C   1 - S   4          1.97874    -0.66055  124(v),125(v),85(v),100(v)
                                                    56(v),86(v),121(r),119(v)
     2. BD (   1) C   1 - N   7          1.98732    -0.87624  121(v),42(v),126(v),118(g)
                                                    122(g),41(v),27(g)
     3. BD (   2) C   1 - N   7          1.87722    -0.32518  120(v),43(v),117(g),99(v)
                                                    72(v),126(v)
     4. BD (   1) C   1 - N   8          1.99393    -0.84262  122(v),116(g),85(v)
     5. BD (   1) C   2 - C   3          1.98903    -0.74521  124(g),121(g),86(v),118(r)
                                                    122(g),70(v),115(v)
     6. BD (   2) C   2 - C   3          1.92848    -0.28413  117(v),69(v),87(v)
     7. BD (   1) C   2 - H   5          1.97846    -0.53973  123(v),116(v),119(g),56(v)
     8. BD (   1) C   2 - N   7          1.97799    -0.77477  118(v),27(v),124(v),119(g)
                                                    116(g),28(v),55(v)
     9. BD (   1) C   3 - S   4          1.97741    -0.65181  118(v),121(v),41(v),122(v)
                                                    116(v)
    10. BD (   1) C   3 - H   6          1.98543    -0.56313  122(v),119(g),42(v)
    11. BD (   1) N   8 - H   9          1.98283    -0.66253  115(v),29(v),27(v)
    12. BD (   1) N   8 - H  10          1.98425    -0.66928  116(v),117(v),29(v),27(v)
    13. CR (   1) C   1                  1.99931   -10.17414  122(v),86(v),115(g),126(v)
                                                    102(v)
    14. CR (   1) C   2                  1.99908   -10.08504  56(v),119(g),124(v),116(v)
    15. CR (   1) C   3                  1.99906   -10.09344  42(v),119(g),41(v),121(v)
                                                    123(g),84(v)
    16. CR (   1) S   4                  2.00000   -87.73782   
    17. CR (   2) S   4                  1.99931    -8.89179  27(v),55(v),118(v),124(v)
                                                    116(v)
    18. CR (   3) S   4                  1.99986    -5.93614   
    19. CR (   4) S   4                  1.99984    -5.93343   
    20. CR (   5) S   4                  1.99996    -5.93115   
    21. CR (   1) N   7                  1.99930   -14.13111  27(v),41(v),118(v),115(v)
    22. CR (   1) N   8                  1.99945   -14.21333  29(v),31(v),115(v),116(v)
    23. LP (   1) S   4                  1.98405    -0.66888  116(v),27(v),55(v),119(v)
    24. LP (   2) S   4                  1.69073    -0.25794  117(v),120(v),57(v),72(g)
    25. LP (   1) N   7                  1.88498    -0.36316  115(v),119(v),41(v),27(v)
                                                    118(v),28(v),121(v),125(r)
                                                    38(v)
    26. LP (   1) N   8                  1.82528    -0.31405  117(v),30(v),29(v),116(v)
    27. RY*(   1) C   1                  0.00931     0.75546   
    28. RY*(   2) C   1                  0.00514     1.38326   
    29. RY*(   3) C   1                  0.00331     1.07330   
    30. RY*(   4) C   1                  0.00229     1.42627   
    31. RY*(   5) C   1                  0.00204     1.59242   
    32. RY*(   6) C   1                  0.00130     1.11298   
    33. RY*(   7) C   1                  0.00044     2.06889   
    34. RY*(   8) C   1                  0.00036     0.91268   
    35. RY*(   9) C   1                  0.00018     0.52989   
    36. RY*(  10) C   1                  0.00010     1.07315   
    37. RY*(  11) C   1                  0.00007     3.14918   
    38. RY*(  12) C   1                  0.00002     1.48358   
    39. RY*(  13) C   1                  0.00001     2.21710   
    40. RY*(  14) C   1                  0.00000     0.60978   
    41. RY*(   1) C   2                  0.00765     0.68007   
    42. RY*(   2) C   2                  0.00504     1.13862   
    43. RY*(   3) C   2                  0.00133     1.72989   
    44. RY*(   4) C   2                  0.00093     0.99047   
    45. RY*(   5) C   2                  0.00067     0.86251   
    46. RY*(   6) C   2                  0.00024     1.23447   
    47. RY*(   7) C   2                  0.00011     2.14278   
    48. RY*(   8) C   2                  0.00009     2.20514   
    49. RY*(   9) C   2                  0.00004     0.84847   
    50. RY*(  10) C   2                  0.00001     1.82973   
    51. RY*(  11) C   2                  0.00001     0.39202   
    52. RY*(  12) C   2                  0.00002     1.67479   
    53. RY*(  13) C   2                  0.00000     1.71199   
    54. RY*(  14) C   2                  0.00000     2.23361   
    55. RY*(   1) C   3                  0.00301     0.99494   
    56. RY*(   2) C   3                  0.00210     0.84328   
    57. RY*(   3) C   3                  0.00118     0.79424   
    58. RY*(   4) C   3                  0.00068     1.17206   
    59. RY*(   5) C   3                  0.00042     0.88880   
    60. RY*(   6) C   3                  0.00028     0.89183   
    61. RY*(   7) C   3                  0.00008     1.35489   
    62. RY*(   8) C   3                  0.00004     1.64462   
    63. RY*(   9) C   3                  0.00004     0.61509   
    64. RY*(  10) C   3                  0.00001     1.96966   
    65. RY*(  11) C   3                  0.00000     1.50084   
    66. RY*(  12) C   3                  0.00000     0.93394   
    67. RY*(  13) C   3                  0.00001     1.77357   
    68. RY*(  14) C   3                  0.00000     3.44978   
    69. RY*(   1) S   4                  0.00501     0.70990   
    70. RY*(   2) S   4                  0.00300     0.64266   
    71. RY*(   3) S   4                  0.00210     0.77138   
    72. RY*(   4) S   4                  0.00182     0.69235   
    73. RY*(   5) S   4                  0.00049     0.74174   
    74. RY*(   6) S   4                  0.00038     0.28827   
    75. RY*(   7) S   4                  0.00034     0.61584   
    76. RY*(   8) S   4                  0.00017     0.28862   
    77. RY*(   9) S   4                  0.00006     0.27129   
    78. RY*(  10) S   4                  0.00002     0.51461   
    79. RY*(  11) S   4                  0.00003     0.95174   
    80. RY*(  12) S   4                  0.00000     0.89114   
    81. RY*(  13) S   4                  0.00000     3.37477   
    82. RY*(  14) S   4                  0.00000     0.66493   
    83. RY*(   1) H   5                  0.00055     0.53391   
    84. RY*(   1) H   6                  0.00074     0.52224   
    85. RY*(   1) N   7                  0.00471     0.74875   
    86. RY*(   2) N   7                  0.00228     1.03882   
    87. RY*(   3) N   7                  0.00106     0.59498   
    88. RY*(   4) N   7                  0.00066     0.91184   
    89. RY*(   5) N   7                  0.00030     1.55176   
    90. RY*(   6) N   7                  0.00025     1.20062   
    91. RY*(   7) N   7                  0.00015     1.66233   
    92. RY*(   8) N   7                  0.00011     1.85922   
    93. RY*(   9) N   7                  0.00007     1.30692   
    94. RY*(  10) N   7                  0.00003     1.71471   
    95. RY*(  11) N   7                  0.00002     2.12077   
    96. RY*(  12) N   7                  0.00000     1.40316   
    97. RY*(  13) N   7                  0.00000     1.07774   
    98. RY*(  14) N   7                  0.00000     3.26923   
    99. RY*(   1) N   8                  0.00352     0.63103   
   100. RY*(   2) N   8                  0.00273     0.92232   
   101. RY*(   3) N   8                  0.00060     1.27333   
   102. RY*(   4) N   8                  0.00031     0.93677   
   103. RY*(   5) N   8                  0.00009     0.89699   
   104. RY*(   6) N   8                  0.00005     0.99272   
   105. RY*(   7) N   8                  0.00005     1.48883   
   106. RY*(   8) N   8                  0.00003     1.11711   
   107. RY*(   9) N   8                  0.00000     3.80343   
   108. RY*(  10) N   8                  0.00001     1.35655   
   109. RY*(  11) N   8                  0.00000     1.21980   
   110. RY*(  12) N   8                  0.00001     1.71817   
   111. RY*(  13) N   8                  0.00001     2.00887   
   112. RY*(  14) N   8                  0.00001     1.67096   
   113. RY*(   1) H   9                  0.00274     0.58789   
   114. RY*(   1) H  10                  0.00082     0.56847   
   115. BD*(   1) C   1 - S   4          0.08466     0.17021   
   116. BD*(   1) C   1 - N   7          0.02173     0.55913   
   117. BD*(   2) C   1 - N   7          0.40169    -0.00979  120(v),87(g),31(g),29(g)
                                                    72(v),99(v),96(g)
   118. BD*(   1) C   1 - N   8          0.02940     0.42554   
   119. BD*(   1) C   2 - C   3          0.02460     0.59450   
   120. BD*(   2) C   2 - C   3          0.25819     0.01317  117(v),45(g),58(g),69(v)
   121. BD*(   1) C   2 - H   5          0.01832     0.46008   
   122. BD*(   1) C   2 - N   7          0.01196     0.47658   
   123. BD*(   1) C   3 - S   4          0.01432     0.20392   
   124. BD*(   1) C   3 - H   6          0.01150     0.46352   
   125. BD*(   1) N   8 - H   9          0.01078     0.43578   
   126. BD*(   1) N   8 - H  10          0.00765     0.42979   
       -------------------------------
              Total Lewis   51.02128  ( 98.1179%)
        Valence non-Lewis    0.89481  (  1.7208%)
        Rydberg non-Lewis    0.08391  (  0.1614%)
       -------------------------------
            Total unit  1   52.00000  (100.0000%)
           Charge unit  1    0.00000
 1\1\GINC-LOCALHOST\FOpt\RB3LYP\6-31+G(d)\C3H4N2S1\PVBHARATAM\14-Mar-20
 01\0\\# opt freq=noraman b3lyp/6-31+g(d) pop=nbo\\ATZ\\0,1\C,0.7798501
 866,0.2115275543,0.001837529\C,-1.2113049207,1.1645038169,0.0033857208
 \C,-1.6480486138,-0.1248877345,0.0086261909\S,-0.2729079736,-1.2091261
 481,-0.0067953206\H,-1.8580619551,2.034777633,0.0086862747\H,-2.660187
 5664,-0.5045508482,0.0259246216\N,0.1563207834,1.3561536101,0.00380827
 2\N,2.1520660701,0.0838880739,-0.076048979\H,2.6416477167,0.9490149977
 ,0.12542087\H,2.5637622726,-0.7238569551,0.3742388206\\Version=EM64L-G
 09RevB.01\State=1-A\HF=-624.4187517\RMSD=5.733e-09\RMSF=2.259e-05\Dipo
 le=0.2954762,-0.4675274,0.3945741\Quadrupole=6.357581,-2.4302269,-3.92
 73541,-0.9229797,2.2084712,-0.2850318\PG=C01 [X(C3H4N2S1)]\\@


 HO!  SUCH BUGS AND GOBLINS IN MY LIFE!

                            -- HAMLET, ACT 5, SCENE 2
 Job cpu time:  0 days  0 hours  4 minutes 10.0 seconds.
 File lengths (MBytes):  RWF=     10 Int=      0 D2E=      0 Chk=      2 Scr=      1
 Normal termination of Gaussian 09 at Wed Mar 14 05:45:33 2001.
 Link1:  Proceeding to internal job step number  2.
 ---------------------------------------------------------------------
 #N Geom=AllCheck Guess=TCheck SCRF=Check GenChk RB3LYP/6-31+G(d) Freq
 ---------------------------------------------------------------------
 1/10=4,29=7,30=1,38=1,40=1/1,3;
 2/12=2,40=1/2;
 3/5=1,6=6,7=11,11=2,14=-4,16=1,25=1,30=1,70=2,71=2,74=-5,116=1/1,2,3;
 4/5=101/1;
 5/5=2,98=1/2;
 8/6=4,10=90,11=11/1;
 11/6=1,8=1,9=11,15=111,16=1/1,2,10;
 10/6=1/2;
 6/7=2,8=2,9=2,10=2,18=1,28=1/1,7;
 7/8=1,10=1,25=1/1,2,3,16;
 1/10=4,30=1/3;
 99//99;
 ---
 ATZ
 ---
 Redundant internal coordinates taken from checkpoint file:
 ATZ.chk
 Charge =  0 Multiplicity = 1
 C,0,0.7798501866,0.2115275543,0.001837529
 C,0,-1.2113049207,1.1645038169,0.0033857208
 C,0,-1.6480486138,-0.1248877345,0.0086261909
 S,0,-0.2729079736,-1.2091261481,-0.0067953206
 H,0,-1.8580619551,2.034777633,0.0086862747
 H,0,-2.6601875664,-0.5045508482,0.0259246216
 N,0,0.1563207834,1.3561536101,0.003808272
 N,0,2.1520660701,0.0838880739,-0.076048979
 H,0,2.6416477167,0.9490149977,0.12542087
 H,0,2.5637622726,-0.7238569551,0.3742388206
 Recover connectivity data from disk.

 GradGradGradGradGradGradGradGradGradGradGradGradGradGradGradGradGradGrad
 Berny optimization.
 Initialization pass.
                           ----------------------------
                           !    Initial Parameters    !
                           ! (Angstroms and Degrees)  !
 --------------------------                            --------------------------
 ! Name  Definition              Value          Derivative Info.                !
 --------------------------------------------------------------------------------
 ! R1    R(1,4)                  1.7682         calculate D2E/DX2 analytically  !
 ! R2    R(1,7)                  1.3034         calculate D2E/DX2 analytically  !
 ! R3    R(1,8)                  1.3803         calculate D2E/DX2 analytically  !
 ! R4    R(2,3)                  1.3614         calculate D2E/DX2 analytically  !
 ! R5    R(2,5)                  1.0843         calculate D2E/DX2 analytically  !
 ! R6    R(2,7)                  1.381          calculate D2E/DX2 analytically  !
 ! R7    R(3,4)                  1.7512         calculate D2E/DX2 analytically  !
 ! R8    R(3,6)                  1.0811         calculate D2E/DX2 analytically  !
 ! R9    R(8,9)                  1.0143         calculate D2E/DX2 analytically  !
 ! R10   R(8,10)                 1.0123         calculate D2E/DX2 analytically  !
 ! A1    A(4,1,7)              114.8812         calculate D2E/DX2 analytically  !
 ! A2    A(4,1,8)              121.1515         calculate D2E/DX2 analytically  !
 ! A3    A(7,1,8)              123.8379         calculate D2E/DX2 analytically  !
 ! A4    A(3,2,5)              124.6672         calculate D2E/DX2 analytically  !
 ! A5    A(3,2,7)              116.6891         calculate D2E/DX2 analytically  !
 ! A6    A(5,2,7)              118.6409         calculate D2E/DX2 analytically  !
 ! A7    A(2,3,4)              109.5389         calculate D2E/DX2 analytically  !
 ! A8    A(2,3,6)              129.2721         calculate D2E/DX2 analytically  !
 ! A9    A(4,3,6)              121.1879         calculate D2E/DX2 analytically  !
 ! A10   A(1,4,3)               88.2832         calculate D2E/DX2 analytically  !
 ! A11   A(1,7,2)              110.602          calculate D2E/DX2 analytically  !
 ! A12   A(1,8,9)              112.9406         calculate D2E/DX2 analytically  !
 ! A13   A(1,8,10)             116.9361         calculate D2E/DX2 analytically  !
 ! A14   A(9,8,10)             113.325          calculate D2E/DX2 analytically  !
 ! D1    D(7,1,4,3)             -0.5306         calculate D2E/DX2 analytically  !
 ! D2    D(8,1,4,3)           -176.5465         calculate D2E/DX2 analytically  !
 ! D3    D(4,1,7,2)              0.2169         calculate D2E/DX2 analytically  !
 ! D4    D(8,1,7,2)            176.1117         calculate D2E/DX2 analytically  !
 ! D5    D(4,1,8,9)           -168.4011         calculate D2E/DX2 analytically  !
 ! D6    D(4,1,8,10)           -34.1875         calculate D2E/DX2 analytically  !
 ! D7    D(7,1,8,9)             15.9511         calculate D2E/DX2 analytically  !
 ! D8    D(7,1,8,10)           150.1647         calculate D2E/DX2 analytically  !
 ! D9    D(5,2,3,4)            179.8794         calculate D2E/DX2 analytically  !
 ! D10   D(5,2,3,6)             -0.5108         calculate D2E/DX2 analytically  !
 ! D11   D(7,2,3,4)             -0.7442         calculate D2E/DX2 analytically  !
 ! D12   D(7,2,3,6)            178.8656         calculate D2E/DX2 analytically  !
 ! D13   D(3,2,7,1)              0.3548         calculate D2E/DX2 analytically  !
 ! D14   D(5,2,7,1)            179.7704         calculate D2E/DX2 analytically  !
 ! D15   D(2,3,4,1)              0.6779         calculate D2E/DX2 analytically  !
 ! D16   D(6,3,4,1)           -178.969          calculate D2E/DX2 analytically  !
 --------------------------------------------------------------------------------
 Trust Radius=3.00D-01 FncErr=1.00D-07 GrdErr=1.00D-07
 Number of steps in this run=      2 maximum allowed number of steps=      2.
 GradGradGradGradGradGradGradGradGradGradGradGradGradGradGradGradGradGrad

                          Input orientation:                          
 ---------------------------------------------------------------------
 Center     Atomic      Atomic             Coordinates (Angstroms)
 Number     Number       Type             X           Y           Z
 ---------------------------------------------------------------------
      1          6           0        0.779850    0.211528    0.001838
      2          6           0       -1.211305    1.164504    0.003386
      3          6           0       -1.648049   -0.124888    0.008626
      4         16           0       -0.272908   -1.209126   -0.006795
      5          1           0       -1.858062    2.034778    0.008686
      6          1           0       -2.660188   -0.504551    0.025925
      7          7           0        0.156321    1.356154    0.003808
      8          7           0        2.152066    0.083888   -0.076049
      9          1           0        2.641648    0.949015    0.125421
     10          1           0        2.563762   -0.723857    0.374239
 ---------------------------------------------------------------------
                    Distance matrix (angstroms):
                    1          2          3          4          5
     1  C    0.000000
     2  C    2.207457   0.000000
     3  C    2.451105   1.361361   0.000000
     4  S    1.768228   2.552413   1.751235   0.000000
     5  H    3.206691   1.084297   2.169853   3.610521   0.000000
     6  H    3.513859   2.210320   1.081142   2.489297   2.663061
     7  N    1.303442   1.380989   2.334364   2.600963   2.125627
     8  N    1.380339   3.533597   3.806787   2.749033   4.460300
     9  H    2.006353   3.860903   4.423619   3.629007   4.630323
    10  H    2.048407   4.237283   4.269870   2.902994   5.224579
                    6          7          8          9         10
     6  H    0.000000
     7  N    3.375712   0.000000
     8  N    4.849169   2.368129   0.000000
     9  H    5.498383   2.521389   1.014261   0.000000
    10  H    5.240140   3.203036   1.012277   1.693067   0.000000
 Stoichiometry    C3H4N2S
 Framework group  C1[X(C3H4N2S)]
 Deg. of freedom    24
 Full point group                 C1      NOp   1
 Largest Abelian subgroup         C1      NOp   1
 Largest concise Abelian subgroup C1      NOp   1
                         Standard orientation:                         
 ---------------------------------------------------------------------
 Center     Atomic      Atomic             Coordinates (Angstroms)
 Number     Number       Type             X           Y           Z
 ---------------------------------------------------------------------
      1          6           0        0.779813    0.211567    0.001781
      2          6           0       -1.211308    1.164614    0.003329
      3          6           0       -1.648098   -0.124763    0.008569
      4         16           0       -0.272995   -1.209050   -0.006852
      5          1           0       -1.858035    2.034910    0.008629
      6          1           0       -2.660250   -0.504390    0.025868
      7          7           0        0.156324    1.356215    0.003751
      8          7           0        2.152024    0.083879   -0.076106
      9          1           0        2.641637    0.948989    0.125364
     10          1           0        2.563692   -0.723881    0.374182
 ---------------------------------------------------------------------
 Rotational constants (GHZ):      5.2864188      3.3774158      2.0646502
 Standard basis: 6-31+G(d) (6D, 7F)
 There are   126 symmetry adapted basis functions of A   symmetry.
 Integral buffers will be    131072 words long.
 Raffenetti 2 integral format.
 Two-electron integral symmetry is turned on.
   126 basis functions,   232 primitive gaussians,   126 cartesian basis functions
    26 alpha electrons       26 beta electrons
       nuclear repulsion energy       277.3446507869 Hartrees.
 NAtoms=   10 NActive=   10 NUniq=   10 SFac= 1.00D+00 NAtFMM=   50 NAOKFM=F Big=F
 One-electron integrals computed using PRISM.
 NBasis=   126 RedAO= T  NBF=   126
 NBsUse=   126 1.00D-06 NBFU=   126
 Initial guess read from the checkpoint file:  ATZ.chk
 B after Tr=     0.000000    0.000000    0.000000
         Rot=    1.000000    0.000000    0.000000    0.000000 Ang=   0.00 deg.
 Initial guess orbital symmetries:
       Occupied  (A) (A) (A) (A) (A) (A) (A) (A) (A) (A) (A) (A)
                 (A) (A) (A) (A) (A) (A) (A) (A) (A) (A) (A) (A)
                 (A) (A)
       Virtual   (A) (A) (A) (A) (A) (A) (A) (A) (A) (A) (A) (A)
                 (A) (A) (A) (A) (A) (A) (A) (A) (A) (A) (A) (A)
                 (A) (A) (A) (A) (A) (A) (A) (A) (A) (A) (A) (A)
                 (A) (A) (A) (A) (A) (A) (A) (A) (A) (A) (A) (A)
                 (A) (A) (A) (A) (A) (A) (A) (A) (A) (A) (A) (A)
                 (A) (A) (A) (A) (A) (A) (A) (A) (A) (A) (A) (A)
                 (A) (A) (A) (A) (A) (A) (A) (A) (A) (A) (A) (A)
                 (A) (A) (A) (A) (A) (A) (A) (A) (A) (A) (A) (A)
                 (A) (A) (A) (A)
 Requested convergence on RMS density matrix=1.00D-08 within 128 cycles.
 Requested convergence on MAX density matrix=1.00D-06.
 Requested convergence on             energy=1.00D-06.
 No special actions if energy rises.
 Keep R1 ints in memory in canonical form, NReq=33189382.
 SCF Done:  E(RB3LYP) =  -624.418751742     A.U. after    1 cycles
             Convg  =    0.1983D-08             -V/T =  2.0057
 Range of M.O.s used for correlation:     1   126
 NBasis=   126 NAE=    26 NBE=    26 NFC=     0 NFV=     0
 NROrb=    126 NOA=    26 NOB=    26 NVA=   100 NVB=   100

 **** Warning!!: The largest alpha MO coefficient is  0.53521410D+02

 Symmetrizing basis deriv contribution to polar:
 IMax=3 JMax=2 DiffMx= 0.00D+00
 G2DrvN: will do    11 centers at a time, making    1 passes doing MaxLOS=2.
 Calling FoFCou, ICntrl=  3107 FMM=F I1Cent=   0 AccDes= 0.00D+00.
 FoFDir/FoFCou used for L=0 through L=2.
 End of G2Drv Frequency-dependent properties file   721 does not exist.
 End of G2Drv Frequency-dependent properties file   722 does not exist.
          IDoAtm=1111111111
          Differentiating once with respect to electric field.
                with respect to dipole field.
          Differentiating once with respect to nuclear coordinates.
          Keep R1 ints in memory in canonical form, NReq=32835257.
          There are    33 degrees of freedom in the 1st order CPHF.  IDoFFX=5.
     30 vectors produced by pass  0 Test12= 7.88D-15 3.03D-09 XBig12= 9.68D+01 5.99D+00.
 AX will form    30 AO Fock derivatives at one time.
     30 vectors produced by pass  1 Test12= 7.88D-15 3.03D-09 XBig12= 3.67D+01 1.27D+00.
     30 vectors produced by pass  2 Test12= 7.88D-15 3.03D-09 XBig12= 5.42D-01 1.26D-01.
     30 vectors produced by pass  3 Test12= 7.88D-15 3.03D-09 XBig12= 1.94D-03 6.92D-03.
     30 vectors produced by pass  4 Test12= 7.88D-15 3.03D-09 XBig12= 4.50D-06 4.04D-04.
     28 vectors produced by pass  5 Test12= 7.88D-15 3.03D-09 XBig12= 7.61D-09 1.03D-05.
      7 vectors produced by pass  6 Test12= 7.88D-15 3.03D-09 XBig12= 8.01D-12 3.81D-07.
      3 vectors produced by pass  7 Test12= 7.88D-15 3.03D-09 XBig12= 1.25D-14 2.11D-08.
 Inverted reduced A of dimension   188 with in-core refinement.
 Isotropic polarizability for W=    0.000000       66.62 Bohr**3.
 End of Minotr Frequency-dependent properties file   721 does not exist.
 End of Minotr Frequency-dependent properties file   722 does not exist.

 **********************************************************************

            Population analysis using the SCF density.

 **********************************************************************

 Orbital symmetries:
       Occupied  (A) (A) (A) (A) (A) (A) (A) (A) (A) (A) (A) (A)
                 (A) (A) (A) (A) (A) (A) (A) (A) (A) (A) (A) (A)
                 (A) (A)
       Virtual   (A) (A) (A) (A) (A) (A) (A) (A) (A) (A) (A) (A)
                 (A) (A) (A) (A) (A) (A) (A) (A) (A) (A) (A) (A)
                 (A) (A) (A) (A) (A) (A) (A) (A) (A) (A) (A) (A)
                 (A) (A) (A) (A) (A) (A) (A) (A) (A) (A) (A) (A)
                 (A) (A) (A) (A) (A) (A) (A) (A) (A) (A) (A) (A)
                 (A) (A) (A) (A) (A) (A) (A) (A) (A) (A) (A) (A)
                 (A) (A) (A) (A) (A) (A) (A) (A) (A) (A) (A) (A)
                 (A) (A) (A) (A) (A) (A) (A) (A) (A) (A) (A) (A)
                 (A) (A) (A) (A)
 The electronic state is 1-A.
 Alpha  occ. eigenvalues --  -88.91921 -14.37389 -14.33384 -10.29392 -10.22414
 Alpha  occ. eigenvalues --  -10.21896  -7.97980  -5.94401  -5.94059  -5.93634
 Alpha  occ. eigenvalues --   -0.98595  -0.91283  -0.80022  -0.72955  -0.60574
 Alpha  occ. eigenvalues --   -0.58546  -0.52852  -0.50715  -0.45676  -0.42509
 Alpha  occ. eigenvalues --   -0.41341  -0.36846  -0.33058  -0.28382  -0.28330
 Alpha  occ. eigenvalues --   -0.22136
 Alpha virt. eigenvalues --   -0.02037  -0.01139  -0.00033   0.02103   0.03499
 Alpha virt. eigenvalues --    0.04403   0.04662   0.05671   0.06003   0.07412
 Alpha virt. eigenvalues --    0.09055   0.09198   0.09336   0.10243   0.12219
 Alpha virt. eigenvalues --    0.13662   0.13852   0.14522   0.15784   0.16643
 Alpha virt. eigenvalues --    0.17131   0.18739   0.19767   0.20423   0.20768
 Alpha virt. eigenvalues --    0.21815   0.24453   0.25851   0.27492   0.29628
 Alpha virt. eigenvalues --    0.30781   0.31321   0.31781   0.33500   0.39006
 Alpha virt. eigenvalues --    0.47796   0.48558   0.50170   0.51436   0.55196
 Alpha virt. eigenvalues --    0.60497   0.61544   0.65130   0.68299   0.71589
 Alpha virt. eigenvalues --    0.81747   0.82620   0.83172   0.83563   0.88170
 Alpha virt. eigenvalues --    0.90215   0.92186   0.92290   0.93740   0.96646
 Alpha virt. eigenvalues --    0.99581   1.00953   1.02367   1.04650   1.07412
 Alpha virt. eigenvalues --    1.07984   1.08964   1.13292   1.17424   1.20540
 Alpha virt. eigenvalues --    1.22563   1.32866   1.37065   1.41476   1.46716
 Alpha virt. eigenvalues --    1.53674   1.55415   1.63917   1.76075   1.79478
 Alpha virt. eigenvalues --    1.82944   1.86741   1.98830   2.05749   2.07341
 Alpha virt. eigenvalues --    2.19709   2.23114   2.25438   2.30893   2.31634
 Alpha virt. eigenvalues --    2.40999   2.46362   2.51627   2.57092   2.66230
 Alpha virt. eigenvalues --    2.72447   2.83357   2.98372   3.07880   3.93634
 Alpha virt. eigenvalues --    3.97332   4.16669   4.22635   4.38751   4.41559
          Condensed to atoms (all electrons):
              1          2          3          4          5          6
     1  C    5.832867   0.168404  -0.287329  -0.117772   0.037967   0.007192
     2  C    0.168404   5.124908   0.432908  -0.183916   0.411295  -0.005320
     3  C   -0.287329   0.432908   5.613497   0.265207  -0.086278   0.327247
     4  S   -0.117772  -0.183916   0.265207  15.915258  -0.007322  -0.020464
     5  H    0.037967   0.411295  -0.086278  -0.007322   0.530529  -0.001295
     6  H    0.007192  -0.005320   0.327247  -0.020464  -0.001295   0.466035
     7  N    0.186339   0.213800   0.040895   0.020327  -0.072652   0.008720
     8  N    0.196417   0.050202  -0.033180  -0.150263  -0.000606   0.000107
     9  H   -0.015845  -0.000693  -0.001623   0.015073  -0.000011   0.000002
    10  H   -0.002367   0.001700   0.003955  -0.007956   0.000002  -0.000002
              7          8          9         10
     1  C    0.186339   0.196417  -0.015845  -0.002367
     2  C    0.213800   0.050202  -0.000693   0.001700
     3  C    0.040895  -0.033180  -0.001623   0.003955
     4  S    0.020327  -0.150263   0.015073  -0.007956
     5  H   -0.072652  -0.000606  -0.000011   0.000002
     6  H    0.008720   0.000107   0.000002  -0.000002
     7  N    7.100969  -0.258582   0.001858   0.015408
     8  N   -0.258582   7.324693   0.292616   0.279537
     9  H    0.001858   0.292616   0.336130  -0.026404
    10  H    0.015408   0.279537  -0.026404   0.360523
 Mulliken atomic charges:
              1
     1  C   -0.005873
     2  C   -0.213288
     3  C   -0.275298
     4  S    0.271828
     5  H    0.188371
     6  H    0.217778
     7  N   -0.257080
     8  N   -0.700941
     9  H    0.398897
    10  H    0.375606
 Sum of Mulliken atomic charges =   0.00000
 Mulliken charges with hydrogens summed into heavy atoms:
              1
     1  C   -0.005873
     2  C   -0.024917
     3  C   -0.057520
     4  S    0.271828
     7  N   -0.257080
     8  N    0.073562
 Sum of Mulliken charges with hydrogens summed into heavy atoms =   0.00000
 APT atomic charges:
              1
     1  C    0.860221
     2  C    0.203342
     3  C   -0.116682
     4  S   -0.121139
     5  H    0.055778
     6  H    0.087051
     7  N   -0.672728
     8  N   -0.726344
     9  H    0.216764
    10  H    0.213737
 Sum of APT charges=   0.00000
 APT Atomic charges with hydrogens summed into heavy atoms:
              1
     1  C    0.860221
     2  C    0.259121
     3  C   -0.029631
     4  S   -0.121139
     5  H    0.000000
     6  H    0.000000
     7  N   -0.672728
     8  N   -0.295843
     9  H    0.000000
    10  H    0.000000
 Sum of APT charges=   0.00000
 Electronic spatial extent (au):  <R**2>=            581.6419
 Charge=              0.0000 electrons
 Dipole moment (field-independent basis, Debye):
    X=              0.7510    Y=             -1.1884    Z=              1.0029  Tot=              1.7268
 Quadrupole moment (field-independent basis, Debye-Ang):
   XX=            -32.1694   YY=            -43.9892   ZZ=            -46.0029
   XY=             -1.2419   XZ=              2.9705   YZ=             -0.3835
 Traceless Quadrupole moment (field-independent basis, Debye-Ang):
   XX=              8.5511   YY=             -3.2687   ZZ=             -5.2824
   XY=             -1.2419   XZ=              2.9705   YZ=             -0.3835
 Octapole moment (field-independent basis, Debye-Ang**2):
  XXX=             15.8847  YYY=             -5.1867  ZZZ=              0.6430  XYY=              0.1070
  XXY=              0.9008  XXZ=              8.4950  XZZ=              2.5232  YZZ=             -0.7255
  YYZ=              0.4906  XYZ=             -0.9736
 Hexadecapole moment (field-independent basis, Debye-Ang**3):
 XXXX=           -367.5062 YYYY=           -305.5997 ZZZZ=            -58.0273 XXXY=             10.3391
 XXXZ=             23.0960 YYYX=            -10.9724 YYYZ=             -0.2243 ZZZX=              2.8567
 ZZZY=             -0.3556 XXYY=            -99.7742 XXZZ=            -96.4712 YYZZ=            -62.7831
 XXYZ=             -2.5200 YYXZ=              1.9911 ZZXY=              0.3031
 N-N= 2.773446507869D+02 E-N=-2.026156636081D+03  KE= 6.208985801608D+02
  Exact polarizability:  82.682   0.507  74.505  -0.361  -0.040  42.668
 Approx polarizability: 128.017   4.123 132.334  -1.186   0.005  61.492
 ******************************Gaussian NBO Version 3.1******************************
             N A T U R A L   A T O M I C   O R B I T A L   A N D
          N A T U R A L   B O N D   O R B I T A L   A N A L Y S I S
 ******************************Gaussian NBO Version 3.1******************************
       /RESON  / : Allow strongly delocalized NBO set

 Analyzing the SCF density

 Job title: ATZ                                                             

 Storage needed:     48294 in NPA,     64005 in NBO (1073741244 available)


 NATURAL POPULATIONS:  Natural atomic orbital occupancies 
                                                          
   NAO  Atom  No  lang   Type(AO)    Occupancy      Energy
 ----------------------------------------------------------
     1    C    1  S      Cor( 1S)     1.99931     -10.17383
     2    C    1  S      Val( 2S)     0.88934      -0.23748
     3    C    1  S      Ryd( 4S)     0.00552       0.97379
     4    C    1  S      Ryd( 3S)     0.00035       0.86378
     5    C    1  S      Ryd( 5S)     0.00016       3.58715
     6    C    1  px     Val( 2p)     0.90197      -0.09307
     7    C    1  px     Ryd( 4p)     0.00662       0.82660
     8    C    1  px     Ryd( 3p)     0.00058       0.32581
     9    C    1  py     Val( 2p)     0.95974      -0.11476
    10    C    1  py     Ryd( 4p)     0.01189       0.73744
    11    C    1  py     Ryd( 3p)     0.00124       0.27406
    12    C    1  pz     Val( 2p)     0.98852      -0.15498
    13    C    1  pz     Ryd( 4p)     0.00232       0.56445
    14    C    1  pz     Ryd( 3p)     0.00060       0.23336
    15    C    1  dxy    Ryd( 3d)     0.00184       2.43049
    16    C    1  dxz    Ryd( 3d)     0.00179       1.93578
    17    C    1  dyz    Ryd( 3d)     0.00119       2.00123
    18    C    1  dx2y2  Ryd( 3d)     0.00201       2.44278
    19    C    1  dz2    Ryd( 3d)     0.00061       2.21616

    20    C    2  S      Cor( 1S)     1.99907     -10.08464
    21    C    2  S      Val( 2S)     0.94603      -0.19178
    22    C    2  S      Ryd( 3S)     0.00191       0.92132
    23    C    2  S      Ryd( 4S)     0.00020       1.10664
    24    C    2  S      Ryd( 5S)     0.00006       3.46631
    25    C    2  px     Val( 2p)     0.93778      -0.03453
    26    C    2  px     Ryd( 4p)     0.00840       0.75915
    27    C    2  px     Ryd( 3p)     0.00044       0.33205
    28    C    2  py     Val( 2p)     1.14869      -0.07100
    29    C    2  py     Ryd( 4p)     0.00766       0.83675
    30    C    2  py     Ryd( 3p)     0.00085       0.28766
    31    C    2  pz     Val( 2p)     1.00326      -0.11754
    32    C    2  pz     Ryd( 4p)     0.00185       0.53859
    33    C    2  pz     Ryd( 3p)     0.00067       0.25954
    34    C    2  dxy    Ryd( 3d)     0.00148       2.45700
    35    C    2  dxz    Ryd( 3d)     0.00093       2.03595
    36    C    2  dyz    Ryd( 3d)     0.00060       1.86833
    37    C    2  dx2y2  Ryd( 3d)     0.00089       2.48984
    38    C    2  dz2    Ryd( 3d)     0.00043       2.34352

    39    C    3  S      Cor( 1S)     1.99906     -10.09314
    40    C    3  S      Val( 2S)     1.06432      -0.28320
    41    C    3  S      Ryd( 4S)     0.00097       1.02358
    42    C    3  S      Ryd( 3S)     0.00048       0.36212
    43    C    3  S      Ryd( 5S)     0.00003       4.18325
    44    C    3  px     Val( 2p)     1.16766      -0.12391
    45    C    3  px     Ryd( 4p)     0.00243       0.97094
    46    C    3  px     Ryd( 3p)     0.00073       0.34995
    47    C    3  py     Val( 2p)     1.06356      -0.11642
    48    C    3  py     Ryd( 4p)     0.00575       0.50012
    49    C    3  py     Ryd( 3p)     0.00035       0.41537
    50    C    3  pz     Val( 2p)     1.17883      -0.14974
    51    C    3  pz     Ryd( 4p)     0.00240       0.44758
    52    C    3  pz     Ryd( 3p)     0.00078       0.36941
    53    C    3  dxy    Ryd( 3d)     0.00143       2.24454
    54    C    3  dxz    Ryd( 3d)     0.00065       1.71581
    55    C    3  dyz    Ryd( 3d)     0.00067       1.87242
    56    C    3  dx2y2  Ryd( 3d)     0.00064       2.24776
    57    C    3  dz2    Ryd( 3d)     0.00085       2.14349

    58    S    4  S      Cor( 1S)     2.00000     -87.73781
    59    S    4  S      Cor( 2S)     1.99931      -8.89096
    60    S    4  S      Val( 3S)     1.66160      -0.74743
    61    S    4  S      Ryd( 5S)     0.00555       0.48426
    62    S    4  S      Ryd( 4S)     0.00034       0.33289
    63    S    4  S      Ryd( 6S)     0.00002       3.89458
    64    S    4  px     Cor( 2p)     1.99986      -5.93617
    65    S    4  px     Val( 3p)     0.93857      -0.18511
    66    S    4  px     Ryd( 5p)     0.00588       0.40367
    67    S    4  px     Ryd( 4p)     0.00019       0.22861
    68    S    4  py     Cor( 2p)     1.99984      -5.93348
    69    S    4  py     Val( 3p)     1.31290      -0.20790
    70    S    4  py     Ryd( 5p)     0.00184       0.35422
    71    S    4  py     Ryd( 4p)     0.00009       0.17424
    72    S    4  pz     Cor( 2p)     1.99997      -5.93135
    73    S    4  pz     Val( 3p)     1.68598      -0.25620
    74    S    4  pz     Ryd( 5p)     0.00469       0.38672
    75    S    4  pz     Ryd( 4p)     0.00011       0.20979
    76    S    4  dxy    Ryd( 3d)     0.00924       1.16618
    77    S    4  dxz    Ryd( 3d)     0.00412       0.82269
    78    S    4  dyz    Ryd( 3d)     0.00267       0.84444
    79    S    4  dx2y2  Ryd( 3d)     0.00226       1.10352
    80    S    4  dz2    Ryd( 3d)     0.00273       1.05815

    81    H    5  S      Val( 1S)     0.75446       0.08322
    82    H    5  S      Ryd( 2S)     0.00055       0.53514

    83    H    6  S      Val( 1S)     0.73224       0.08522
    84    H    6  S      Ryd( 2S)     0.00073       0.52393

    85    N    7  S      Cor( 1S)     1.99930     -14.13053
    86    N    7  S      Val( 2S)     1.38031      -0.52778
    87    N    7  S      Ryd( 3S)     0.00459       0.80296
    88    N    7  S      Ryd( 4S)     0.00007       1.48064
    89    N    7  S      Ryd( 5S)     0.00004       3.85072
    90    N    7  px     Val( 2p)     1.28620      -0.17103
    91    N    7  px     Ryd( 4p)     0.00544       0.91419
    92    N    7  px     Ryd( 3p)     0.00051       0.78253
    93    N    7  py     Val( 2p)     1.55107      -0.21756
    94    N    7  py     Ryd( 4p)     0.00538       0.76618
    95    N    7  py     Ryd( 3p)     0.00039       0.65674
    96    N    7  pz     Val( 2p)     1.28568      -0.18069
    97    N    7  pz     Ryd( 4p)     0.00101       0.65153
    98    N    7  pz     Ryd( 3p)     0.00021       0.59875
    99    N    7  dxy    Ryd( 3d)     0.00347       2.13640
   100    N    7  dxz    Ryd( 3d)     0.00053       1.75992
   101    N    7  dyz    Ryd( 3d)     0.00304       1.77466
   102    N    7  dx2y2  Ryd( 3d)     0.00307       2.20073
   103    N    7  dz2    Ryd( 3d)     0.00269       2.09777

   104    N    8  S      Cor( 1S)     1.99945     -14.21309
   105    N    8  S      Val( 2S)     1.36039      -0.58675
   106    N    8  S      Ryd( 4S)     0.00068       1.10554
   107    N    8  S      Ryd( 3S)     0.00007       1.10136
   108    N    8  S      Ryd( 5S)     0.00002       3.57453
   109    N    8  px     Val( 2p)     1.30717      -0.24119
   110    N    8  px     Ryd( 3p)     0.00336       0.46105
   111    N    8  px     Ryd( 4p)     0.00050       0.71141
   112    N    8  py     Val( 2p)     1.43172      -0.24382
   113    N    8  py     Ryd( 3p)     0.00411       0.70457
   114    N    8  py     Ryd( 4p)     0.00048       0.76944
   115    N    8  pz     Val( 2p)     1.74244      -0.26703
   116    N    8  pz     Ryd( 3p)     0.00800       0.42030
   117    N    8  pz     Ryd( 4p)     0.00028       0.69610
   118    N    8  dxy    Ryd( 3d)     0.00035       2.18911
   119    N    8  dxz    Ryd( 3d)     0.00093       1.89956
   120    N    8  dyz    Ryd( 3d)     0.00105       2.00683
   121    N    8  dx2y2  Ryd( 3d)     0.00062       2.32923
   122    N    8  dz2    Ryd( 3d)     0.00100       2.07786

   123    H    9  S      Val( 1S)     0.56832       0.11760
   124    H    9  S      Ryd( 2S)     0.00271       0.59234

   125    H   10  S      Val( 1S)     0.57837       0.10739
   126    H   10  S      Ryd( 2S)     0.00081       0.56997

 WARNING:  Population inversion found on atom  C    1
           Population inversion found on atom  C    2
           Population inversion found on atom  C    3
           Population inversion found on atom  S    4
           Population inversion found on atom  N    7
           Population inversion found on atom  N    8


 Summary of Natural Population Analysis:                  
                                                          
                                       Natural Population 
                Natural  -----------------------------------------------
    Atom  No    Charge         Core      Valence    Rydberg      Total
 -----------------------------------------------------------------------
      C    1    0.22440      1.99931     3.73958    0.03672     5.77560
      C    2   -0.06121      1.99907     4.03577    0.02638     6.06121
      C    3   -0.49160      1.99906     4.47437    0.01817     6.49160
      S    4    0.36224      9.99897     5.59906    0.03973    15.63776
      H    5    0.24499      0.00000     0.75446    0.00055     0.75501
      H    6    0.26702      0.00000     0.73224    0.00073     0.73298
      N    7   -0.53300      1.99930     5.50327    0.03044     7.53300
      N    8   -0.86263      1.99945     5.84171    0.02147     7.86263
      H    9    0.42896      0.00000     0.56832    0.00271     0.57104
      H   10    0.42082      0.00000     0.57837    0.00081     0.57918
 =======================================================================
   * Total *    0.00000     19.99516    31.82714    0.17770    52.00000

                                 Natural Population      
 --------------------------------------------------------
   Core                      19.99516 ( 99.9758% of  20)
   Valence                   31.82714 ( 99.4598% of  32)
   Natural Minimal Basis     51.82230 ( 99.6583% of  52)
   Natural Rydberg Basis      0.17770 (  0.3417% of  52)
 --------------------------------------------------------

    Atom  No          Natural Electron Configuration
 ----------------------------------------------------------------------------
      C    1      [core]2S( 0.89)2p( 2.85)4S( 0.01)3d( 0.01)4p( 0.02)
      C    2      [core]2S( 0.95)2p( 3.09)4p( 0.02)
      C    3      [core]2S( 1.06)2p( 3.41)4p( 0.01)
      S    4      [core]3S( 1.66)3p( 3.94)3d( 0.02)5S( 0.01)5p( 0.01)
      H    5            1S( 0.75)
      H    6            1S( 0.73)
      N    7      [core]2S( 1.38)2p( 4.12)3d( 0.01)4p( 0.01)
      N    8      [core]2S( 1.36)2p( 4.48)3p( 0.02)
      H    9            1S( 0.57)
      H   10            1S( 0.58)


 NATURAL BOND ORBITAL ANALYSIS:

                       Occupancies       Lewis Structure    Low   High
           Occ.    -------------------  -----------------   occ   occ
  Cycle   Thresh.   Lewis   Non-Lewis     CR  BD  3C  LP    (L)   (NL)   Dev
 =============================================================================
   1(1)    1.90    50.11905   1.88095     10  14   0   2     6      4    0.56
   2(2)    1.90    50.10017   1.89983     10  14   0   2     6      4    0.21
   3(3)    1.90    50.11905   1.88095     10  14   0   2     6      4    0.56
   4(4)    1.90    50.10017   1.89983     10  14   0   2     6      4    0.21
   5(5)    1.90    50.11905   1.88095     10  14   0   2     6      4    0.56
   6(6)    1.90    50.10017   1.89983     10  14   0   2     6      4    0.21
   7(7)    1.90    50.11905   1.88095     10  14   0   2     6      4    0.56
   8(8)    1.90    50.10017   1.89983     10  14   0   2     6      4    0.21
   9(9)    1.90    50.11905   1.88095     10  14   0   2     6      4    0.56
  10(1)    1.80    51.02103   0.97897     10  12   0   4     1      2    0.21
  11(2)    1.80    51.02103   0.97897     10  12   0   4     1      2    0.21
  12(1)    1.70    51.02103   0.97897     10  12   0   4     1      2    0.21
  13(2)    1.70    51.02103   0.97897     10  12   0   4     1      2    0.21
  14(1)    1.60    50.04662   1.95338     10  11   0   5     1      2    0.69
  15(2)    1.60    51.02128   0.97872     10  12   0   4     0      2    0.21
  16(3)    1.60    50.04662   1.95338     10  11   0   5     1      2    0.69
  17(4)    1.60    51.02128   0.97872     10  12   0   4     0      2    0.21
  18(1)    1.50    51.02128   0.97872     10  12   0   4     0      2    0.21
  19(2)    1.50    50.04662   1.95338     10  11   0   5     1      2    0.69
  20(3)    1.50    51.02128   0.97872     10  12   0   4     0      2    0.21
  21(1)    1.60    51.02128   0.97872     10  12   0   4     0      2    0.21
 -----------------------------------------------------------------------------

 Structure accepted: RESONANCE keyword permits strongly delocalized structure

 --------------------------------------------------------
   Core                     19.99517 ( 99.976% of  20)
   Valence Lewis            31.02612 ( 96.957% of  32)
  ==================       ============================
   Total Lewis              51.02128 ( 98.118% of  52)
  -----------------------------------------------------
   Valence non-Lewis         0.89481 (  1.721% of  52)
   Rydberg non-Lewis         0.08391 (  0.161% of  52)
  ==================       ============================
   Total non-Lewis           0.97872 (  1.882% of  52)
 --------------------------------------------------------


       (Occupancy)   Bond orbital/ Coefficients/ Hybrids
 ---------------------------------------------------------------------------------
     1. (1.97874) BD ( 1) C   1 - S   4  
                ( 52.99%)   0.7279* C   1 s( 29.34%)p 2.40( 70.54%)d 0.00(  0.12%)
                                            0.0002 -0.5398 -0.0449  0.0049  0.0024
                                            0.4595  0.0383 -0.0138  0.7016  0.0093
                                           -0.0155  0.0040 -0.0012  0.0005 -0.0280
                                           -0.0011  0.0000  0.0116  0.0161
                ( 47.01%)   0.6857* S   4 s( 15.62%)p 5.36( 83.74%)d 0.04(  0.64%)
                                            0.0000 -0.0002 -0.3932  0.0399 -0.0071
                                           -0.0004 -0.0001 -0.6219  0.0507 -0.0038
                                           -0.0001 -0.6689  0.0214  0.0016  0.0000
                                           -0.0097  0.0005  0.0004 -0.0684 -0.0014
                                           -0.0012  0.0215  0.0352
     2. (1.98732) BD ( 1) C   1 - N   7  
                ( 41.72%)   0.6459* C   1 s( 36.76%)p 1.72( 63.19%)d 0.00(  0.05%)
                                            0.0000  0.6059 -0.0232  0.0012  0.0031
                                           -0.3635 -0.0116  0.0076  0.7041 -0.0611
                                           -0.0054  0.0122  0.0004 -0.0001 -0.0131
                                           -0.0001  0.0000 -0.0130 -0.0118
                ( 58.28%)   0.7634* N   7 s( 35.81%)p 1.79( 63.95%)d 0.01(  0.25%)
                                           -0.0001  0.5978 -0.0271  0.0020 -0.0014
                                            0.4404 -0.0291 -0.0060 -0.6666  0.0029
                                            0.0104  0.0105  0.0000  0.0005 -0.0255
                                           -0.0004 -0.0001 -0.0300 -0.0307
     3. (1.87722) BD ( 2) C   1 - N   7  
                ( 39.87%)   0.6314* C   1 s(  0.01%)p99.99( 99.90%)d 6.25(  0.09%)
                                            0.0001  0.0100  0.0055  0.0024  0.0017
                                            0.0236  0.0042 -0.0011 -0.0135 -0.0007
                                           -0.0001  0.9987  0.0201  0.0219 -0.0004
                                           -0.0197  0.0218  0.0001  0.0005
                ( 60.13%)   0.7754* N   7 s(  0.01%)p 1.00( 99.74%)d 0.00(  0.26%)
                                           -0.0001 -0.0085  0.0039  0.0005 -0.0002
                                           -0.0080  0.0020  0.0009  0.0025 -0.0015
                                           -0.0015  0.9985 -0.0121  0.0100  0.0001
                                           -0.0111 -0.0493  0.0002  0.0004
     4. (1.99393) BD ( 1) C   1 - N   8  
                ( 40.84%)   0.6391* C   1 s( 33.71%)p 1.96( 66.19%)d 0.00(  0.10%)
                                           -0.0003  0.5795 -0.0349  0.0059 -0.0019
                                            0.8076 -0.0454 -0.0061 -0.0831 -0.0010
                                           -0.0004 -0.0258  0.0082 -0.0001 -0.0059
                                           -0.0019  0.0001  0.0280 -0.0143
                ( 59.16%)   0.7692* N   8 s( 35.05%)p 1.85( 64.90%)d 0.00(  0.05%)
                                            0.0001  0.5920  0.0008 -0.0016 -0.0027
                                           -0.8028  0.0260  0.0096  0.0514  0.0012
                                           -0.0020  0.0328  0.0011  0.0004 -0.0038
                                           -0.0109 -0.0003  0.0149 -0.0134
     5. (1.98903) BD ( 1) C   2 - C   3  
                ( 49.21%)   0.7015* C   2 s( 37.61%)p 1.66( 62.35%)d 0.00(  0.05%)
                                            0.0000  0.6132 -0.0069 -0.0053  0.0020
                                           -0.2724  0.0362 -0.0052 -0.7399  0.0133
                                            0.0126 -0.0124 -0.0005 -0.0003  0.0086
                                            0.0001  0.0002 -0.0175 -0.0091
                ( 50.79%)   0.7127* C   3 s( 39.11%)p 1.56( 60.85%)d 0.00(  0.04%)
                                            0.0001  0.6253 -0.0100  0.0046  0.0025
                                            0.2194  0.0207 -0.0128  0.7468 -0.0417
                                            0.0016 -0.0188 -0.0008 -0.0002  0.0135
                                           -0.0005 -0.0003 -0.0085 -0.0133
     6. (1.92848) BD ( 2) C   2 - C   3  
                ( 44.73%)   0.6688* C   2 s(  0.01%)p 1.00( 99.93%)d 0.00(  0.07%)
                                            0.0000  0.0078 -0.0011  0.0005 -0.0002
                                            0.0022  0.0002 -0.0008 -0.0110  0.0004
                                            0.0004  0.9988  0.0313  0.0240 -0.0002
                                           -0.0053 -0.0255 -0.0003  0.0002
                ( 55.27%)   0.7435* C   3 s(  0.01%)p 1.00( 99.94%)d 0.00(  0.06%)
                                            0.0000  0.0071 -0.0006 -0.0005  0.0001
                                            0.0148  0.0003 -0.0007  0.0148  0.0000
                                            0.0004  0.9987  0.0343  0.0204  0.0003
                                            0.0171  0.0163  0.0002 -0.0004
     7. (1.97846) BD ( 1) C   2 - H   5  
                ( 62.44%)   0.7902* C   2 s( 33.18%)p 2.01( 66.77%)d 0.00(  0.05%)
                                           -0.0004  0.5757  0.0170  0.0032 -0.0017
                                           -0.4874 -0.0175  0.0076  0.6555  0.0088
                                           -0.0067  0.0038  0.0003  0.0000 -0.0193
                                           -0.0002  0.0003 -0.0070 -0.0112
                ( 37.56%)   0.6128* H   5 s(100.00%)
                                            1.0000  0.0023
     8. (1.97799) BD ( 1) C   2 - N   7  
                ( 40.44%)   0.6360* C   2 s( 29.19%)p 2.42( 70.74%)d 0.00(  0.07%)
                                            0.0000  0.5399 -0.0201  0.0015 -0.0005
                                            0.8260 -0.0394 -0.0130  0.1406 -0.0595
                                            0.0124 -0.0045 -0.0003 -0.0001  0.0064
                                           -0.0001  0.0000  0.0214 -0.0147
                ( 59.56%)   0.7717* N   7 s( 32.65%)p 2.06( 67.12%)d 0.01(  0.23%)
                                           -0.0004  0.5706 -0.0300 -0.0014  0.0019
                                           -0.8178  0.0172  0.0120 -0.0293 -0.0319
                                            0.0037 -0.0016  0.0002 -0.0003  0.0277
                                            0.0003 -0.0002  0.0262 -0.0293
     9. (1.97741) BD ( 1) C   3 - S   4  
                ( 51.04%)   0.7144* C   3 s( 24.64%)p 3.05( 75.23%)d 0.01(  0.14%)
                                           -0.0002  0.4960  0.0112 -0.0152 -0.0017
                                            0.6266  0.0186 -0.0195 -0.5973  0.0451
                                            0.0034 -0.0040  0.0003  0.0003 -0.0290
                                           -0.0002  0.0002  0.0087 -0.0216
                ( 48.96%)   0.6997* S   4 s( 17.99%)p 4.52( 81.39%)d 0.03(  0.62%)
                                            0.0000  0.0000  0.4209 -0.0524 -0.0031
                                           -0.0003 -0.0001 -0.7667  0.0565 -0.0011
                                            0.0000  0.4720 -0.0021 -0.0035  0.0000
                                            0.0115 -0.0005 -0.0005 -0.0689 -0.0016
                                            0.0012  0.0134 -0.0356
    10. (1.98543) BD ( 1) C   3 - H   6  
                ( 63.49%)   0.7968* C   3 s( 36.14%)p 1.77( 63.82%)d 0.00(  0.04%)
                                            0.0003 -0.6011  0.0016 -0.0066  0.0010
                                            0.7464 -0.0054 -0.0061  0.2843  0.0017
                                           -0.0018 -0.0110  0.0002  0.0001 -0.0131
                                            0.0007  0.0002 -0.0113  0.0123
                ( 36.51%)   0.6043* H   6 s(100.00%)
                                           -1.0000 -0.0031
    11. (1.98283) BD ( 1) N   8 - H   9  
                ( 71.73%)   0.8469* N   8 s( 27.25%)p 2.67( 72.68%)d 0.00(  0.06%)
                                           -0.0003  0.5220  0.0007  0.0024  0.0010
                                            0.4362 -0.0263  0.0070  0.7145 -0.0155
                                           -0.0091  0.1581  0.0068  0.0015  0.0100
                                            0.0094  0.0151 -0.0117 -0.0096
                ( 28.27%)   0.5317* H   9 s(100.00%)
                                            1.0000 -0.0070
    12. (1.98425) BD ( 1) N   8 - H  10  
                ( 71.13%)   0.8434* N   8 s( 26.68%)p 2.75( 73.25%)d 0.00(  0.06%)
                                           -0.0003  0.5165 -0.0047  0.0017  0.0012
                                            0.3521 -0.0281  0.0074 -0.6777  0.0225
                                            0.0076  0.3846 -0.0005 -0.0006 -0.0058
                                            0.0088 -0.0214 -0.0078  0.0002
                ( 28.87%)   0.5373* H  10 s(100.00%)
                                            1.0000 -0.0023
    13. (1.99931) CR ( 1) C   1           s(100.00%)p 0.00(  0.00%)
                                            1.0000  0.0002  0.0000  0.0000  0.0000
                                            0.0001  0.0000  0.0000 -0.0002  0.0000
                                            0.0000 -0.0001  0.0000  0.0000  0.0000
                                            0.0000  0.0000  0.0000  0.0000
    14. (1.99908) CR ( 1) C   2           s(100.00%)p 0.00(  0.00%)
                                            1.0000  0.0002  0.0000  0.0000  0.0000
                                           -0.0002  0.0000  0.0000  0.0003  0.0000
                                            0.0000  0.0000  0.0000  0.0000  0.0000
                                            0.0000  0.0000  0.0000  0.0000
    15. (1.99906) CR ( 1) C   3           s(100.00%)p 0.00(  0.00%)
                                            1.0000  0.0002  0.0000  0.0000  0.0000
                                           -0.0001  0.0000  0.0000 -0.0002  0.0000
                                            0.0000  0.0000  0.0000  0.0000  0.0000
                                            0.0000  0.0000  0.0000  0.0000
    16. (2.00000) CR ( 1) S   4           s(100.00%)
                                            1.0000  0.0000  0.0000  0.0000  0.0000
                                            0.0000  0.0000  0.0000  0.0000  0.0000
                                            0.0000  0.0000  0.0000  0.0000  0.0000
                                            0.0000  0.0000  0.0000  0.0000  0.0000
                                            0.0000  0.0000  0.0000
    17. (1.99931) CR ( 2) S   4           s(100.00%)p 0.00(  0.00%)
                                            0.0000  1.0000  0.0003  0.0000  0.0000
                                            0.0000  0.0000 -0.0001  0.0000  0.0000
                                            0.0000 -0.0003  0.0000  0.0000  0.0000
                                            0.0000  0.0000  0.0000  0.0000  0.0000
                                            0.0000  0.0000  0.0000
    18. (1.99986) CR ( 3) S   4           s(  0.00%)p 1.00(100.00%)
                                            0.0000  0.0000  0.0000  0.0000  0.0000
                                            0.0000  1.0000 -0.0001  0.0000  0.0000
                                            0.0000 -0.0001  0.0000  0.0000  0.0000
                                            0.0000  0.0000  0.0000  0.0000  0.0000
                                            0.0000  0.0000  0.0000
    19. (1.99984) CR ( 4) S   4           s(  0.00%)p 1.00(100.00%)
                                            0.0000  0.0000  0.0001  0.0000  0.0000
                                            0.0000  0.0000 -0.0001  0.0000  0.0000
                                            1.0000 -0.0001  0.0000  0.0000  0.0000
                                            0.0000  0.0000  0.0000  0.0000  0.0000
                                            0.0000  0.0000  0.0000
    20. (1.99996) CR ( 5) S   4           s(  0.00%)p 1.00(100.00%)
                                            0.0000  0.0000  0.0000  0.0000  0.0000
                                            0.0000  0.0000  0.0000  0.0000  0.0000
                                            0.0000  0.0000  0.0000  0.0000  1.0000
                                           -0.0007  0.0000  0.0000  0.0000  0.0000
                                            0.0000  0.0000  0.0000
    21. (1.99930) CR ( 1) N   7           s(100.00%)p 0.00(  0.00%)
                                            1.0000  0.0002  0.0000  0.0000  0.0000
                                           -0.0003  0.0000  0.0000 -0.0001  0.0000
                                            0.0000  0.0001  0.0000  0.0000  0.0000
                                            0.0000  0.0000  0.0000  0.0000
    22. (1.99945) CR ( 1) N   8           s(100.00%)p 0.00(  0.00%)
                                            1.0000  0.0001  0.0000  0.0000  0.0000
                                            0.0002  0.0000  0.0000  0.0001  0.0000
                                            0.0000  0.0006  0.0000  0.0000  0.0000
                                            0.0000  0.0000  0.0000  0.0000
    23. (1.98405) LP ( 1) S   4           s( 66.77%)p 0.50( 33.21%)d 0.00(  0.02%)
                                            0.0000 -0.0004  0.8168  0.0232 -0.0006
                                           -0.0002  0.0000  0.0966  0.0021 -0.0017
                                           -0.0002 -0.5681 -0.0069  0.0000  0.0000
                                            0.0016  0.0011  0.0002  0.0033  0.0005
                                           -0.0005  0.0079  0.0103
    24. (1.69073) LP ( 2) S   4           s(  0.01%)p99.99( 99.89%)d 8.74(  0.10%)
                                            0.0000  0.0000  0.0099 -0.0032 -0.0006
                                            0.0002  0.0000 -0.0029 -0.0030 -0.0005
                                            0.0000  0.0108 -0.0001  0.0003 -0.0007
                                           -0.9985 -0.0418  0.0008  0.0010 -0.0008
                                           -0.0308 -0.0003 -0.0016
    25. (1.88498) LP ( 1) N   7           s( 31.69%)p 2.15( 68.14%)d 0.01(  0.17%)
                                            0.0001  0.5618  0.0349 -0.0003 -0.0006
                                            0.3630  0.0203 -0.0003  0.7408  0.0207
                                            0.0070  0.0057  0.0009  0.0011 -0.0288
                                           -0.0001 -0.0001  0.0232  0.0179
    26. (1.82528) LP ( 1) N   8           s( 10.92%)p 8.15( 89.02%)d 0.01(  0.06%)
                                            0.0005  0.3305  0.0025 -0.0032  0.0004
                                            0.1969  0.0112  0.0088 -0.1608 -0.0121
                                           -0.0028 -0.9068 -0.0530 -0.0080  0.0016
                                            0.0136 -0.0054 -0.0019 -0.0187
    27. (0.00931) RY*( 1) C   1           s(  2.20%)p44.36( 97.42%)d 0.17(  0.38%)
                                            0.0000  0.0501  0.1281  0.0160 -0.0528
                                           -0.0162  0.1196  0.0110  0.0389  0.9777
                                            0.0161  0.0007 -0.0423  0.0125 -0.0056
                                            0.0276  0.0176 -0.0513  0.0086
    28. (0.00514) RY*( 2) C   1           s( 36.25%)p 0.80( 29.10%)d 0.96( 34.65%)
                                            0.0000 -0.0180  0.5918  0.1058  0.0265
                                            0.0435 -0.3495  0.1317  0.0466 -0.0664
                                            0.3782 -0.0015 -0.0016  0.0030  0.3714
                                            0.0391  0.0084 -0.4515  0.0563
    29. (0.00331) RY*( 3) C   1           s( 11.12%)p 6.24( 69.40%)d 1.75( 19.47%)
                                            0.0000  0.0369  0.3023  0.1291 -0.0427
                                            0.0324  0.7275  0.0714 -0.0100 -0.1552
                                            0.0118 -0.0116 -0.3660  0.0116 -0.0276
                                           -0.2837  0.3120 -0.1264 -0.0119
    30. (0.00229) RY*( 4) C   1           s(  3.11%)p10.89( 33.88%)d20.25( 63.00%)
                                            0.0000 -0.0031  0.0731  0.1572  0.0324
                                           -0.0055 -0.0529  0.0256  0.0022  0.0442
                                           -0.0757 -0.0217  0.5471 -0.1670 -0.0849
                                           -0.7850 -0.0716 -0.0258  0.0282
    31. (0.00204) RY*( 5) C   1           s(  4.85%)p 6.81( 33.00%)d12.82( 62.15%)
                                            0.0000  0.0233  0.2116  0.0414 -0.0380
                                            0.0189  0.4585 -0.0448 -0.0048 -0.0732
                                           -0.0689  0.0116  0.3266 -0.0224 -0.0056
                                            0.2987 -0.7191 -0.1230  0.0016
    32. (0.00130) RY*( 6) C   1           s( 26.91%)p 1.46( 39.29%)d 1.26( 33.81%)
                                            0.0000 -0.0007  0.4951 -0.0423  0.1489
                                            0.0086 -0.2546 -0.1797  0.0013 -0.0313
                                           -0.5255 -0.0002 -0.1269  0.0494 -0.5632
                                            0.0695  0.0273 -0.0872  0.0877
    33. (0.00044) RY*( 7) C   1           s( 19.27%)p 0.26(  4.95%)d 3.93( 75.78%)
                                            0.0000 -0.0027  0.4181 -0.1116  0.0737
                                           -0.0025 -0.0487  0.0922  0.0315  0.0004
                                           -0.0855  0.0053 -0.1380 -0.1061  0.3376
                                           -0.0909 -0.1494  0.7786 -0.0842
    34. (0.00036) RY*( 8) C   1           s(  4.55%)p13.53( 61.57%)d 7.45( 33.88%)
                                            0.0000  0.0064  0.1897  0.0973 -0.0029
                                           -0.0054  0.1364 -0.5059  0.0081 -0.0248
                                            0.1017 -0.0233  0.5227  0.2373  0.0803
                                            0.2536  0.4738  0.1942 -0.0766
    35. (0.00018) RY*( 9) C   1           s(  4.23%)p20.56( 86.98%)d 2.08(  8.78%)
                                            0.0000 -0.0007  0.0394 -0.1342  0.1508
                                            0.0099  0.0813  0.7743 -0.0010 -0.0080
                                           -0.1601 -0.0160  0.3360  0.3531 -0.0563
                                            0.1650  0.2190  0.0441  0.0869
    36. (0.00010) RY*(10) C   1           s( 84.99%)p 0.04(  3.71%)d 0.13( 11.30%)
                                            0.0000  0.0072 -0.1501  0.6675  0.6178
                                           -0.0099  0.0099 -0.0322 -0.0085  0.0384
                                           -0.1478  0.0012 -0.0969  0.0559  0.1902
                                            0.0719 -0.0438  0.0424  0.2607
    37. (0.00007) RY*(11) C   1           s( 79.61%)p 0.11(  8.54%)d 0.15( 11.85%)
    38. (0.00002) RY*(12) C   1           s( 12.39%)p 3.98( 49.34%)d 3.09( 38.27%)
    39. (0.00001) RY*(13) C   1           s(  9.31%)p 0.17(  1.56%)d 9.58( 89.13%)
    40. (0.00000) RY*(14) C   1           s(  1.38%)p58.85( 81.44%)d12.41( 17.18%)
    41. (0.00765) RY*( 1) C   2           s(  5.79%)p15.35( 88.86%)d 0.93(  5.36%)
                                            0.0000  0.0185  0.2159 -0.1043  0.0050
                                            0.0570  0.8223  0.0261  0.0439  0.4544
                                            0.0088  0.0005 -0.0070 -0.0003  0.2292
                                            0.0045  0.0022 -0.0036  0.0317
    42. (0.00504) RY*( 2) C   2           s( 10.66%)p 7.49( 79.82%)d 0.89(  9.53%)
                                            0.0000 -0.0117  0.3187  0.0499  0.0483
                                           -0.0360  0.2943 -0.0495  0.0059 -0.8263
                                            0.1571  0.0014 -0.0173  0.0011  0.3058
                                            0.0106  0.0026  0.0032  0.0403
    43. (0.00133) RY*( 3) C   2           s(  0.21%)p93.88( 19.59%)d99.99( 80.20%)
                                            0.0000  0.0003  0.0405 -0.0202  0.0060
                                            0.0014 -0.0267  0.0260 -0.0019  0.0163
                                           -0.0007  0.0291 -0.3864 -0.2100 -0.0173
                                            0.8480  0.2873  0.0066 -0.0089
    44. (0.00093) RY*( 4) C   2           s(  3.54%)p20.07( 71.07%)d 7.17( 25.38%)
                                            0.0000 -0.0011  0.1504  0.0362 -0.1071
                                            0.0127 -0.2263  0.4424  0.0041  0.1679
                                            0.6536 -0.0020  0.0899  0.0124  0.2587
                                            0.0124  0.0362 -0.4193  0.0982
    45. (0.00067) RY*( 5) C   2           s(  0.11%)p99.99( 71.53%)d99.99( 28.35%)
                                            0.0000 -0.0002 -0.0199 -0.0174  0.0211
                                           -0.0018  0.0300 -0.0365 -0.0002 -0.0252
                                           -0.0523 -0.0167  0.8270  0.1598 -0.0205
                                            0.2633  0.4590  0.0512 -0.0225
    46. (0.00024) RY*( 6) C   2           s( 78.96%)p 0.19( 14.62%)d 0.08(  6.42%)
                                            0.0000  0.0083  0.8714 -0.0159 -0.1729
                                            0.0181 -0.2683  0.0651 -0.0299  0.1359
                                           -0.2204 -0.0003  0.0354 -0.0223 -0.1281
                                           -0.0449 -0.0080  0.2121  0.0263
    47. (0.00011) RY*( 7) C   2           s(  8.57%)p 1.40( 11.97%)d 9.27( 79.46%)
                                            0.0000  0.0074 -0.1075 -0.1782  0.2059
                                           -0.0227 -0.2782  0.0524 -0.0003  0.1223
                                           -0.1412  0.0006  0.0186 -0.0612  0.7612
                                            0.0033 -0.0285  0.4341  0.1609
    48. (0.00009) RY*( 8) C   2           s( 65.72%)p 0.16( 10.26%)d 0.37( 24.02%)
    49. (0.00004) RY*( 9) C   2           s( 14.28%)p 5.56( 79.45%)d 0.44(  6.27%)
    50. (0.00001) RY*(10) C   2           s( 75.99%)p 0.22( 16.66%)d 0.10(  7.34%)
    51. (0.00001) RY*(11) C   2           s(  1.58%)p61.90( 98.05%)d 0.23(  0.37%)
    52. (0.00002) RY*(12) C   2           s( 26.38%)p 0.92( 24.25%)d 1.87( 49.37%)
    53. (0.00000) RY*(13) C   2           s(  0.24%)p42.21( 10.26%)d99.99( 89.50%)
    54. (0.00000) RY*(14) C   2           s(  7.98%)p 0.48(  3.82%)d11.05( 88.19%)
    55. (0.00301) RY*( 1) C   3           s(  8.59%)p 9.43( 80.97%)d 1.22( 10.44%)
                                            0.0000 -0.0180  0.2459  0.1582 -0.0086
                                           -0.0026  0.6234 -0.1049 -0.0342 -0.5970
                                            0.2266  0.0019 -0.0295 -0.0176 -0.1767
                                            0.0194 -0.0112 -0.2685  0.0240
    56. (0.00210) RY*( 2) C   3           s( 16.45%)p 4.58( 75.27%)d 0.50(  8.29%)
                                            0.0000 -0.0057  0.3932  0.0992 -0.0047
                                           -0.0288  0.4140 -0.0175  0.0503  0.7599
                                           -0.0133 -0.0003  0.0038  0.0017 -0.2300
                                            0.0027  0.0003 -0.1713 -0.0253
    57. (0.00118) RY*( 3) C   3           s(  0.58%)p97.84( 57.11%)d72.48( 42.31%)
                                            0.0000  0.0024  0.0495  0.0581  0.0025
                                            0.0033 -0.0518  0.0523 -0.0002  0.0064
                                           -0.0553  0.0286 -0.5195 -0.5403  0.0233
                                            0.4600 -0.4592  0.0073 -0.0018
    58. (0.00068) RY*( 4) C   3           s(  0.15%)p99.99( 49.63%)d99.99( 50.21%)
                                            0.0000  0.0009  0.0109  0.0375 -0.0030
                                            0.0011 -0.0291  0.0160  0.0003  0.0101
                                            0.0283  0.0124 -0.7015  0.0452  0.0008
                                           -0.0416  0.7074  0.0011  0.0028
    59. (0.00042) RY*( 5) C   3           s( 56.10%)p 0.64( 35.65%)d 0.15(  8.24%)
                                            0.0000  0.0197  0.7250  0.1206  0.1430
                                            0.0158 -0.4482  0.3591 -0.0060 -0.1370
                                            0.0378 -0.0022  0.0688  0.0388  0.1572
                                           -0.0395  0.0203 -0.2256  0.0695
    60. (0.00028) RY*( 6) C   3           s(  4.30%)p16.72( 71.81%)d 5.56( 23.89%)
                                            0.0000 -0.0064  0.1547  0.1348 -0.0281
                                            0.0064  0.1658 -0.3436 -0.0172 -0.0726
                                           -0.7526 -0.0004  0.0011  0.0240  0.4839
                                           -0.0260  0.0336 -0.0517  0.0174
    61. (0.00008) RY*( 7) C   3           s( 69.29%)p 0.14(  9.49%)d 0.31( 21.22%)
    62. (0.00004) RY*( 8) C   3           s( 25.39%)p 0.73( 18.59%)d 2.21( 56.03%)
    63. (0.00004) RY*( 9) C   3           s( 14.29%)p 5.36( 76.57%)d 0.64(  9.14%)
    64. (0.00001) RY*(10) C   3           s(  5.04%)p 1.17(  5.89%)d17.67( 89.07%)
    65. (0.00000) RY*(11) C   3           s(  0.01%)p99.99( 15.16%)d99.99( 84.83%)
    66. (0.00000) RY*(12) C   3           s(  0.04%)p99.99( 78.13%)d99.99( 21.83%)
    67. (0.00001) RY*(13) C   3           s(  9.30%)p 1.81( 16.78%)d 7.95( 73.92%)
    68. (0.00000) RY*(14) C   3           s( 90.58%)p 0.10(  9.11%)d 0.00(  0.31%)
    69. (0.00501) RY*( 1) S   4           s(  0.17%)p99.99( 21.92%)d99.99( 77.91%)
                                            0.0000  0.0000 -0.0002  0.0323  0.0254
                                            0.0013  0.0000  0.0010  0.0320  0.0252
                                            0.0000  0.0031  0.0015 -0.0004  0.0000
                                           -0.0136  0.4661  0.0093 -0.0083  0.8547
                                           -0.2189  0.0194 -0.0145
    70. (0.00300) RY*( 2) S   4           s(  1.19%)p46.18( 54.87%)d36.99( 43.95%)
                                            0.0000  0.0000 -0.0089 -0.0592  0.0752
                                           -0.0515  0.0000 -0.0511 -0.2983 -0.0455
                                            0.0000 -0.0268 -0.6687 -0.0792  0.0000
                                            0.0006  0.0288  0.0088  0.0624  0.0074
                                           -0.0193 -0.6556 -0.0730
    71. (0.00210) RY*( 3) S   4           s(  1.52%)p22.70( 34.58%)d41.95( 63.90%)
                                            0.0000  0.0000  0.0001  0.0104  0.1214
                                           -0.0196  0.0000 -0.0939 -0.4913 -0.0554
                                            0.0000 -0.0139  0.0792 -0.0682  0.0000
                                            0.0045 -0.2849  0.0160  0.6439  0.2489
                                            0.3069  0.2332 -0.1180
    72. (0.00182) RY*( 4) S   4           s(  0.62%)p52.03( 32.30%)d99.99( 67.08%)
                                            0.0000  0.0000  0.0002  0.0119  0.0766
                                           -0.0140  0.0000 -0.0495 -0.2403  0.0048
                                            0.0000 -0.0053  0.0602 -0.0729  0.0000
                                           -0.0017  0.5017  0.0454  0.3700 -0.4169
                                           -0.5771  0.1475 -0.0722
    73. (0.00049) RY*( 5) S   4           s( 20.33%)p 1.08( 21.97%)d 2.84( 57.70%)
                                            0.0000  0.0000  0.0231  0.3670 -0.2562
                                            0.0490  0.0000 -0.0417  0.0736  0.0564
                                            0.0000  0.0366  0.4495  0.0642  0.0000
                                            0.0003 -0.0104 -0.0411  0.3287  0.0120
                                           -0.0196 -0.5783  0.3660
    74. (0.00038) RY*( 6) S   4           s( 87.93%)p 0.12( 10.39%)d 0.02(  1.68%)
                                            0.0000  0.0000  0.0086  0.6184  0.7019
                                            0.0646  0.0000 -0.0030  0.0696  0.1972
                                            0.0000  0.0345 -0.0381 -0.0006  0.0000
                                           -0.0041  0.0056 -0.2397 -0.0810 -0.0428
                                            0.0498  0.0078 -0.0768
    75. (0.00034) RY*( 7) S   4           s(  4.72%)p13.95( 65.81%)d 6.25( 29.48%)
                                            0.0000  0.0000  0.0149  0.2044 -0.0668
                                            0.0271  0.0000 -0.0077 -0.7204  0.0468
                                            0.0000  0.0250  0.1572  0.2275  0.0000
                                            0.0041 -0.0213  0.2434 -0.5037  0.0107
                                           -0.0594  0.0430  0.1887
    76. (0.00017) RY*( 8) S   4           s( 10.79%)p 8.03( 86.65%)d 0.24(  2.56%)
                                            0.0000  0.0000  0.0022  0.0297  0.3232
                                            0.0499  0.0000  0.0072  0.1220 -0.8384
                                            0.0000  0.0065  0.0956  0.1704  0.0000
                                            0.0081 -0.0958  0.3180  0.0055  0.0278
                                           -0.1284 -0.0848  0.0336
    77. (0.00006) RY*( 9) S   4           s(  2.83%)p33.21( 94.00%)d 1.12(  3.17%)
    78. (0.00002) RY*(10) S   4           s(  8.27%)p10.01( 82.76%)d 1.09(  8.98%)
    79. (0.00003) RY*(11) S   4           s( 65.75%)p 0.18( 11.69%)d 0.34( 22.56%)
    80. (0.00000) RY*(12) S   4           s(  3.28%)p 7.90( 25.91%)d21.58( 70.81%)
    81. (0.00000) RY*(13) S   4           s( 89.43%)p 0.10(  8.82%)d 0.02(  1.75%)
    82. (0.00000) RY*(14) S   4           s(  2.78%)p18.02( 50.11%)d16.94( 47.11%)
    83. (0.00055) RY*( 1) H   5           s(100.00%)
                                           -0.0023  1.0000
    84. (0.00074) RY*( 1) H   6           s(100.00%)
                                           -0.0031  1.0000
    85. (0.00471) RY*( 1) N   7           s(  0.32%)p99.99( 99.05%)d 1.95(  0.63%)
                                            0.0000  0.0034  0.0561 -0.0067  0.0022
                                           -0.0122  0.6916 -0.0805 -0.0391  0.7091
                                            0.0228 -0.0003  0.0243 -0.0090  0.0403
                                           -0.0015 -0.0041  0.0328  0.0596
    86. (0.00228) RY*( 2) N   7           s(  0.28%)p99.99( 96.87%)d10.23(  2.85%)
                                            0.0000 -0.0078  0.0245  0.0160  0.0432
                                            0.0288  0.6603 -0.2632 -0.0181 -0.6769
                                            0.0591 -0.0025 -0.0206 -0.0117 -0.1339
                                            0.0116 -0.0116  0.0978  0.0271
    87. (0.00106) RY*( 3) N   7           s(  1.63%)p59.57( 97.15%)d 0.75(  1.22%)
                                            0.0000 -0.0005  0.1051  0.0667 -0.0286
                                           -0.0005  0.0190  0.1068 -0.0048 -0.0466
                                            0.0518  0.0136  0.9735  0.0839 -0.0034
                                            0.1009  0.0418 -0.0161 -0.0028
    88. (0.00066) RY*( 4) N   7           s( 75.87%)p 0.11(  8.63%)d 0.20( 15.50%)
                                            0.0000  0.0126  0.8569  0.0458  0.1488
                                           -0.0404 -0.0852 -0.0137 -0.0438  0.0281
                                           -0.2489 -0.0068 -0.0697 -0.0875 -0.3592
                                            0.0638 -0.0782  0.0327  0.1214
    89. (0.00030) RY*( 5) N   7           s(  3.31%)p 4.95( 16.37%)d24.30( 80.33%)
                                            0.0000 -0.0008  0.1356  0.1136 -0.0421
                                           -0.0008  0.0281  0.1585 -0.0049 -0.0334
                                            0.2265 -0.0026  0.0575 -0.2863  0.0269
                                           -0.8909  0.0874 -0.0351 -0.0004
    90. (0.00025) RY*( 6) N   7           s(  8.27%)p 7.45( 61.62%)d 3.64( 30.11%)
                                            0.0000 -0.0004  0.2726  0.0549 -0.0732
                                            0.0251  0.0895  0.5478 -0.0233 -0.0960
                                            0.5242 -0.0061 -0.1434 -0.0475  0.3732
                                            0.2831 -0.1417  0.2434  0.0482
    91. (0.00015) RY*( 7) N   7           s( 17.96%)p 1.25( 22.51%)d 3.32( 59.54%)
                                            0.0000 -0.0132 -0.1532  0.3802  0.1066
                                           -0.0082 -0.0596  0.1142 -0.0181  0.0791
                                            0.1586  0.0104 -0.0576  0.4162 -0.4425
                                           -0.0651  0.3128  0.5301  0.1285
    92. (0.00011) RY*( 8) N   7           s( 16.87%)p 1.00( 16.95%)d 3.92( 66.18%)
                                            0.0000 -0.0128 -0.1439  0.3803 -0.0571
                                           -0.0315  0.0495  0.1592  0.0274  0.0419
                                            0.3146 -0.0062 -0.0501 -0.1915 -0.5201
                                            0.1817 -0.2023 -0.5418 -0.1544
    93. (0.00007) RY*( 9) N   7           s( 11.53%)p 4.42( 50.97%)d 3.25( 37.49%)
    94. (0.00003) RY*(10) N   7           s( 31.23%)p 1.34( 41.99%)d 0.86( 26.79%)
    95. (0.00002) RY*(11) N   7           s(  4.44%)p 0.89(  3.95%)d20.63( 91.61%)
    96. (0.00000) RY*(12) N   7           s(  0.04%)p99.99( 33.69%)d99.99( 66.28%)
    97. (0.00000) RY*(13) N   7           s( 38.75%)p 1.11( 43.12%)d 0.47( 18.13%)
    98. (0.00000) RY*(14) N   7           s( 89.35%)p 0.09(  8.20%)d 0.03(  2.45%)
    99. (0.00352) RY*( 1) N   8           s(  5.02%)p18.00( 90.32%)d 0.93(  4.67%)
                                            0.0000 -0.0081  0.2152  0.0599 -0.0143
                                           -0.0019  0.0234  0.0488 -0.0021 -0.5116
                                            0.0887  0.0446 -0.7743  0.1706 -0.0719
                                           -0.2007  0.0243  0.0116  0.0223
   100. (0.00273) RY*( 2) N   8           s(  0.30%)p99.99( 95.03%)d15.64(  4.67%)
                                            0.0000 -0.0066  0.0442 -0.0314  0.0006
                                           -0.0008  0.0002 -0.0124  0.0204  0.8035
                                           -0.2042  0.0106 -0.4980  0.1198  0.1592
                                           -0.1345  0.0442 -0.0170 -0.0317
   101. (0.00060) RY*( 3) N   8           s( 75.35%)p 0.25( 18.99%)d 0.08(  5.65%)
                                            0.0000 -0.0008  0.8659 -0.0467  0.0400
                                            0.0070  0.0439  0.2283 -0.0106 -0.0151
                                           -0.3066 -0.0016  0.2027 -0.0200  0.1469
                                            0.0345  0.0090  0.1835 -0.0046
   102. (0.00031) RY*( 4) N   8           s(  2.91%)p28.31( 82.36%)d 5.06( 14.73%)
                                            0.0000 -0.0165  0.1554  0.0154  0.0666
                                           -0.0335 -0.7313  0.3316  0.0117  0.1424
                                            0.3470 -0.0124 -0.0755 -0.1761 -0.2857
                                            0.1682 -0.0240 -0.1294 -0.1419
   103. (0.00009) RY*( 5) N   8           s( 11.28%)p 6.65( 74.96%)d 1.22( 13.77%)
   104. (0.00005) RY*( 6) N   8           s( 12.95%)p 4.28( 55.40%)d 2.44( 31.65%)
   105. (0.00005) RY*( 7) N   8           s( 26.00%)p 0.36(  9.41%)d 2.48( 64.59%)
   106. (0.00003) RY*( 8) N   8           s(  5.78%)p 9.48( 54.86%)d 6.80( 39.35%)
   107. (0.00000) RY*( 9) N   8           s( 93.93%)p 0.03(  2.50%)d 0.04(  3.57%)
   108. (0.00001) RY*(10) N   8           s( 55.97%)p 0.14(  7.92%)d 0.65( 36.11%)
   109. (0.00000) RY*(11) N   8           s(  0.13%)p99.99( 57.06%)d99.99( 42.81%)
   110. (0.00001) RY*(12) N   8           s(  5.16%)p 3.75( 19.33%)d14.64( 75.51%)
   111. (0.00001) RY*(13) N   8           s(  3.41%)p 2.94( 10.04%)d25.35( 86.54%)
   112. (0.00001) RY*(14) N   8           s(  1.90%)p11.56( 21.96%)d40.06( 76.14%)
   113. (0.00274) RY*( 1) H   9           s(100.00%)
                                            0.0070  1.0000
   114. (0.00082) RY*( 1) H  10           s(100.00%)
                                            0.0023  1.0000
   115. (0.08466) BD*( 1) C   1 - S   4  
                ( 47.01%)   0.6857* C   1 s( 29.34%)p 2.40( 70.54%)d 0.00(  0.12%)
                                           -0.0002  0.5398  0.0449 -0.0049 -0.0024
                                           -0.4595 -0.0383  0.0138 -0.7016 -0.0093
                                            0.0155 -0.0040  0.0012 -0.0005  0.0280
                                            0.0011  0.0000 -0.0116 -0.0161
                ( 52.99%)  -0.7279* S   4 s( 15.62%)p 5.36( 83.74%)d 0.04(  0.64%)
                                            0.0000  0.0002  0.3932 -0.0399  0.0071
                                            0.0004  0.0001  0.6219 -0.0507  0.0038
                                            0.0001  0.6689 -0.0214 -0.0016  0.0000
                                            0.0097 -0.0005 -0.0004  0.0684  0.0014
                                            0.0012 -0.0215 -0.0352
   116. (0.02173) BD*( 1) C   1 - N   7  
                ( 58.28%)   0.7634* C   1 s( 36.76%)p 1.72( 63.19%)d 0.00(  0.05%)
                                            0.0000  0.6059 -0.0232  0.0012  0.0031
                                           -0.3635 -0.0116  0.0076  0.7041 -0.0611
                                           -0.0054  0.0122  0.0004 -0.0001 -0.0131
                                           -0.0001  0.0000 -0.0130 -0.0118
                ( 41.72%)  -0.6459* N   7 s( 35.81%)p 1.79( 63.95%)d 0.01(  0.25%)
                                           -0.0001  0.5978 -0.0271  0.0020 -0.0014
                                            0.4404 -0.0291 -0.0060 -0.6666  0.0029
                                            0.0104  0.0105  0.0000  0.0005 -0.0255
                                           -0.0004 -0.0001 -0.0300 -0.0307
   117. (0.40169) BD*( 2) C   1 - N   7  
                ( 60.13%)   0.7754* C   1 s(  0.01%)p99.99( 99.90%)d 6.25(  0.09%)
                                            0.0001  0.0100  0.0055  0.0024  0.0017
                                            0.0236  0.0042 -0.0011 -0.0135 -0.0007
                                           -0.0001  0.9987  0.0201  0.0219 -0.0004
                                           -0.0197  0.0218  0.0001  0.0005
                ( 39.87%)  -0.6314* N   7 s(  0.01%)p 1.00( 99.74%)d 0.00(  0.26%)
                                           -0.0001 -0.0085  0.0039  0.0005 -0.0002
                                           -0.0080  0.0020  0.0009  0.0025 -0.0015
                                           -0.0015  0.9985 -0.0121  0.0100  0.0001
                                           -0.0111 -0.0493  0.0002  0.0004
   118. (0.02940) BD*( 1) C   1 - N   8  
                ( 59.16%)   0.7692* C   1 s( 33.71%)p 1.96( 66.19%)d 0.00(  0.10%)
                                           -0.0003  0.5795 -0.0349  0.0059 -0.0019
                                            0.8076 -0.0454 -0.0061 -0.0831 -0.0010
                                           -0.0004 -0.0258  0.0082 -0.0001 -0.0059
                                           -0.0019  0.0001  0.0280 -0.0143
                ( 40.84%)  -0.6391* N   8 s( 35.05%)p 1.85( 64.90%)d 0.00(  0.05%)
                                            0.0001  0.5920  0.0008 -0.0016 -0.0027
                                           -0.8028  0.0260  0.0096  0.0514  0.0012
                                           -0.0020  0.0328  0.0011  0.0004 -0.0038
                                           -0.0109 -0.0003  0.0149 -0.0134
   119. (0.02460) BD*( 1) C   2 - C   3  
                ( 50.79%)   0.7127* C   2 s( 37.61%)p 1.66( 62.35%)d 0.00(  0.05%)
                                            0.0000  0.6132 -0.0069 -0.0053  0.0020
                                           -0.2724  0.0362 -0.0052 -0.7399  0.0133
                                            0.0126 -0.0124 -0.0005 -0.0003  0.0086
                                            0.0001  0.0002 -0.0175 -0.0091
                ( 49.21%)  -0.7015* C   3 s( 39.11%)p 1.56( 60.85%)d 0.00(  0.04%)
                                            0.0001  0.6253 -0.0100  0.0046  0.0025
                                            0.2194  0.0207 -0.0128  0.7468 -0.0417
                                            0.0016 -0.0188 -0.0008 -0.0002  0.0135
                                           -0.0005 -0.0003 -0.0085 -0.0133
   120. (0.25819) BD*( 2) C   2 - C   3  
                ( 55.27%)   0.7435* C   2 s(  0.01%)p 1.00( 99.93%)d 0.00(  0.07%)
                                            0.0000  0.0078 -0.0011  0.0005 -0.0002
                                            0.0022  0.0002 -0.0008 -0.0110  0.0004
                                            0.0004  0.9988  0.0313  0.0240 -0.0002
                                           -0.0053 -0.0255 -0.0003  0.0002
                ( 44.73%)  -0.6688* C   3 s(  0.01%)p 1.00( 99.94%)d 0.00(  0.06%)
                                            0.0000  0.0071 -0.0006 -0.0005  0.0001
                                            0.0148  0.0003 -0.0007  0.0148  0.0000
                                            0.0004  0.9987  0.0343  0.0204  0.0003
                                            0.0171  0.0163  0.0002 -0.0004
   121. (0.01832) BD*( 1) C   2 - H   5  
                ( 37.56%)   0.6128* C   2 s( 33.18%)p 2.01( 66.77%)d 0.00(  0.05%)
                                            0.0004 -0.5757 -0.0170 -0.0032  0.0017
                                            0.4874  0.0175 -0.0076 -0.6555 -0.0088
                                            0.0067 -0.0038 -0.0003  0.0000  0.0193
                                            0.0002 -0.0003  0.0070  0.0112
                ( 62.44%)  -0.7902* H   5 s(100.00%)
                                           -1.0000 -0.0023
   122. (0.01196) BD*( 1) C   2 - N   7  
                ( 59.56%)   0.7717* C   2 s( 29.19%)p 2.42( 70.74%)d 0.00(  0.07%)
                                            0.0000  0.5399 -0.0201  0.0015 -0.0005
                                            0.8260 -0.0394 -0.0130  0.1406 -0.0595
                                            0.0124 -0.0045 -0.0003 -0.0001  0.0064
                                           -0.0001  0.0000  0.0214 -0.0147
                ( 40.44%)  -0.6360* N   7 s( 32.65%)p 2.06( 67.12%)d 0.01(  0.23%)
                                           -0.0004  0.5706 -0.0300 -0.0014  0.0019
                                           -0.8178  0.0172  0.0120 -0.0293 -0.0319
                                            0.0037 -0.0016  0.0002 -0.0003  0.0277
                                            0.0003 -0.0002  0.0262 -0.0293
   123. (0.01432) BD*( 1) C   3 - S   4  
                ( 48.96%)   0.6997* C   3 s( 24.64%)p 3.05( 75.23%)d 0.01(  0.14%)
                                            0.0002 -0.4960 -0.0112  0.0152  0.0017
                                           -0.6266 -0.0186  0.0195  0.5973 -0.0451
                                           -0.0034  0.0040 -0.0003 -0.0003  0.0290
                                            0.0002 -0.0002 -0.0087  0.0216
                ( 51.04%)  -0.7144* S   4 s( 17.99%)p 4.52( 81.39%)d 0.03(  0.62%)
                                            0.0000  0.0000 -0.4209  0.0524  0.0031
                                            0.0003  0.0001  0.7667 -0.0565  0.0011
                                            0.0000 -0.4720  0.0021  0.0035  0.0000
                                           -0.0115  0.0005  0.0005  0.0689  0.0016
                                           -0.0012 -0.0134  0.0356
   124. (0.01150) BD*( 1) C   3 - H   6  
                ( 36.51%)   0.6043* C   3 s( 36.14%)p 1.77( 63.82%)d 0.00(  0.04%)
                                           -0.0003  0.6011 -0.0016  0.0066 -0.0010
                                           -0.7464  0.0054  0.0061 -0.2843 -0.0017
                                            0.0018  0.0110 -0.0002 -0.0001  0.0131
                                           -0.0007 -0.0002  0.0113 -0.0123
                ( 63.49%)  -0.7968* H   6 s(100.00%)
                                            1.0000  0.0031
   125. (0.01078) BD*( 1) N   8 - H   9  
                ( 28.27%)   0.5317* N   8 s( 27.25%)p 2.67( 72.68%)d 0.00(  0.06%)
                                            0.0003 -0.5220 -0.0007 -0.0024 -0.0010
                                           -0.4362  0.0263 -0.0070 -0.7145  0.0155
                                            0.0091 -0.1581 -0.0068 -0.0015 -0.0100
                                           -0.0094 -0.0151  0.0117  0.0096
                ( 71.73%)  -0.8469* H   9 s(100.00%)
                                           -1.0000  0.0070
   126. (0.00765) BD*( 1) N   8 - H  10  
                ( 28.87%)   0.5373* N   8 s( 26.68%)p 2.75( 73.25%)d 0.00(  0.06%)
                                            0.0003 -0.5165  0.0047 -0.0017 -0.0012
                                           -0.3521  0.0281 -0.0074  0.6777 -0.0225
                                           -0.0076 -0.3846  0.0005  0.0006  0.0058
                                           -0.0088  0.0214  0.0078 -0.0002
                ( 71.13%)  -0.8434* H  10 s(100.00%)
                                           -1.0000  0.0023


 NHO Directionality and "Bond Bending" (deviations from line of nuclear centers)

         [Thresholds for printing:  angular deviation  >  1.0 degree]
                                    hybrid p-character > 25.0%
                                    orbital occupancy  >  0.10e

                                Line of Centers        Hybrid 1              Hybrid 2
                                ---------------  -------------------   ------------------
                NBO               Theta   Phi    Theta   Phi    Dev    Theta   Phi    Dev
 ========================================================================================
     1. BD (   1) C   1 - S   4    90.3  233.5    90.2  235.2   1.7     89.4   48.3   5.1
     2. BD (   1) C   1 - N   7    89.9  118.6    89.0  120.0   1.6     89.2  301.8   3.4
     3. BD (   2) C   1 - N   7    89.9  118.6     1.7  332.0  91.3    179.7    5.2  89.8
     4. BD (   1) C   1 - N   8    93.2  354.7    91.3  353.6   2.2     87.4  176.2   1.7
     5. BD (   1) C   2 - C   3    89.8  251.3    91.0  251.3   1.2     91.5   72.2   1.6
     6. BD (   2) C   2 - C   3    89.8  251.3     0.6  279.2  89.3      1.1   46.4  89.2
     8. BD (   1) C   2 - N   7    90.0    8.0    90.4    6.9   1.1     90.1  184.2   3.8
     9. BD (   1) C   3 - S   4    90.5  321.7    90.2  318.7   3.0     89.3  146.8   5.0
    11. BD (   1) N   8 - H   9    78.5   60.5    78.3   58.9   1.6      --     --    --
    12. BD (   1) N   8 - H  10    63.6  297.0    62.2  297.1   1.4      --     --    --
    23. LP (   1) S   4             --     --     89.7  279.6   --       --     --    --
    24. LP (   2) S   4             --     --    179.3  120.6   --       --     --    --
    25. LP (   1) N   7             --     --     89.5   63.5   --       --     --    --
    26. LP (   1) N   8             --     --    163.9  321.0   --       --     --    --
   117. BD*(   2) C   1 - N   7    89.9  118.6     1.7  332.0  91.3    179.7    5.2  89.8
   120. BD*(   2) C   2 - C   3    89.8  251.3     0.6  279.2  89.3      1.1   46.4  89.2


 Second Order Perturbation Theory Analysis of Fock Matrix in NBO Basis

     Threshold for printing:   0.50 kcal/mol
                                                                              E(2)  E(j)-E(i) F(i,j)
         Donor NBO (i)                     Acceptor NBO (j)                 kcal/mol   a.u.    a.u. 
 ===================================================================================================

 within unit  1
   1. BD (   1) C   1 - S   4        / 56. RY*(   2) C   3                    0.81    1.50    0.031
   1. BD (   1) C   1 - S   4        / 85. RY*(   1) N   7                    1.54    1.41    0.042
   1. BD (   1) C   1 - S   4        / 86. RY*(   2) N   7                    0.66    1.70    0.030
   1. BD (   1) C   1 - S   4        /100. RY*(   2) N   8                    0.84    1.58    0.033
   1. BD (   1) C   1 - S   4        /119. BD*(   1) C   2 - C   3            0.57    1.26    0.024
   1. BD (   1) C   1 - S   4        /121. BD*(   1) C   2 - H   5            0.58    1.12    0.023
   1. BD (   1) C   1 - S   4        /124. BD*(   1) C   3 - H   6            2.84    1.12    0.051
   1. BD (   1) C   1 - S   4        /125. BD*(   1) N   8 - H   9            2.72    1.10    0.049
   2. BD (   1) C   1 - N   7        / 27. RY*(   1) C   1                    0.57    1.63    0.027
   2. BD (   1) C   1 - N   7        / 41. RY*(   1) C   2                    0.98    1.56    0.035
   2. BD (   1) C   1 - N   7        / 42. RY*(   2) C   2                    2.31    2.01    0.061
   2. BD (   1) C   1 - N   7        /118. BD*(   1) C   1 - N   8            1.30    1.30    0.037
   2. BD (   1) C   1 - N   7        /121. BD*(   1) C   2 - H   5            2.38    1.34    0.050
   2. BD (   1) C   1 - N   7        /122. BD*(   1) C   2 - N   7            1.16    1.35    0.035
   2. BD (   1) C   1 - N   7        /126. BD*(   1) N   8 - H  10            1.57    1.31    0.040
   3. BD (   2) C   1 - N   7        / 43. RY*(   3) C   2                    1.51    2.06    0.051
   3. BD (   2) C   1 - N   7        / 72. RY*(   4) S   4                    0.99    1.02    0.029
   3. BD (   2) C   1 - N   7        / 99. RY*(   1) N   8                    1.21    0.96    0.031
   3. BD (   2) C   1 - N   7        /117. BD*(   2) C   1 - N   7            1.26    0.32    0.019
   3. BD (   2) C   1 - N   7        /120. BD*(   2) C   2 - C   3           20.25    0.34    0.077
   3. BD (   2) C   1 - N   7        /126. BD*(   1) N   8 - H  10            0.80    0.75    0.023
   4. BD (   1) C   1 - N   8        / 85. RY*(   1) N   7                    0.55    1.59    0.026
   4. BD (   1) C   1 - N   8        /116. BD*(   1) C   1 - N   7            1.32    1.40    0.039
   4. BD (   1) C   1 - N   8        /122. BD*(   1) C   2 - N   7            2.09    1.32    0.047
   5. BD (   1) C   2 - C   3        / 70. RY*(   2) S   4                    0.56    1.39    0.025
   5. BD (   1) C   2 - C   3        / 86. RY*(   2) N   7                    1.20    1.78    0.041
   5. BD (   1) C   2 - C   3        /115. BD*(   1) C   1 - S   4            0.53    0.92    0.020
   5. BD (   1) C   2 - C   3        /118. BD*(   1) C   1 - N   8            0.85    1.17    0.028
   5. BD (   1) C   2 - C   3        /121. BD*(   1) C   2 - H   5            1.61    1.21    0.039
   5. BD (   1) C   2 - C   3        /122. BD*(   1) C   2 - N   7            0.64    1.22    0.025
   5. BD (   1) C   2 - C   3        /124. BD*(   1) C   3 - H   6            2.00    1.21    0.044
   6. BD (   2) C   2 - C   3        / 69. RY*(   1) S   4                    2.62    0.99    0.046
   6. BD (   2) C   2 - C   3        / 87. RY*(   3) N   7                    0.87    0.88    0.025
   6. BD (   2) C   2 - C   3        /117. BD*(   2) C   1 - N   7            9.02    0.27    0.049
   7. BD (   1) C   2 - H   5        / 56. RY*(   2) C   3                    0.77    1.38    0.029
   7. BD (   1) C   2 - H   5        /116. BD*(   1) C   1 - N   7            2.34    1.10    0.045
   7. BD (   1) C   2 - H   5        /119. BD*(   1) C   2 - C   3            1.55    1.13    0.038
   7. BD (   1) C   2 - H   5        /123. BD*(   1) C   3 - S   4            3.90    0.74    0.048
   8. BD (   1) C   2 - N   7        / 27. RY*(   1) C   1                    3.22    1.53    0.063
   8. BD (   1) C   2 - N   7        / 28. RY*(   2) C   1                    0.81    2.16    0.037
   8. BD (   1) C   2 - N   7        / 55. RY*(   1) C   3                    0.71    1.77    0.032
   8. BD (   1) C   2 - N   7        /116. BD*(   1) C   1 - N   7            1.04    1.33    0.033
   8. BD (   1) C   2 - N   7        /118. BD*(   1) C   1 - N   8            7.10    1.20    0.083
   8. BD (   1) C   2 - N   7        /119. BD*(   1) C   2 - C   3            1.08    1.37    0.034
   8. BD (   1) C   2 - N   7        /124. BD*(   1) C   3 - H   6            2.50    1.24    0.050
   9. BD (   1) C   3 - S   4        / 41. RY*(   1) C   2                    1.64    1.33    0.042
   9. BD (   1) C   3 - S   4        /116. BD*(   1) C   1 - N   7            0.72    1.21    0.026
   9. BD (   1) C   3 - S   4        /118. BD*(   1) C   1 - N   8            4.73    1.08    0.064
   9. BD (   1) C   3 - S   4        /121. BD*(   1) C   2 - H   5            4.48    1.11    0.063
   9. BD (   1) C   3 - S   4        /122. BD*(   1) C   2 - N   7            1.22    1.13    0.033
  10. BD (   1) C   3 - H   6        / 42. RY*(   2) C   2                    1.35    1.70    0.043
  10. BD (   1) C   3 - H   6        /119. BD*(   1) C   2 - C   3            2.22    1.16    0.045
  10. BD (   1) C   3 - H   6        /122. BD*(   1) C   2 - N   7            3.25    1.04    0.052
  11. BD (   1) N   8 - H   9        / 27. RY*(   1) C   1                    0.52    1.42    0.024
  11. BD (   1) N   8 - H   9        / 29. RY*(   3) C   1                    0.86    1.74    0.035
  11. BD (   1) N   8 - H   9        /115. BD*(   1) C   1 - S   4            5.66    0.83    0.062
  12. BD (   1) N   8 - H  10        / 27. RY*(   1) C   1                    0.76    1.42    0.029
  12. BD (   1) N   8 - H  10        / 29. RY*(   3) C   1                    0.91    1.74    0.036
  12. BD (   1) N   8 - H  10        /116. BD*(   1) C   1 - N   7            4.43    1.23    0.066
  12. BD (   1) N   8 - H  10        /117. BD*(   2) C   1 - N   7            1.05    0.66    0.026
  13. CR (   1) C   1                / 86. RY*(   2) N   7                    1.06   11.21    0.097
  13. CR (   1) C   1                /102. RY*(   4) N   8                    0.54   11.11    0.069
  13. CR (   1) C   1                /115. BD*(   1) C   1 - S   4            0.64   10.34    0.074
  13. CR (   1) C   1                /122. BD*(   1) C   2 - N   7            1.15   10.65    0.099
  13. CR (   1) C   1                /126. BD*(   1) N   8 - H  10            0.59   10.60    0.071
  14. CR (   1) C   2                / 56. RY*(   2) C   3                    2.18   10.93    0.138
  14. CR (   1) C   2                /116. BD*(   1) C   1 - N   7            0.75   10.64    0.080
  14. CR (   1) C   2                /119. BD*(   1) C   2 - C   3            1.16   10.68    0.100
  14. CR (   1) C   2                /124. BD*(   1) C   3 - H   6            1.14   10.55    0.098
  15. CR (   1) C   3                / 41. RY*(   1) C   2                    1.32   10.77    0.106
  15. CR (   1) C   3                / 42. RY*(   2) C   2                    1.49   11.23    0.116
  15. CR (   1) C   3                / 84. RY*(   1) H   6                    0.55   10.62    0.068
  15. CR (   1) C   3                /119. BD*(   1) C   2 - C   3            1.31   10.69    0.106
  15. CR (   1) C   3                /121. BD*(   1) C   2 - H   5            0.89   10.55    0.087
  15. CR (   1) C   3                /123. BD*(   1) C   3 - S   4            0.80   10.30    0.081
  17. CR (   2) S   4                / 27. RY*(   1) C   1                    1.74    9.65    0.116
  17. CR (   2) S   4                / 55. RY*(   1) C   3                    1.48    9.89    0.108
  17. CR (   2) S   4                /116. BD*(   1) C   1 - N   7            0.55    9.45    0.065
  17. CR (   2) S   4                /118. BD*(   1) C   1 - N   8            0.97    9.32    0.086
  17. CR (   2) S   4                /124. BD*(   1) C   3 - H   6            0.71    9.36    0.073
  21. CR (   1) N   7                / 27. RY*(   1) C   1                    3.62   14.89    0.208
  21. CR (   1) N   7                / 41. RY*(   1) C   2                    2.19   14.81    0.161
  21. CR (   1) N   7                /115. BD*(   1) C   1 - S   4            0.70   14.30    0.091
  21. CR (   1) N   7                /118. BD*(   1) C   1 - N   8            0.82   14.56    0.098
  22. CR (   1) N   8                / 29. RY*(   3) C   1                    2.70   15.29    0.182
  22. CR (   1) N   8                / 31. RY*(   5) C   1                    0.98   15.81    0.111
  22. CR (   1) N   8                /115. BD*(   1) C   1 - S   4            0.63   14.38    0.087
  22. CR (   1) N   8                /116. BD*(   1) C   1 - N   7            0.62   14.77    0.086
  23. LP (   1) S   4                / 27. RY*(   1) C   1                    2.03    1.42    0.048
  23. LP (   1) S   4                / 55. RY*(   1) C   3                    1.38    1.66    0.043
  23. LP (   1) S   4                /116. BD*(   1) C   1 - N   7            3.23    1.23    0.056
  23. LP (   1) S   4                /119. BD*(   1) C   2 - C   3            1.22    1.26    0.035
  24. LP (   2) S   4                / 57. RY*(   3) C   3                    1.08    1.05    0.033
  24. LP (   2) S   4                / 72. RY*(   4) S   4                    0.61    0.95    0.023
  24. LP (   2) S   4                /117. BD*(   2) C   1 - N   7           27.11    0.25    0.075
  24. LP (   2) S   4                /120. BD*(   2) C   2 - C   3           17.45    0.27    0.062
  25. LP (   1) N   7                / 27. RY*(   1) C   1                    3.44    1.12    0.057
  25. LP (   1) N   7                / 28. RY*(   2) C   1                    2.07    1.75    0.055
  25. LP (   1) N   7                / 38. RY*(  12) C   1                    0.53    1.85    0.029
  25. LP (   1) N   7                / 41. RY*(   1) C   2                    3.70    1.04    0.057
  25. LP (   1) N   7                /115. BD*(   1) C   1 - S   4           16.76    0.53    0.085
  25. LP (   1) N   7                /118. BD*(   1) C   1 - N   8            2.70    0.79    0.042
  25. LP (   1) N   7                /119. BD*(   1) C   2 - C   3            5.60    0.96    0.067
  25. LP (   1) N   7                /121. BD*(   1) C   2 - H   5            1.40    0.82    0.031
  25. LP (   1) N   7                /125. BD*(   1) N   8 - H   9            0.71    0.80    0.022
  26. LP (   1) N   8                / 29. RY*(   3) C   1                    0.94    1.39    0.034
  26. LP (   1) N   8                / 30. RY*(   4) C   1                    1.78    1.74    0.052
  26. LP (   1) N   8                /116. BD*(   1) C   1 - N   7            0.78    0.87    0.024
  26. LP (   1) N   8                /117. BD*(   2) C   1 - N   7           33.74    0.30    0.096
 117. BD*(   2) C   1 - N   7        / 29. RY*(   3) C   1                    0.85    1.08    0.060
 117. BD*(   2) C   1 - N   7        / 31. RY*(   5) C   1                    1.64    1.60    0.102
 117. BD*(   2) C   1 - N   7        / 72. RY*(   4) S   4                    0.74    0.70    0.045
 117. BD*(   2) C   1 - N   7        / 87. RY*(   3) N   7                    2.35    0.60    0.075
 117. BD*(   2) C   1 - N   7        / 96. RY*(  12) N   7                    0.53    1.41    0.055
 117. BD*(   2) C   1 - N   7        / 99. RY*(   1) N   8                    0.71    0.64    0.042
 117. BD*(   2) C   1 - N   7        /120. BD*(   2) C   2 - C   3           78.96    0.02    0.066
 120. BD*(   2) C   2 - C   3        / 45. RY*(   5) C   2                    1.95    0.85    0.101
 120. BD*(   2) C   2 - C   3        / 58. RY*(   4) C   3                    1.31    1.16    0.097
 120. BD*(   2) C   2 - C   3        / 69. RY*(   1) S   4                    0.53    0.70    0.047


 Natural Bond Orbitals (Summary):

                                                            Principal Delocalizations
           NBO                        Occupancy    Energy   (geminal,vicinal,remote)
 ====================================================================================
 Molecular unit  1  (C3H4N2S)
     1. BD (   1) C   1 - S   4          1.97874    -0.66055  124(v),125(v),85(v),100(v)
                                                    56(v),86(v),121(r),119(v)
     2. BD (   1) C   1 - N   7          1.98732    -0.87624  121(v),42(v),126(v),118(g)
                                                    122(g),41(v),27(g)
     3. BD (   2) C   1 - N   7          1.87722    -0.32518  120(v),43(v),117(g),99(v)
                                                    72(v),126(v)
     4. BD (   1) C   1 - N   8          1.99393    -0.84262  122(v),116(g),85(v)
     5. BD (   1) C   2 - C   3          1.98903    -0.74521  124(g),121(g),86(v),118(r)
                                                    122(g),70(v),115(v)
     6. BD (   2) C   2 - C   3          1.92848    -0.28413  117(v),69(v),87(v)
     7. BD (   1) C   2 - H   5          1.97846    -0.53973  123(v),116(v),119(g),56(v)
     8. BD (   1) C   2 - N   7          1.97799    -0.77477  118(v),27(v),124(v),119(g)
                                                    116(g),28(v),55(v)
     9. BD (   1) C   3 - S   4          1.97741    -0.65181  118(v),121(v),41(v),122(v)
                                                    116(v)
    10. BD (   1) C   3 - H   6          1.98543    -0.56313  122(v),119(g),42(v)
    11. BD (   1) N   8 - H   9          1.98283    -0.66253  115(v),29(v),27(v)
    12. BD (   1) N   8 - H  10          1.98425    -0.66928  116(v),117(v),29(v),27(v)
    13. CR (   1) C   1                  1.99931   -10.17414  122(v),86(v),115(g),126(v)
                                                    102(v)
    14. CR (   1) C   2                  1.99908   -10.08504  56(v),119(g),124(v),116(v)
    15. CR (   1) C   3                  1.99906   -10.09344  42(v),119(g),41(v),121(v)
                                                    123(g),84(v)
    16. CR (   1) S   4                  2.00000   -87.73782   
    17. CR (   2) S   4                  1.99931    -8.89179  27(v),55(v),118(v),124(v)
                                                    116(v)
    18. CR (   3) S   4                  1.99986    -5.93614   
    19. CR (   4) S   4                  1.99984    -5.93343   
    20. CR (   5) S   4                  1.99996    -5.93115   
    21. CR (   1) N   7                  1.99930   -14.13111  27(v),41(v),118(v),115(v)
    22. CR (   1) N   8                  1.99945   -14.21333  29(v),31(v),115(v),116(v)
    23. LP (   1) S   4                  1.98405    -0.66888  116(v),27(v),55(v),119(v)
    24. LP (   2) S   4                  1.69073    -0.25794  117(v),120(v),57(v),72(g)
    25. LP (   1) N   7                  1.88498    -0.36316  115(v),119(v),41(v),27(v)
                                                    118(v),28(v),121(v),125(r)
                                                    38(v)
    26. LP (   1) N   8                  1.82528    -0.31405  117(v),30(v),29(v),116(v)
    27. RY*(   1) C   1                  0.00931     0.75546   
    28. RY*(   2) C   1                  0.00514     1.38326   
    29. RY*(   3) C   1                  0.00331     1.07330   
    30. RY*(   4) C   1                  0.00229     1.42627   
    31. RY*(   5) C   1                  0.00204     1.59242   
    32. RY*(   6) C   1                  0.00130     1.11298   
    33. RY*(   7) C   1                  0.00044     2.06889   
    34. RY*(   8) C   1                  0.00036     0.91268   
    35. RY*(   9) C   1                  0.00018     0.52989   
    36. RY*(  10) C   1                  0.00010     1.07315   
    37. RY*(  11) C   1                  0.00007     3.14918   
    38. RY*(  12) C   1                  0.00002     1.48358   
    39. RY*(  13) C   1                  0.00001     2.21710   
    40. RY*(  14) C   1                  0.00000     0.60978   
    41. RY*(   1) C   2                  0.00765     0.68007   
    42. RY*(   2) C   2                  0.00504     1.13862   
    43. RY*(   3) C   2                  0.00133     1.72989   
    44. RY*(   4) C   2                  0.00093     0.99047   
    45. RY*(   5) C   2                  0.00067     0.86251   
    46. RY*(   6) C   2                  0.00024     1.23447   
    47. RY*(   7) C   2                  0.00011     2.14278   
    48. RY*(   8) C   2                  0.00009     2.20514   
    49. RY*(   9) C   2                  0.00004     0.84847   
    50. RY*(  10) C   2                  0.00001     1.82973   
    51. RY*(  11) C   2                  0.00001     0.39202   
    52. RY*(  12) C   2                  0.00002     1.67479   
    53. RY*(  13) C   2                  0.00000     1.71199   
    54. RY*(  14) C   2                  0.00000     2.23361   
    55. RY*(   1) C   3                  0.00301     0.99494   
    56. RY*(   2) C   3                  0.00210     0.84328   
    57. RY*(   3) C   3                  0.00118     0.79424   
    58. RY*(   4) C   3                  0.00068     1.17206   
    59. RY*(   5) C   3                  0.00042     0.88880   
    60. RY*(   6) C   3                  0.00028     0.89183   
    61. RY*(   7) C   3                  0.00008     1.35489   
    62. RY*(   8) C   3                  0.00004     1.64462   
    63. RY*(   9) C   3                  0.00004     0.61509   
    64. RY*(  10) C   3                  0.00001     1.96966   
    65. RY*(  11) C   3                  0.00000     1.50084   
    66. RY*(  12) C   3                  0.00000     0.93394   
    67. RY*(  13) C   3                  0.00001     1.77357   
    68. RY*(  14) C   3                  0.00000     3.44978   
    69. RY*(   1) S   4                  0.00501     0.70990   
    70. RY*(   2) S   4                  0.00300     0.64266   
    71. RY*(   3) S   4                  0.00210     0.77138   
    72. RY*(   4) S   4                  0.00182     0.69235   
    73. RY*(   5) S   4                  0.00049     0.74174   
    74. RY*(   6) S   4                  0.00038     0.28827   
    75. RY*(   7) S   4                  0.00034     0.61584   
    76. RY*(   8) S   4                  0.00017     0.28862   
    77. RY*(   9) S   4                  0.00006     0.27129   
    78. RY*(  10) S   4                  0.00002     0.51461   
    79. RY*(  11) S   4                  0.00003     0.95174   
    80. RY*(  12) S   4                  0.00000     0.89114   
    81. RY*(  13) S   4                  0.00000     3.37477   
    82. RY*(  14) S   4                  0.00000     0.66493   
    83. RY*(   1) H   5                  0.00055     0.53391   
    84. RY*(   1) H   6                  0.00074     0.52224   
    85. RY*(   1) N   7                  0.00471     0.74875   
    86. RY*(   2) N   7                  0.00228     1.03882   
    87. RY*(   3) N   7                  0.00106     0.59498   
    88. RY*(   4) N   7                  0.00066     0.91184   
    89. RY*(   5) N   7                  0.00030     1.55176   
    90. RY*(   6) N   7                  0.00025     1.20062   
    91. RY*(   7) N   7                  0.00015     1.66233   
    92. RY*(   8) N   7                  0.00011     1.85922   
    93. RY*(   9) N   7                  0.00007     1.30692   
    94. RY*(  10) N   7                  0.00003     1.71471   
    95. RY*(  11) N   7                  0.00002     2.12077   
    96. RY*(  12) N   7                  0.00000     1.40316   
    97. RY*(  13) N   7                  0.00000     1.07774   
    98. RY*(  14) N   7                  0.00000     3.26923   
    99. RY*(   1) N   8                  0.00352     0.63103   
   100. RY*(   2) N   8                  0.00273     0.92232   
   101. RY*(   3) N   8                  0.00060     1.27333   
   102. RY*(   4) N   8                  0.00031     0.93678   
   103. RY*(   5) N   8                  0.00009     0.89699   
   104. RY*(   6) N   8                  0.00005     0.99272   
   105. RY*(   7) N   8                  0.00005     1.48883   
   106. RY*(   8) N   8                  0.00003     1.11711   
   107. RY*(   9) N   8                  0.00000     3.80343   
   108. RY*(  10) N   8                  0.00001     1.35655   
   109. RY*(  11) N   8                  0.00000     1.21980   
   110. RY*(  12) N   8                  0.00001     1.71817   
   111. RY*(  13) N   8                  0.00001     2.00887   
   112. RY*(  14) N   8                  0.00001     1.67096   
   113. RY*(   1) H   9                  0.00274     0.58789   
   114. RY*(   1) H  10                  0.00082     0.56847   
   115. BD*(   1) C   1 - S   4          0.08466     0.17021   
   116. BD*(   1) C   1 - N   7          0.02173     0.55913   
   117. BD*(   2) C   1 - N   7          0.40169    -0.00979  120(v),87(g),31(g),29(g)
                                                    72(v),99(v),96(g)
   118. BD*(   1) C   1 - N   8          0.02940     0.42554   
   119. BD*(   1) C   2 - C   3          0.02460     0.59450   
   120. BD*(   2) C   2 - C   3          0.25819     0.01317  117(v),45(g),58(g),69(v)
   121. BD*(   1) C   2 - H   5          0.01832     0.46008   
   122. BD*(   1) C   2 - N   7          0.01196     0.47658   
   123. BD*(   1) C   3 - S   4          0.01432     0.20392   
   124. BD*(   1) C   3 - H   6          0.01150     0.46352   
   125. BD*(   1) N   8 - H   9          0.01078     0.43578   
   126. BD*(   1) N   8 - H  10          0.00765     0.42979   
       -------------------------------
              Total Lewis   51.02128  ( 98.1179%)
        Valence non-Lewis    0.89481  (  1.7208%)
        Rydberg non-Lewis    0.08391  (  0.1614%)
       -------------------------------
            Total unit  1   52.00000  (100.0000%)
           Charge unit  1    0.00000
 Calling FoFJK, ICntrl=    100127 FMM=F ISym2X=0 I1Cent= 0 IOpClX= 0 NMat=1 NMatS=1 NMatT=0.
 Full mass-weighted force constant matrix:
 Low frequencies ---   -8.5053   -0.0020    0.0018    0.0029    4.6159    8.5227
 Low frequencies ---  250.0901  290.2450  366.3753
 Harmonic frequencies (cm**-1), IR intensities (KM/Mole), Raman scattering
 activities (A**4/AMU), depolarization ratios for plane and unpolarized
 incident light, reduced masses (AMU), force constants (mDyne/A),
 and normal coordinates:
                     1                      2                      3
                     A                      A                      A
 Frequencies --   250.0900               290.2411               366.3751
 Red. masses --     4.3429                 1.1078                 3.9722
 Frc consts  --     0.1600                 0.0550                 0.3142
 IR Inten    --    11.4427                31.7682                 1.0944
  Atom  AN      X      Y      Z        X      Y      Z        X      Y      Z
     1   6     0.00   0.01  -0.15     0.00   0.02  -0.06    -0.05   0.12   0.03
     2   6    -0.01   0.00   0.06    -0.01   0.00   0.02    -0.10  -0.03  -0.01
     3   6     0.00   0.00   0.30     0.00  -0.01   0.01     0.02  -0.07  -0.01
     4  16     0.00   0.01  -0.12     0.01   0.00   0.02     0.14   0.11   0.00
     5   1    -0.01   0.00   0.14    -0.02  -0.01   0.02    -0.19  -0.09  -0.01
     6   1     0.01  -0.01   0.52     0.00  -0.02  -0.05     0.06  -0.17   0.00
     7   7    -0.01   0.00  -0.25    -0.01   0.01  -0.04    -0.09   0.11   0.02
     8   7     0.02  -0.03   0.24    -0.01   0.01   0.03    -0.10  -0.31  -0.02
     9   1    -0.05   0.02   0.21     0.08  -0.18   0.63     0.29  -0.46  -0.31
    10   1    -0.15   0.10   0.61    -0.09  -0.39  -0.62    -0.41  -0.33   0.23
                     4                      5                      6
                     A                      A                      A
 Frequencies --   510.4233               558.7008               585.9211
 Red. masses --     2.8635                 3.5727                 2.9753
 Frc consts  --     0.4396                 0.6571                 0.6018
 IR Inten    --    87.2752                64.3986                24.4934
  Atom  AN      X      Y      Z        X      Y      Z        X      Y      Z
     1   6     0.00  -0.01  -0.21     0.08  -0.05  -0.04     0.09  -0.04   0.18
     2   6    -0.01  -0.01   0.21    -0.05  -0.08  -0.13    -0.03  -0.09   0.08
     3   6    -0.02  -0.01  -0.22    -0.08  -0.07   0.14    -0.09  -0.07  -0.10
     4  16     0.00   0.03   0.07    -0.04   0.15  -0.01    -0.04   0.12  -0.01
     5   1     0.00  -0.01   0.54    -0.01  -0.05  -0.46     0.01  -0.06   0.38
     6   1    -0.01  -0.03  -0.21    -0.06  -0.16  -0.19    -0.06  -0.13   0.35
     7   7    -0.01  -0.02  -0.05    -0.04  -0.12   0.13    -0.03  -0.09  -0.16
     8   7     0.06  -0.03  -0.02     0.20  -0.03  -0.11     0.10   0.00   0.06
     9   1    -0.15   0.03   0.30    -0.07  -0.03   0.64     0.28  -0.01  -0.40
    10   1    -0.17   0.17   0.58    -0.03   0.09   0.36     0.36  -0.12  -0.43
                     7                      8                      9
                     A                      A                      A
 Frequencies --   645.3609               652.3532               696.1577
 Red. masses --     2.0493                 4.7657                 1.5510
 Frc consts  --     0.5029                 1.1949                 0.4429
 IR Inten    --   198.9427                16.6945                20.7229
  Atom  AN      X      Y      Z        X      Y      Z        X      Y      Z
     1   6    -0.01   0.05   0.22     0.17   0.29  -0.07     0.00   0.00   0.12
     2   6    -0.01   0.03  -0.01    -0.08  -0.04   0.00     0.00   0.01   0.11
     3   6     0.04   0.01  -0.05     0.01  -0.07   0.01     0.00   0.01   0.07
     4  16    -0.01  -0.05  -0.02    -0.14  -0.12   0.01     0.00  -0.01  -0.01
     5   1    -0.04   0.00   0.19    -0.21  -0.14  -0.06    -0.01   0.01  -0.15
     6   1     0.03   0.04   0.51    -0.02   0.01  -0.15    -0.01   0.00  -0.96
     7   7     0.00   0.05  -0.08    -0.03   0.19   0.04     0.00   0.00  -0.12
     8   7     0.04  -0.01  -0.14     0.24  -0.02   0.03     0.01  -0.01  -0.03
     9   1    -0.13  -0.07   0.66     0.70  -0.21  -0.29    -0.02   0.00   0.03
    10   1    -0.24   0.08   0.33    -0.05  -0.16   0.03     0.00   0.04   0.06
                    10                     11                     12
                     A                      A                      A
 Frequencies --   753.6716               876.1328               890.9804
 Red. masses --     7.2208                 4.6972                 1.3164
 Frc consts  --     2.4166                 2.1243                 0.6157
 IR Inten    --    10.4351                 2.0737                 4.1391
  Atom  AN      X      Y      Z        X      Y      Z        X      Y      Z
     1   6     0.07  -0.04   0.00    -0.01  -0.07  -0.01     0.00   0.00   0.01
     2   6    -0.26   0.27   0.00    -0.16   0.21  -0.02     0.00  -0.01  -0.15
     3   6    -0.31   0.29   0.00     0.43   0.03   0.00    -0.01   0.00   0.06
     4  16     0.17  -0.12   0.00    -0.06   0.02   0.00     0.00   0.00   0.00
     5   1     0.03   0.50   0.00    -0.26   0.14   0.11     0.01  -0.01   0.93
     6   1    -0.30   0.21   0.08     0.61  -0.42  -0.03    -0.03   0.01  -0.31
     7   7    -0.17  -0.16   0.01    -0.17  -0.14   0.00     0.01   0.00   0.02
     8   7     0.19  -0.04   0.01     0.05  -0.02   0.02     0.00   0.00   0.00
     9   1     0.31  -0.08  -0.09     0.07  -0.01  -0.07     0.00   0.00   0.00
    10   1     0.16  -0.09  -0.04     0.13  -0.04  -0.10     0.00   0.00   0.00
                    13                     14                     15
                     A                      A                      A
 Frequencies --  1055.9672              1102.2803              1244.4798
 Red. masses --     2.0568                 1.2328                 1.8472
 Frc consts  --     1.3513                 0.8825                 1.6855
 IR Inten    --    48.4203                 4.4177                20.5288
  Atom  AN      X      Y      Z        X      Y      Z        X      Y      Z
     1   6    -0.04  -0.09  -0.01    -0.03  -0.03  -0.01    -0.06   0.05  -0.01
     2   6    -0.11   0.06   0.00     0.00  -0.05   0.00     0.13  -0.01   0.00
     3   6    -0.05  -0.04   0.00     0.06   0.03   0.00     0.01  -0.05   0.00
     4  16     0.00  -0.01   0.00     0.01   0.01   0.00     0.00  -0.01   0.00
     5   1    -0.23  -0.02   0.00    -0.36  -0.32   0.00     0.73   0.43   0.00
     6   1     0.11  -0.51   0.02    -0.20   0.76   0.00     0.00  -0.01   0.00
     7   7     0.11   0.18   0.00    -0.06   0.03   0.00    -0.18   0.06   0.00
     8   7     0.06  -0.08   0.01     0.05  -0.04   0.01     0.05  -0.07   0.01
     9   1    -0.42   0.18   0.09    -0.17   0.07   0.03    -0.22   0.08   0.05
    10   1     0.58   0.10  -0.14     0.30   0.04  -0.08     0.40   0.06  -0.08
                    16                     17                     18
                     A                      A                      A
 Frequencies --  1304.2703              1359.1478              1533.2473
 Red. masses --     2.7408                 2.2054                 5.1624
 Frc consts  --     2.7470                 2.4003                 7.1504
 IR Inten    --    53.6760                48.7878                77.3033
  Atom  AN      X      Y      Z        X      Y      Z        X      Y      Z
     1   6     0.20   0.18  -0.01     0.13   0.11   0.00     0.21  -0.07   0.00
     2   6    -0.18  -0.01   0.00     0.14  -0.05   0.00     0.20   0.38   0.00
     3   6     0.04  -0.07   0.00    -0.05   0.18   0.00    -0.10  -0.34   0.00
     4  16    -0.01   0.00   0.00     0.00  -0.01   0.00     0.00   0.00   0.00
     5   1     0.30   0.35   0.00    -0.39  -0.45   0.00    -0.59  -0.14   0.00
     6   1    -0.13   0.38   0.00     0.22  -0.52   0.00    -0.35   0.17  -0.01
     7   7     0.10  -0.09   0.00    -0.10  -0.05   0.00    -0.11   0.02   0.00
     8   7    -0.12  -0.07   0.01    -0.06  -0.06   0.00    -0.05   0.00   0.00
     9   1    -0.61   0.19   0.09    -0.40   0.12   0.06    -0.19   0.09  -0.04
    10   1     0.22   0.06  -0.09     0.19   0.04  -0.05    -0.24  -0.09  -0.01
                    19                     20                     21
                     A                      A                      A
 Frequencies --  1582.2621              1672.6988              3233.6614
 Red. masses --     4.5548                 1.2603                 1.0908
 Frc consts  --     6.7185                 2.0776                 6.7199
 IR Inten    --   129.0299               152.0153                 8.0355
  Atom  AN      X      Y      Z        X      Y      Z        X      Y      Z
     1   6     0.31  -0.30   0.01    -0.07   0.04   0.01     0.00   0.00   0.00
     2   6    -0.09  -0.14   0.00     0.01   0.00   0.00     0.05  -0.07   0.00
     3   6     0.04   0.11   0.00     0.00   0.00   0.00    -0.01   0.00   0.00
     4  16    -0.01   0.00   0.00     0.00   0.00   0.00     0.00   0.00   0.00
     5   1     0.36   0.19   0.00    -0.01  -0.01   0.00    -0.58   0.79   0.00
     6   1     0.08   0.07  -0.01     0.01  -0.01   0.00     0.19   0.07   0.00
     7   7    -0.14   0.23   0.00     0.02  -0.02   0.00     0.00   0.00   0.00
     8   7    -0.05   0.04   0.00     0.11  -0.01   0.02     0.00   0.00   0.00
     9   1    -0.20   0.14  -0.12    -0.51   0.41  -0.26     0.00   0.00   0.00
    10   1    -0.63  -0.22   0.03    -0.54  -0.41  -0.14     0.00   0.00   0.00
                    22                     23                     24
                     A                      A                      A
 Frequencies --  3281.3398              3552.0828              3659.6605
 Red. masses --     1.0981                 1.0477                 1.0996
 Frc consts  --     6.9665                 7.7884                 8.6768
 IR Inten    --     1.3088                37.5361                32.4948
  Atom  AN      X      Y      Z        X      Y      Z        X      Y      Z
     1   6     0.00   0.00   0.00     0.00   0.00   0.00     0.00   0.00   0.00
     2   6    -0.01   0.02   0.00     0.00   0.00   0.00     0.00   0.00   0.00
     3   6    -0.08  -0.03   0.00     0.00   0.00   0.00     0.00   0.00   0.00
     4  16     0.00   0.00   0.00     0.00   0.00   0.00     0.00   0.00   0.00
     5   1     0.11  -0.16   0.00     0.00   0.00   0.00     0.00   0.00   0.00
     6   1     0.91   0.34  -0.02     0.00   0.00   0.00     0.00   0.00   0.00
     7   7     0.00   0.00   0.00     0.00   0.00   0.00     0.00   0.00   0.00
     8   7     0.00   0.00   0.00    -0.05  -0.01  -0.03     0.00   0.08  -0.01
     9   1     0.00   0.00   0.00     0.37   0.65   0.13    -0.32  -0.54  -0.13
    10   1     0.00   0.00   0.00     0.26  -0.53   0.27     0.31  -0.61   0.33

 -------------------
 - Thermochemistry -
 -------------------
 Temperature   298.150 Kelvin.  Pressure   1.00000 Atm.
 Atom     1 has atomic number  6 and mass  12.00000
 Atom     2 has atomic number  6 and mass  12.00000
 Atom     3 has atomic number  6 and mass  12.00000
 Atom     4 has atomic number 16 and mass  31.97207
 Atom     5 has atomic number  1 and mass   1.00783
 Atom     6 has atomic number  1 and mass   1.00783
 Atom     7 has atomic number  7 and mass  14.00307
 Atom     8 has atomic number  7 and mass  14.00307
 Atom     9 has atomic number  1 and mass   1.00783
 Atom    10 has atomic number  1 and mass   1.00783
 Molecular mass:   100.00952 amu.
 Principal axes and moments of inertia in atomic units:
                           1         2         3
     Eigenvalues --   341.39202 534.35564 874.11474
           X            0.99944  -0.03246   0.00817
           Y            0.03247   0.99947  -0.00149
           Z           -0.00811   0.00175   0.99997
 This molecule is an asymmetric top.
 Rotational symmetry number  1.
 Rotational temperatures (Kelvin)      0.25371     0.16209     0.09909
 Rotational constants (GHZ):           5.28642     3.37742     2.06465
 Zero-point vibrational energy     189353.9 (Joules/Mol)
                                   45.25668 (Kcal/Mol)
 Warning -- explicit consideration of   6 degrees of freedom as
           vibrations may cause significant error
 Vibrational temperatures:    359.82   417.59   527.13   734.38   803.84
          (Kelvin)            843.01   928.53   938.59  1001.61  1084.36
                             1260.56  1281.92  1519.30  1585.93  1790.53
                             1876.55  1955.51  2206.00  2276.52  2406.64
                             4652.51  4721.11  5110.65  5265.43
 
 Zero-point correction=                           0.072121 (Hartree/Particle)
 Thermal correction to Energy=                    0.077475
 Thermal correction to Enthalpy=                  0.078419
 Thermal correction to Gibbs Free Energy=         0.043228
 Sum of electronic and zero-point Energies=           -624.346631
 Sum of electronic and thermal Energies=              -624.341277
 Sum of electronic and thermal Enthalpies=            -624.340333
 Sum of electronic and thermal Free Energies=         -624.375523
 
                     E (Thermal)             CV                S
                      KCal/Mol        Cal/Mol-Kelvin    Cal/Mol-Kelvin
 Total                   48.616             20.046             74.065
 Electronic               0.000              0.000              0.000
 Translational            0.889              2.981             39.718
 Rotational               0.889              2.981             26.569
 Vibrational             46.839             14.085              7.777
 Vibration     1          0.663              1.763              1.730
 Vibration     2          0.686              1.692              1.473
 Vibration     3          0.739              1.541              1.095
 Vibration     4          0.866              1.227              0.633
 Vibration     5          0.914              1.121              0.526
 Vibration     6          0.943              1.062              0.475
                       Q            Log10(Q)             Ln(Q)
 Total Bot       0.130712D-19        -19.883683        -45.783872
 Total V=0       0.194828D+14         13.289652         30.600555
 Vib (Bot)       0.232609D-32        -32.633373        -75.141118
 Vib (Bot)    1  0.780373D+00         -0.107698         -0.247984
 Vib (Bot)    2  0.658791D+00         -0.181252         -0.417349
 Vib (Bot)    3  0.498145D+00         -0.302644         -0.696863
 Vib (Bot)    4  0.319003D+00         -0.496205         -1.142554
 Vib (Bot)    5  0.278537D+00         -0.555117         -1.278203
 Vib (Bot)    6  0.258529D+00         -0.587491         -1.352748
 Vib (V=0)       0.346707D+01          0.539962          1.243309
 Vib (V=0)    1  0.142681D+01          0.154367          0.355443
 Vib (V=0)    2  0.132705D+01          0.122886          0.282956
 Vib (V=0)    3  0.120580D+01          0.081274          0.187140
 Vib (V=0)    4  0.109310D+01          0.038658          0.089014
 Vib (V=0)    5  0.107235D+01          0.030336          0.069851
 Vib (V=0)    6  0.106288D+01          0.026485          0.060985
 Electronic      0.100000D+01          0.000000          0.000000
 Translational   0.393113D+08          7.594517         17.487022
 Rotational      0.142946D+06          5.155173         11.870223
 ***** Axes restored to original set *****
 -------------------------------------------------------------------
 Center     Atomic                   Forces (Hartrees/Bohr)
 Number     Number              X              Y              Z
 -------------------------------------------------------------------
      1        6          -0.000065822    0.000002050    0.000020821
      2        6          -0.000006064    0.000015510    0.000004967
      3        6           0.000001771   -0.000022110    0.000015793
      4       16          -0.000004004    0.000016328   -0.000025153
      5        1          -0.000000462   -0.000006841   -0.000002457
      6        1           0.000001039   -0.000008933   -0.000000192
      7        7           0.000040977   -0.000016586   -0.000031174
      8        7          -0.000026856    0.000014194   -0.000022697
      9        1           0.000038489    0.000028969    0.000017996
     10        1           0.000020933   -0.000022580    0.000022093
 -------------------------------------------------------------------
 Cartesian Forces:  Max     0.000065822 RMS     0.000022589

 GradGradGradGradGradGradGradGradGradGradGradGradGradGradGradGradGradGrad
 Berny optimization.
 Internal  Forces:  Max     0.000044589 RMS     0.000015023
 Search for a local minimum.
 Step number   1 out of a maximum of    2
 All quantities printed in internal units (Hartrees-Bohrs-Radians)
 Second derivative matrix not updated -- analytic derivatives used.
 ITU=  0
     Eigenvalues ---    0.00462   0.01316   0.01738   0.02431   0.03170
     Eigenvalues ---    0.03928   0.04832   0.09330   0.11446   0.12865
     Eigenvalues ---    0.13701   0.16014   0.18579   0.22654   0.24819
     Eigenvalues ---    0.29022   0.36927   0.37809   0.41919   0.45185
     Eigenvalues ---    0.46449   0.46748   0.49819   0.58134
 Angle between quadratic step and forces=  56.83 degrees.
 Linear search not attempted -- first point.
 Iteration  1 RMS(Cart)=  0.00023584 RMS(Int)=  0.00000004
 Iteration  2 RMS(Cart)=  0.00000005 RMS(Int)=  0.00000001
 Variable       Old X    -DE/DX   Delta X   Delta X   Delta X     New X
                                 (Linear)    (Quad)   (Total)
    R1        3.34147  -0.00001   0.00000  -0.00007  -0.00007   3.34140
    R2        2.46315  -0.00003   0.00000  -0.00005  -0.00005   2.46309
    R3        2.60846   0.00003   0.00000   0.00009   0.00009   2.60855
    R4        2.57260   0.00002   0.00000   0.00004   0.00004   2.57264
    R5        2.04902   0.00000   0.00000  -0.00001  -0.00001   2.04901
    R6        2.60969   0.00002   0.00000   0.00005   0.00005   2.60974
    R7        3.30935  -0.00002   0.00000  -0.00006  -0.00006   3.30929
    R8        2.04306   0.00000   0.00000   0.00001   0.00001   2.04307
    R9        1.91668   0.00004   0.00000   0.00010   0.00010   1.91677
   R10        1.91293   0.00004   0.00000   0.00009   0.00009   1.91301
    A1        2.00505   0.00001   0.00000   0.00004   0.00004   2.00510
    A2        2.11449   0.00000   0.00000  -0.00001  -0.00001   2.11448
    A3        2.16138  -0.00001   0.00000  -0.00003  -0.00003   2.16134
    A4        2.17585   0.00000   0.00000  -0.00001  -0.00001   2.17585
    A5        2.03661   0.00000   0.00000  -0.00002  -0.00002   2.03659
    A6        2.07067   0.00000   0.00000   0.00002   0.00002   2.07070
    A7        1.91181  -0.00001   0.00000  -0.00001  -0.00001   1.91181
    A8        2.25622   0.00001   0.00000   0.00005   0.00005   2.25628
    A9        2.11513   0.00000   0.00000  -0.00005  -0.00005   2.11508
   A10        1.54083   0.00000   0.00000   0.00001   0.00001   1.54084
   A11        1.93037  -0.00001   0.00000  -0.00003  -0.00003   1.93034
   A12        1.97118   0.00003   0.00000   0.00012   0.00012   1.97131
   A13        2.04092   0.00000   0.00000  -0.00009  -0.00009   2.04083
   A14        1.97789  -0.00002   0.00000  -0.00020  -0.00020   1.97770
    D1       -0.00926  -0.00002   0.00000  -0.00041  -0.00041  -0.00968
    D2       -3.08132  -0.00001   0.00000  -0.00041  -0.00041  -3.08173
    D3        0.00379   0.00002   0.00000   0.00041   0.00041   0.00420
    D4        3.07373   0.00001   0.00000   0.00041   0.00041   3.07414
    D5       -2.93915   0.00000   0.00000   0.00040   0.00040  -2.93875
    D6       -0.59668   0.00000   0.00000   0.00013   0.00013  -0.59655
    D7        0.27840   0.00000   0.00000   0.00040   0.00040   0.27880
    D8        2.62087   0.00000   0.00000   0.00013   0.00013   2.62100
    D9        3.13949  -0.00001   0.00000  -0.00014  -0.00014   3.13935
   D10       -0.00892   0.00000   0.00000   0.00008   0.00008  -0.00884
   D11       -0.01299  -0.00001   0.00000  -0.00013  -0.00013  -0.01311
   D12        3.12179   0.00000   0.00000   0.00009   0.00009   3.12188
   D13        0.00619  -0.00001   0.00000  -0.00018  -0.00018   0.00601
   D14        3.13759  -0.00001   0.00000  -0.00017  -0.00017   3.13741
   D15        0.01183   0.00001   0.00000   0.00028   0.00028   0.01211
   D16       -3.12360   0.00001   0.00000   0.00009   0.00009  -3.12351
         Item               Value     Threshold  Converged?
 Maximum Force            0.000045     0.000450     YES
 RMS     Force            0.000015     0.000300     YES
 Maximum Displacement     0.000744     0.001800     YES
 RMS     Displacement     0.000236     0.001200     YES
 Predicted change in Energy=-3.024085D-08
 Optimization completed.
    -- Stationary point found.
                           ----------------------------
                           !   Optimized Parameters   !
                           ! (Angstroms and Degrees)  !
 --------------------------                            --------------------------
 ! Name  Definition              Value          Derivative Info.                !
 --------------------------------------------------------------------------------
 ! R1    R(1,4)                  1.7682         -DE/DX =    0.0                 !
 ! R2    R(1,7)                  1.3034         -DE/DX =    0.0                 !
 ! R3    R(1,8)                  1.3803         -DE/DX =    0.0                 !
 ! R4    R(2,3)                  1.3614         -DE/DX =    0.0                 !
 ! R5    R(2,5)                  1.0843         -DE/DX =    0.0                 !
 ! R6    R(2,7)                  1.381          -DE/DX =    0.0                 !
 ! R7    R(3,4)                  1.7512         -DE/DX =    0.0                 !
 ! R8    R(3,6)                  1.0811         -DE/DX =    0.0                 !
 ! R9    R(8,9)                  1.0143         -DE/DX =    0.0                 !
 ! R10   R(8,10)                 1.0123         -DE/DX =    0.0                 !
 ! A1    A(4,1,7)              114.8812         -DE/DX =    0.0                 !
 ! A2    A(4,1,8)              121.1515         -DE/DX =    0.0                 !
 ! A3    A(7,1,8)              123.8379         -DE/DX =    0.0                 !
 ! A4    A(3,2,5)              124.6672         -DE/DX =    0.0                 !
 ! A5    A(3,2,7)              116.6891         -DE/DX =    0.0                 !
 ! A6    A(5,2,7)              118.6409         -DE/DX =    0.0                 !
 ! A7    A(2,3,4)              109.5389         -DE/DX =    0.0                 !
 ! A8    A(2,3,6)              129.2721         -DE/DX =    0.0                 !
 ! A9    A(4,3,6)              121.1879         -DE/DX =    0.0                 !
 ! A10   A(1,4,3)               88.2832         -DE/DX =    0.0                 !
 ! A11   A(1,7,2)              110.602          -DE/DX =    0.0                 !
 ! A12   A(1,8,9)              112.9406         -DE/DX =    0.0                 !
 ! A13   A(1,8,10)             116.9361         -DE/DX =    0.0                 !
 ! A14   A(9,8,10)             113.325          -DE/DX =    0.0                 !
 ! D1    D(7,1,4,3)             -0.5306         -DE/DX =    0.0                 !
 ! D2    D(8,1,4,3)           -176.5465         -DE/DX =    0.0                 !
 ! D3    D(4,1,7,2)              0.2169         -DE/DX =    0.0                 !
 ! D4    D(8,1,7,2)            176.1117         -DE/DX =    0.0                 !
 ! D5    D(4,1,8,9)           -168.4011         -DE/DX =    0.0                 !
 ! D6    D(4,1,8,10)           -34.1875         -DE/DX =    0.0                 !
 ! D7    D(7,1,8,9)             15.9511         -DE/DX =    0.0                 !
 ! D8    D(7,1,8,10)           150.1647         -DE/DX =    0.0                 !
 ! D9    D(5,2,3,4)            179.8794         -DE/DX =    0.0                 !
 ! D10   D(5,2,3,6)             -0.5108         -DE/DX =    0.0                 !
 ! D11   D(7,2,3,4)             -0.7442         -DE/DX =    0.0                 !
 ! D12   D(7,2,3,6)            178.8656         -DE/DX =    0.0                 !
 ! D13   D(3,2,7,1)              0.3548         -DE/DX =    0.0                 !
 ! D14   D(5,2,7,1)            179.7704         -DE/DX =    0.0                 !
 ! D15   D(2,3,4,1)              0.6779         -DE/DX =    0.0                 !
 ! D16   D(6,3,4,1)           -178.969          -DE/DX =    0.0                 !
 --------------------------------------------------------------------------------
 GradGradGradGradGradGradGradGradGradGradGradGradGradGradGradGradGradGrad

 1\1\GINC-LOCALHOST\Freq\RB3LYP\6-31+G(d)\C3H4N2S1\PVBHARATAM\14-Mar-20
 01\0\\#N Geom=AllCheck Guess=TCheck SCRF=Check GenChk RB3LYP/6-31+G(d)
  Freq\\ATZ\\0,1\C,0.7798501866,0.2115275543,0.001837529\C,-1.211304920
 7,1.1645038169,0.0033857208\C,-1.6480486138,-0.1248877345,0.0086261909
 \S,-0.2729079736,-1.2091261481,-0.0067953206\H,-1.8580619551,2.0347776
 33,0.0086862747\H,-2.6601875664,-0.5045508482,0.0259246216\N,0.1563207
 834,1.3561536101,0.003808272\N,2.1520660701,0.0838880739,-0.076048979\
 H,2.6416477167,0.9490149977,0.12542087\H,2.5637622726,-0.7238569551,0.
 3742388206\\Version=EM64L-G09RevB.01\State=1-A\HF=-624.4187517\RMSD=1.
 983e-09\RMSF=2.259e-05\ZeroPoint=0.0721211\Thermal=0.0774749\Dipole=0.
 2954758,-0.4675271,0.3945742\DipoleDeriv=1.6597727,0.1198378,-0.066957
 ,-0.0797116,0.8728421,0.0328652,-0.0767166,0.0294352,0.0480467,0.50114
 92,0.0650222,-0.0064027,0.0666253,0.1619428,0.0006411,-0.0064802,-0.00
 27114,-0.0530652,-0.0921367,-0.2350492,-0.0037389,-0.204558,0.058313,-
 0.0042909,0.0005444,-0.0044673,-0.3162225,-0.1452003,-0.0097502,-0.001
 5146,-0.2948579,-0.3384537,0.0192771,0.0028074,-0.0004464,0.1202368,0.
 0246471,0.0385116,0.0003486,0.1050379,-0.0195027,-0.0007541,0.0005782,
 -0.0019356,0.1621907,-0.0137671,-0.0171238,0.0019309,0.0081083,0.07085
 32,0.0011892,0.0028697,0.0073663,0.2040671,-0.8964143,0.0071482,0.0146
 601,0.3890942,-0.8695475,-0.0252547,-0.0290763,-0.0009373,-0.2522221,-
 1.4727724,0.050634,0.098392,0.0679239,-0.2453258,-0.0662923,0.4300446,
 -0.0775152,-0.4609337,0.2073421,0.0328999,-0.0293114,0.0266341,0.15302
 02,-0.0173712,-0.1401849,-0.0365184,0.2899305,0.2273796,-0.0521304,-0.
 0074071,-0.0842962,0.1558584,0.0599907,-0.1843863,0.0877301,0.2579716\
 Polar=82.6824368,0.5074185,74.5051792,-0.3607654,-0.0402315,42.6681166
 \PG=C01 [X(C3H4N2S1)]\NImag=0\\0.74001805,-0.14689786,0.56530164,-0.00
 339869,-0.00646350,0.12824561,-0.06710087,0.07424585,-0.00083379,0.624
 89090,0.03659500,-0.00791633,-0.00161322,-0.06994924,0.81209105,0.0014
 9018,0.00013877,0.00311037,-0.00236651,0.00059542,0.13067846,-0.038127
 99,-0.03103165,-0.00111965,-0.11840881,-0.10304843,0.00136947,0.653915
 74,-0.00399117,-0.01059651,0.00254013,-0.08500456,-0.39954397,0.000739
 82,0.19033896,0.61662414,0.00036932,-0.00059334,0.01050920,0.00166948,
 0.00193706,-0.05384557,-0.00772001,-0.00331578,0.07285509,-0.07501464,
 -0.04427899,0.00178352,-0.01705871,0.03732765,-0.00073001,-0.11454710,
 0.07184550,0.00077172,0.23510854,-0.02113434,-0.08080706,-0.00136039,-
 0.00601894,-0.05992580,-0.00089288,0.04258724,-0.08398237,-0.00071186,
 -0.02529086,0.28934128,-0.00034149,-0.00054644,-0.04039895,-0.00022734
 ,0.00005096,0.00741004,0.00145265,-0.00157120,-0.02751279,-0.00179187,
 0.00204159,0.03471256,-0.00611390,-0.00106792,-0.00001513,-0.15092620,
 0.13455476,0.00085270,0.00936446,-0.00827673,0.00000202,0.00171411,-0.
 00314472,0.00007975,0.16748173,-0.00259037,0.00065786,-0.00005388,0.14
 074824,-0.25104425,-0.00115332,0.01665683,-0.01552718,-0.00016302,-0.0
 0017506,-0.00295288,0.00006138,-0.14882491,0.25838578,-0.00017660,-0.0
 0010664,0.00231773,0.00096503,-0.00124385,-0.03311712,-0.00007566,0.00
 022149,0.00493886,0.00027287,0.00011681,0.00691754,-0.00104447,0.00126
 096,0.02329833,-0.00150993,0.00226224,0.00026106,-0.00101450,0.0022650
 5,-0.00001822,-0.32544707,-0.10505201,0.00506964,-0.01010702,-0.005463
 41,0.00001592,0.00009639,-0.00050918,-0.00005715,0.33664834,0.00463333
 ,-0.00786387,-0.00023798,-0.02479948,0.00311106,0.00041344,-0.10366023
 ,-0.08931384,0.00204601,0.01775135,0.00665350,-0.00011974,0.00067625,0
 .00048004,-0.00003943,0.10873211,0.08786131,-0.00139354,0.00018677,-0.
 00107347,-0.00033101,-0.00037143,-0.00128993,0.00529416,0.00262840,-0.
 01800512,0.00042319,0.00008664,-0.00237297,-0.00004796,-0.00000592,-0.
 00370016,-0.00531485,-0.00207636,0.01653221,-0.18277610,0.13086884,0.0
 0197929,-0.26953139,-0.03375965,0.00035742,-0.05436314,-0.06655327,-0.
 00038825,-0.00031376,0.03102702,0.00016202,-0.02063110,-0.00500836,-0.
 00003293,0.00127657,-0.00392400,0.00033348,0.55716624,0.13063200,-0.35
 177542,0.00191794,-0.02472899,-0.09243193,-0.00005412,-0.01246835,-0.0
 1212097,0.00032103,-0.02970536,-0.07204997,-0.00016292,0.02433156,0.00
 943514,-0.00011333,-0.00132315,-0.00337870,-0.00022297,-0.11147417,0.5
 2838665,-0.00110092,0.00105951,-0.06309295,0.00147063,-0.00091468,-0.0
 5938368,-0.00068648,0.00017116,0.01162583,0.00039087,-0.00054146,0.017
 67364,0.00027867,0.00007577,-0.00150643,0.00014072,-0.00006423,0.00788
 201,-0.00256857,0.00131584,0.08407862,-0.33398618,0.01920340,0.0254263
 1,0.00048463,-0.00535776,-0.00211658,-0.01171403,0.00688415,-0.0000738
 4,-0.01625374,-0.01401397,0.00123739,-0.00068760,-0.00013781,0.0000021
 8,0.00004308,0.00028995,0.00079476,-0.03057540,0.02749947,0.00282739,0
 .66018931,0.00153687,-0.11651156,0.00775806,-0.00482671,-0.00452287,-0
 .00046034,0.00070870,-0.00527336,0.00089343,-0.02742501,0.00351866,0.0
 0000292,0.00182709,0.00060007,-0.00016509,-0.00106026,0.00241760,0.000
 09527,0.05694313,-0.00641057,-0.00199636,0.00786136,0.77404329,-0.0174
 6840,0.01225547,-0.03428059,-0.00128389,0.00315862,0.00577502,0.003510
 71,-0.00345697,-0.00065823,-0.00148275,0.00432887,0.00223476,-0.000126
 14,0.00000717,0.00080163,-0.00033317,0.00023991,0.00143282,-0.00084362
 ,-0.00618942,0.00344707,0.14097975,-0.09724787,0.14410376,-0.02373000,
 -0.03726151,-0.00831975,-0.00117599,0.00021843,0.00045963,-0.00024828,
 -0.00098612,-0.00006849,-0.00321374,0.00236445,-0.00014174,0.00019613,
 0.00004438,0.00004111,-0.00013909,0.00060202,0.00002449,0.00534201,-0.
 00081044,0.00064285,-0.14517087,-0.14566833,-0.04653005,0.15735709,-0.
 00143629,0.00780803,0.00002542,0.00020596,0.00017836,0.00089952,0.0012
 8894,-0.00076291,0.00002427,0.00095455,0.00110791,-0.00018441,0.000056
 44,-0.00000515,-0.00004493,0.00013444,-0.00005391,-0.00008785,0.001484
 78,-0.00072906,-0.00069149,-0.15297910,-0.34294441,-0.05430723,0.16568
 041,0.35268219,0.01103766,0.00265785,-0.00036485,-0.00020353,-0.000165
 24,-0.00191724,-0.00035851,0.00073175,0.00084576,0.00054251,-0.0011815
 1,0.00009896,-0.00006402,-0.00000753,-0.00007838,0.00006971,-0.0000266
 7,0.00114318,-0.00083884,0.00172166,-0.00108918,-0.07003964,-0.0836515
 7,-0.02994971,0.04823556,0.06421932,0.03010023,-0.01165845,0.03395760,
 -0.01576318,-0.00015905,0.00115419,0.00070194,-0.00042377,0.00079525,0
 .00036840,-0.00031393,-0.00091248,-0.00044529,-0.00049403,-0.00020376,
 0.00010562,0.00015323,-0.00030130,0.00021729,-0.00559391,-0.00195255,-
 0.00139514,-0.12232921,0.11010315,-0.07642244,0.01078274,-0.01539013,0
 .01161911,0.13003639,0.00265283,0.00170321,-0.00251258,0.00012786,0.00
 000468,-0.00022632,-0.00137202,0.00049697,-0.00043779,-0.00100376,-0.0
 0090327,0.00042786,-0.00013182,-0.00002942,0.00011402,0.00001418,0.000
 08682,-0.00023256,0.00039569,0.00107483,0.00158595,0.11075030,-0.30491
 683,0.14121143,0.01581671,-0.01728104,0.01570195,-0.12724997,0.3197640
 5,0.01098249,-0.00858845,-0.00497209,0.00114093,-0.00143365,0.00257966
 ,-0.00166668,0.00131118,-0.00075302,-0.00018004,-0.00188580,0.00123720
 ,0.00008458,-0.00002160,0.00012801,0.00016636,-0.00013495,-0.00054857,
 0.00184001,0.00146629,0.00036506,-0.09903772,0.17477156,-0.09290652,0.
 00565638,-0.00985264,0.00121123,0.08101368,-0.15563196,0.09365905\\0.0
 0006582,-0.00000205,-0.00002082,0.00000606,-0.00001551,-0.00000497,-0.
 00000177,0.00002211,-0.00001579,0.00000400,-0.00001633,0.00002515,0.00
 000046,0.00000684,0.00000246,-0.00000104,0.00000893,0.00000019,-0.0000
 4098,0.00001659,0.00003117,0.00002686,-0.00001419,0.00002270,-0.000038
 49,-0.00002897,-0.00001800,-0.00002093,0.00002258,-0.00002209\\\@


 GARLIC THEN HAVE POWER TO SAVE FROM DEATH
 BEAR WITH IT THOUGH IT MAKETH UNSAVORY BREATH,
 AND SCORN NOT GARLIC LIKE SOME THAT THINK
 IT ONLY MAKETH MEN WINK AND DRINK AND STINK.
   --  SIR JOHN HARRINGTON,
       "THE ENGLISHMAN'S DOCTOR", 1609
 Job cpu time:  0 days  0 hours  6 minutes 44.5 seconds.
 File lengths (MBytes):  RWF=     24 Int=      0 D2E=      0 Chk=      2 Scr=      1
 Normal termination of Gaussian 09 at Wed Mar 14 05:46:24 2001.
